Archive member included to satisfy reference by file (symbol)

app/libapp.a(main.c.obj)      (--whole-archive)
app/libapp.a(display.c.obj)   (--whole-archive)
app/libapp.a(imu.c.obj)       (--whole-archive)
app/libapp.a(bluetooth.c.obj)
                              (--whole-archive)
zephyr/libzephyr.a(cbprintf_packaged.c.obj)
                              (--whole-archive)
zephyr/libzephyr.a(dec.c.obj)
                              (--whole-archive)
zephyr/libzephyr.a(hex.c.obj)
                              (--whole-archive)
zephyr/libzephyr.a(printk.c.obj)
                              (--whole-archive)
zephyr/libzephyr.a(rb.c.obj)  (--whole-archive)
zephyr/libzephyr.a(sem.c.obj)
                              (--whole-archive)
zephyr/libzephyr.a(thread_entry.c.obj)
                              (--whole-archive)
zephyr/libzephyr.a(timeutil.c.obj)
                              (--whole-archive)
zephyr/libzephyr.a(heap.c.obj)
                              (--whole-archive)
zephyr/libzephyr.a(heap-validate.c.obj)
                              (--whole-archive)
zephyr/libzephyr.a(bitarray.c.obj)
                              (--whole-archive)
zephyr/libzephyr.a(multi_heap.c.obj)
                              (--whole-archive)
zephyr/libzephyr.a(onoff.c.obj)
                              (--whole-archive)
zephyr/libzephyr.a(notify.c.obj)
                              (--whole-archive)
zephyr/libzephyr.a(cbprintf_complete.c.obj)
                              (--whole-archive)
zephyr/libzephyr.a(assert.c.obj)
                              (--whole-archive)
zephyr/libzephyr.a(reboot.c.obj)
                              (--whole-archive)
zephyr/libzephyr.a(configs.c.obj)
                              (--whole-archive)
zephyr/libzephyr.a(mem_attr.c.obj)
                              (--whole-archive)
zephyr/libzephyr.a(tracing_none.c.obj)
                              (--whole-archive)
zephyr/libzephyr.a(addr_utils.c.obj)
                              (--whole-archive)
zephyr/arch/common/libarch__common.a(sw_isr_common.c.obj)
                              (--whole-archive)
zephyr/arch/arch/arm/core/libarch__arm__core.a(fatal.c.obj)
                              (--whole-archive)
zephyr/arch/arch/arm/core/libarch__arm__core.a(nmi.c.obj)
                              (--whole-archive)
zephyr/arch/arch/arm/core/libarch__arm__core.a(nmi_on_reset.S.obj)
                              (--whole-archive)
zephyr/arch/arch/arm/core/libarch__arm__core.a(tls.c.obj)
                              (--whole-archive)
zephyr/arch/arch/arm/core/cortex_m/libarch__arm__core__cortex_m.a(exc_exit.S.obj)
                              (--whole-archive)
zephyr/arch/arch/arm/core/cortex_m/libarch__arm__core__cortex_m.a(fault.c.obj)
                              (--whole-archive)
zephyr/arch/arch/arm/core/cortex_m/libarch__arm__core__cortex_m.a(fault_s.S.obj)
                              (--whole-archive)
zephyr/arch/arch/arm/core/cortex_m/libarch__arm__core__cortex_m.a(fpu.c.obj)
                              (--whole-archive)
zephyr/arch/arch/arm/core/cortex_m/libarch__arm__core__cortex_m.a(reset.S.obj)
                              (--whole-archive)
zephyr/arch/arch/arm/core/cortex_m/libarch__arm__core__cortex_m.a(scb.c.obj)
                              (--whole-archive)
zephyr/arch/arch/arm/core/cortex_m/libarch__arm__core__cortex_m.a(thread_abort.c.obj)
                              (--whole-archive)
zephyr/arch/arch/arm/core/cortex_m/libarch__arm__core__cortex_m.a(vector_table.S.obj)
                              (--whole-archive)
zephyr/arch/arch/arm/core/cortex_m/libarch__arm__core__cortex_m.a(swap.c.obj)
                              (--whole-archive)
zephyr/arch/arch/arm/core/cortex_m/libarch__arm__core__cortex_m.a(swap_helper.S.obj)
                              (--whole-archive)
zephyr/arch/arch/arm/core/cortex_m/libarch__arm__core__cortex_m.a(irq_manage.c.obj)
                              (--whole-archive)
zephyr/arch/arch/arm/core/cortex_m/libarch__arm__core__cortex_m.a(prep_c.c.obj)
                              (--whole-archive)
zephyr/arch/arch/arm/core/cortex_m/libarch__arm__core__cortex_m.a(thread.c.obj)
                              (--whole-archive)
zephyr/arch/arch/arm/core/cortex_m/libarch__arm__core__cortex_m.a(cpu_idle.S.obj)
                              (--whole-archive)
zephyr/arch/arch/arm/core/cortex_m/libarch__arm__core__cortex_m.a(irq_init.c.obj)
                              (--whole-archive)
zephyr/arch/arch/arm/core/cortex_m/libarch__arm__core__cortex_m.a(isr_wrapper.S.obj)
                              (--whole-archive)
zephyr/arch/arch/arm/core/cortex_m/libarch__arm__core__cortex_m.a(__aeabi_read_tp.S.obj)
                              (--whole-archive)
zephyr/arch/arch/arm/core/mpu/libarch__arm__core__mpu.a(arm_core_mpu.c.obj)
                              (--whole-archive)
zephyr/arch/arch/arm/core/mpu/libarch__arm__core__mpu.a(arm_mpu.c.obj)
                              (--whole-archive)
[...]
Memory Configuration

Name             Origin             Length             Attributes
FLASH            0x0000000000000000 0x0000000000030000 xr
RAM              0x0000000020000000 0x0000000000006000 xw
IDT_LIST         0x00000000ffff7fff 0x0000000000008000 xw
*default*        0x0000000000000000 0xffffffffffffffff

Linker script and memory map

                0x000000000000ef18                vfprintf = __l_vfprintf
                0x0000000000000000                vfscanf = __l_vfscanf
LOAD zephyr/CMakeFiles/zephyr_final.dir/misc/empty_file.c.obj
LOAD zephyr/CMakeFiles/zephyr_final.dir/isr_tables.c.obj
LOAD zephyr/CMakeFiles/offsets.dir/./arch/arm/core/offsets/offsets.c.obj
LOAD app/libapp.a
LOAD zephyr/libzephyr.a
LOAD zephyr/arch/common/libarch__common.a
LOAD zephyr/arch/arch/arm/core/libarch__arm__core.a
LOAD zephyr/arch/arch/arm/core/cortex_m/libarch__arm__core__cortex_m.a
LOAD zephyr/arch/arch/arm/core/mpu/libarch__arm__core__mpu.a
LOAD zephyr/lib/libc/picolibc/liblib__libc__picolibc.a
LOAD zephyr/lib/libc/common/liblib__libc__common.a
LOAD zephyr/soc/soc/arm/nordic_nrf/libsoc__arm__nordic_nrf.a
LOAD zephyr/subsys/random/libsubsys__random.a
LOAD zephyr/subsys/bluetooth/common/libsubsys__bluetooth__common.a
LOAD zephyr/subsys/bluetooth/host/libsubsys__bluetooth__host.a
LOAD zephyr/subsys/net/libsubsys__net.a
LOAD zephyr/drivers/clock_control/libdrivers__clock_control.a
LOAD zephyr/drivers/counter/libdrivers__counter.a
LOAD zephyr/drivers/entropy/libdrivers__entropy.a
LOAD zephyr/drivers/gpio/libdrivers__gpio.a
LOAD zephyr/drivers/i2c/libdrivers__i2c.a
LOAD zephyr/drivers/pinctrl/libdrivers__pinctrl.a
LOAD zephyr/drivers/timer/libdrivers__timer.a
LOAD modules/nrf/lib/multithreading_lock/lib..__nrf__lib__multithreading_lock.a
LOAD modules/nrf/lib/fatal_error/lib..__nrf__lib__fatal_error.a
LOAD modules/nrf/subsys/bluetooth/controller/lib..__nrf__subsys__bluetooth__controller.a
LOAD modules/nrf/subsys/mpsl/init/lib..__nrf__subsys__mpsl__init.a
LOAD modules/nrf/subsys/mpsl/fem/lib..__nrf__subsys__mpsl__fem.a
LOAD modules/nrf/drivers/mpsl/clock_control/lib..__nrf__drivers__mpsl__clock_control.a
LOAD modules/hal_nordic/nrfx/libmodules__hal_nordic__nrfx.a
LOAD zephyr/kernel/libkernel.a
LOAD c:/ncs/toolchains/2d382dcd92/opt/zephyr-sdk/arm-zephyr-eabi/bin/../lib/gcc/arm-zephyr-eabi/12.2.0/thumb/v7e-m/nofp\libgcc.a
LOAD zephyr/arch/common/libisr_tables.a
LOAD C:/ncs/v2.6.1/nrfxlib/softdevice_controller/lib/cortex-m4/soft-float/libsoftdevice_controller_peripheral.a
LOAD C:/ncs/v2.6.1/nrfxlib/mpsl/fem/common/lib/cortex-m4/soft-float/libmpsl_fem_common.a
LOAD C:/ncs/v2.6.1/nrfxlib/mpsl/fem/nrf21540_gpio/lib/cortex-m4/soft-float/libmpsl_fem_nrf21540_gpio.a
LOAD C:/ncs/v2.6.1/nrfxlib/mpsl/fem/nrf21540_gpio_spi/lib/cortex-m4/soft-float/libmpsl_fem_nrf21540_gpio_spi.a
LOAD C:/ncs/v2.6.1/nrfxlib/mpsl/fem/simple_gpio/lib/cortex-m4/soft-float/libmpsl_fem_simple_gpio.a
LOAD C:/ncs/v2.6.1/nrfxlib/mpsl/lib/cortex-m4/soft-float/libmpsl.a
LOAD c:\ncs\toolchains\2d382dcd92\opt\zephyr-sdk\arm-zephyr-eabi\bin\../lib/gcc/../../picolibc/arm-zephyr-eabi/lib/thumb/v7e-m/nofp\libc.a
LOAD c:/ncs/toolchains/2d382dcd92/opt/zephyr-sdk/arm-zephyr-eabi/bin/../lib/gcc/arm-zephyr-eabi/12.2.0/thumb/v7e-m/nofp\libgcc.a
                0x0000000000000020                _region_min_align = 0x20

.rel.plt        0x0000000000000000        0x0
 *(SORT_BY_ALIGNMENT(.rel.plt))
                [!provide]                        PROVIDE (__rel_iplt_start = .)
 *(SORT_BY_ALIGNMENT(.rel.iplt))
 .rel.iplt      0x0000000000000000        0x0 zephyr/CMakeFiles/zephyr_final.dir/isr_tables.c.obj
                [!provide]                        PROVIDE (__rel_iplt_end = .)

.rela.plt       0x0000000000000000        0x0
 *(SORT_BY_ALIGNMENT(.rela.plt))
                [!provide]                        PROVIDE (__rela_iplt_start = .)
 *(SORT_BY_ALIGNMENT(.rela.iplt))
                [!provide]                        PROVIDE (__rela_iplt_end = .)

.rel.dyn
 *(SORT_BY_ALIGNMENT(.rel.*))

.rela.dyn
 *(SORT_BY_ALIGNMENT(.rela.*))

/DISCARD/
 *(SORT_BY_ALIGNMENT(.plt))

/DISCARD/
 *(SORT_BY_ALIGNMENT(.iplt))
                0x0000000000000000                __rom_region_start = 0x0

rom_start       0x0000000000000000       0xb8
                0x0000000000000000                __rom_start_address = .
 FILL mask 0x00
                0x0000000000000000                . = (. + (0x0 - (. - __rom_start_address)))
                0x0000000000000000                . = ALIGN (0x4)
                0x0000000000000000                . = ALIGN (0x80)
                0x0000000000000000                . = ALIGN (0x100)
                0x0000000000000000                _vector_start = .
 *(SORT_BY_ALIGNMENT(.exc_vector_table))
 *(SORT_BY_ALIGNMENT(.exc_vector_table.*))
 .exc_vector_table._vector_table_section
                0x0000000000000000       0x40 zephyr/arch/arch/arm/core/cortex_m/libarch__arm__core__cortex_m.a(vector_table.S.obj)
                0x0000000000000000                _vector_table
 *(SORT_BY_ALIGNMENT(.vectors))
                0x00000000000000b8                _vector_end = .
                0x0000000000000040                . = ALIGN (0x4)
 *(SORT_BY_ALIGNMENT(.gnu.linkonce.irq_vector_table*))
 .gnu.linkonce.irq_vector_table
                0x0000000000000040       0x78 zephyr/CMakeFiles/zephyr_final.dir/isr_tables.c.obj
                0x0000000000000040                _irq_vector_table
                0x00000000000000b8                _vector_end = .

text            0x00000000000000b8    0x10f1c
                0x00000000000000b8                __text_region_start = .
 *(SORT_BY_ALIGNMENT(.text))
 .text          0x00000000000000b8       0x30 c:/ncs/toolchains/2d382dcd92/opt/zephyr-sdk/arm-zephyr-eabi/bin/../lib/gcc/arm-zephyr-eabi/12.2.0/thumb/v7e-m/nofp\libgcc.a(_aeabi_uldivmod.o)
                0x00000000000000b8                __aeabi_uldivmod
 .text          0x00000000000000e8        0x4 c:/ncs/toolchains/2d382dcd92/opt/zephyr-sdk/arm-zephyr-eabi/bin/../lib/gcc/arm-zephyr-eabi/12.2.0/thumb/v7e-m/nofp\libgcc.a(_dvmd_tls.o)
                0x00000000000000e8                __aeabi_idiv0
                0x00000000000000e8                __aeabi_ldiv0
 .text          0x00000000000000ec       0xb8 C:/ncs/v2.6.1/nrfxlib/softdevice_controller/lib/cortex-m4/soft-float/libsoftdevice_controller_peripheral.a(libsoftdevice_controller_s112_debug_soft__obfuscated.elf)
 .text          0x00000000000001a4       0x78 C:/ncs/v2.6.1/nrfxlib/softdevice_controller/lib/cortex-m4/soft-float/libsoftdevice_controller_peripheral.a(libsoftdevice_controller_s112_debug_soft__obfuscated.elf)
                0x00000000000001a4                sym_476LRB5XNUARAHCHHC7ZAIGPFC5VZ4W2N4467LI
 .text          0x000000000000021c       0x48 C:/ncs/v2.6.1/nrfxlib/softdevice_controller/lib/cortex-m4/soft-float/libsoftdevice_controller_peripheral.a(libsoftdevice_controller_s112_debug_soft__obfuscated.elf)
 .text          0x0000000000000264       0x7c C:/ncs/v2.6.1/nrfxlib/softdevice_controller/lib/cortex-m4/soft-float/libsoftdevice_controller_peripheral.a(libsoftdevice_controller_s112_debug_soft__obfuscated.elf)
                0x0000000000000264                sdc_init
 .text          0x00000000000002e0       0x8c C:/ncs/v2.6.1/nrfxlib/softdevice_controller/lib/cortex-m4/soft-float/libsoftdevice_controller_peripheral.a(libsoftdevice_controller_s112_debug_soft__obfuscated.elf)
                0x00000000000002e0                sdc_cfg_set
 .text          0x000000000000036c       0x58 C:/ncs/v2.6.1/nrfxlib/softdevice_controller/lib/cortex-m4/soft-float/libsoftdevice_controller_peripheral.a(libsoftdevice_controller_s112_debug_soft__obfuscated.elf)
                0x000000000000036c                sdc_enable
 .text          0x00000000000003c4       0x28 C:/ncs/v2.6.1/nrfxlib/softdevice_controller/lib/cortex-m4/soft-float/libsoftdevice_controller_peripheral.a(libsoftdevice_controller_s112_debug_soft__obfuscated.elf)
                0x00000000000003c4                sdc_disable
 .text          0x00000000000003ec       0x24 C:/ncs/v2.6.1/nrfxlib/softdevice_controller/lib/cortex-m4/soft-float/libsoftdevice_controller_peripheral.a(libsoftdevice_controller_s112_debug_soft__obfuscated.elf)
                0x00000000000003ec                sdc_build_revision_get
 .text          0x0000000000000410       0x24 C:/ncs/v2.6.1/nrfxlib/softdevice_controller/lib/cortex-m4/soft-float/libsoftdevice_controller_peripheral.a(libsoftdevice_controller_s112_debug_soft__obfuscated.elf)
                0x0000000000000410                sdc_support_adv
 .text          0x0000000000000434       0x10 C:/ncs/v2.6.1/nrfxlib/softdevice_controller/lib/cortex-m4/soft-float/libsoftdevice_controller_peripheral.a(libsoftdevice_controller_s112_debug_soft__obfuscated.elf)
                0x0000000000000434                sdc_rand_source_register
 .text          0x0000000000000444        0xc C:/ncs/v2.6.1/nrfxlib/softdevice_controller/lib/cortex-m4/soft-float/libsoftdevice_controller_peripheral.a(libsoftdevice_controller_s112_debug_soft__obfuscated.elf)
                0x0000000000000444                sym_CVMXQJYKHZVHIOMGOYEICPLVAIQNUBL6USVNZSA
 .text          0x0000000000000450       0x10 C:/ncs/v2.6.1/nrfxlib/softdevice_controller/lib/cortex-m4/soft-float/libsoftdevice_controller_peripheral.a(libsoftdevice_controller_s112_debug_soft__obfuscated.elf)
                0x0000000000000450                sym_EZ7BAEZZMYJFIJAONX254JF3WPGEXUT4NMP2WJQ
 .text          0x0000000000000460       0xac C:/ncs/v2.6.1/nrfxlib/softdevice_controller/lib/cortex-m4/soft-float/libsoftdevice_controller_peripheral.a(libsoftdevice_controller_s112_debug_soft__obfuscated.elf)
                0x0000000000000460                sym_MS2INTHZLDZMKZ5TZUDLWHPLKH3FLVZPA26JG6A
 .text          0x000000000000050c       0x28 C:/ncs/v2.6.1/nrfxlib/softdevice_controller/lib/cortex-m4/soft-float/libsoftdevice_controller_peripheral.a(libsoftdevice_controller_s112_debug_soft__obfuscated.elf)
                0x000000000000050c                sym_TG7NSIC2UKHCUBZWZ4K4EMD5QRI2QVSKVKV6CFQ
 .text          0x0000000000000534       0x3c C:/ncs/v2.6.1/nrfxlib/softdevice_controller/lib/cortex-m4/soft-float/libsoftdevice_controller_peripheral.a(libsoftdevice_controller_s112_debug_soft__obfuscated.elf)
                0x0000000000000534                sym_Z7NJGBYWCKFTEHRYWAIDKWPEUN45273QSWUA5CY
 .text          0x0000000000000570       0x24 C:/ncs/v2.6.1/nrfxlib/softdevice_controller/lib/cortex-m4/soft-float/libsoftdevice_controller_peripheral.a(libsoftdevice_controller_s112_debug_soft__obfuscated.elf)
                0x0000000000000570                sym_TU2SMBIUC7JL6C3K2XB6727DQLBLV5LEGIMZAFQ
 .text          0x0000000000000594       0x10 C:/ncs/v2.6.1/nrfxlib/softdevice_controller/lib/cortex-m4/soft-float/libsoftdevice_controller_peripheral.a(libsoftdevice_controller_s112_debug_soft__obfuscated.elf)
                0x0000000000000594                sym_PPT6FEOF2T6DRALMCRRTUI7CHLEPBAN25HYV3KQ
 .text          0x00000000000005a4       0x20 C:/ncs/v2.6.1/nrfxlib/softdevice_controller/lib/cortex-m4/soft-float/libsoftdevice_controller_peripheral.a(libsoftdevice_controller_s112_debug_soft__obfuscated.elf)
                0x00000000000005a4                sym_CEENVC5DZRUT7MGF5LABXKT4NV7YUL5F6EX6TEQ
 .text          0x00000000000005c4        0xc C:/ncs/v2.6.1/nrfxlib/softdevice_controller/lib/cortex-m4/soft-float/libsoftdevice_controller_peripheral.a(libsoftdevice_controller_s112_debug_soft__obfuscated.elf)
                0x00000000000005c4                sym_G3KVRHCJDVHL7HV53526V3YI3DTK2IW2CADUWZQ
 .text          0x00000000000005d0       0x1c C:/ncs/v2.6.1/nrfxlib/softdevice_controller/lib/cortex-m4/soft-float/libsoftdevice_controller_peripheral.a(libsoftdevice_controller_s112_debug_soft__obfuscated.elf)
                0x00000000000005d0                sdc_hci_cmd_cb_reset
 .text          0x00000000000005ec       0x48 C:/ncs/v2.6.1/nrfxlib/softdevice_controller/lib/cortex-m4/soft-float/libsoftdevice_controller_peripheral.a(libsoftdevice_controller_s112_debug_soft__obfuscated.elf)
 .text          0x0000000000000634       0x4c C:/ncs/v2.6.1/nrfxlib/softdevice_controller/lib/cortex-m4/soft-float/libsoftdevice_controller_peripheral.a(libsoftdevice_controller_s112_debug_soft__obfuscated.elf)
 .text          0x0000000000000680       0x48 C:/ncs/v2.6.1/nrfxlib/softdevice_controller/lib/cortex-m4/soft-float/libsoftdevice_controller_peripheral.a(libsoftdevice_controller_s112_debug_soft__obfuscated.elf)
                0x0000000000000680                sym_HJGZHHO77JF3TGWELSVWDOZTFCPAWAJURCFG3IY
 .text          0x00000000000006c8       0xa0 C:/ncs/v2.6.1/nrfxlib/softdevice_controller/lib/cortex-m4/soft-float/libsoftdevice_controller_peripheral.a(libsoftdevice_controller_s112_debug_soft__obfuscated.elf)
                0x00000000000006c8                sym_XU5SZFZBMUUCUDZEEMM4IFIEXSHIDIGLJZ253XA
 .text          0x0000000000000768       0xe4 C:/ncs/v2.6.1/nrfxlib/softdevice_controller/lib/cortex-m4/soft-float/libsoftdevice_controller_peripheral.a(libsoftdevice_controller_s112_debug_soft__obfuscated.elf)
                0x0000000000000768                sym_I7WU5FBNT4HUSKMI6IPMGZ2XXS2SREVHL7WVA5Q
 .text          0x000000000000084c       0x80 C:/ncs/v2.6.1/nrfxlib/softdevice_controller/lib/cortex-m4/soft-float/libsoftdevice_controller_peripheral.a(libsoftdevice_controller_s112_debug_soft__obfuscated.elf)
                0x000000000000084c                sym_EQ53CEL7EDVHMFMHMFPRRQU46C5YKKFEBAACFOA
 .text          0x00000000000008cc       0x70 C:/ncs/v2.6.1/nrfxlib/softdevice_controller/lib/cortex-m4/soft-float/libsoftdevice_controller_peripheral.a(libsoftdevice_controller_s112_debug_soft__obfuscated.elf)
                0x00000000000008cc                sym_DMJHGENWVWA7ILXIIOOHU6SYMMXUDCUFUUBACLQ
 .text          0x000000000000093c       0x80 C:/ncs/v2.6.1/nrfxlib/softdevice_controller/lib/cortex-m4/soft-float/libsoftdevice_controller_peripheral.a(libsoftdevice_controller_s112_debug_soft__obfuscated.elf)
                0x000000000000093c                sym_7JFC7IFAJQVPYCQHAIUKZ626ISM3VUWBEEXY7WI
 .text          0x00000000000009bc       0x2c C:/ncs/v2.6.1/nrfxlib/softdevice_controller/lib/cortex-m4/soft-float/libsoftdevice_controller_peripheral.a(libsoftdevice_controller_s112_debug_soft__obfuscated.elf)
                0x00000000000009bc                sym_5X75WALYYBUWN4XT5LYOZBIGSZHVNFKF5J4CSQI
 .text          0x00000000000009e8       0x44 C:/ncs/v2.6.1/nrfxlib/softdevice_controller/lib/cortex-m4/soft-float/libsoftdevice_controller_peripheral.a(libsoftdevice_controller_s112_debug_soft__obfuscated.elf)
                0x00000000000009e8                sym_4AWF7EXI3MMHUULTY73E756U3IY5DEXOZ265MZY
 .text          0x0000000000000a2c       0x40 C:/ncs/v2.6.1/nrfxlib/softdevice_controller/lib/cortex-m4/soft-float/libsoftdevice_controller_peripheral.a(libsoftdevice_controller_s112_debug_soft__obfuscated.elf)
                0x0000000000000a2c                sym_6I4XEOIW7LI2E3Z53L54ZHQQHYICXR4H4JQWXLA
 .text          0x0000000000000a6c       0x30 C:/ncs/v2.6.1/nrfxlib/softdevice_controller/lib/cortex-m4/soft-float/libsoftdevice_controller_peripheral.a(libsoftdevice_controller_s112_debug_soft__obfuscated.elf)
                0x0000000000000a6c                sym_6DYG6C6ROXZA67GZINNB2XIQHL3KE2RCKK4QFXA
 .text          0x0000000000000a9c       0x84 C:/ncs/v2.6.1/nrfxlib/softdevice_controller/lib/cortex-m4/soft-float/libsoftdevice_controller_peripheral.a(libsoftdevice_controller_s112_debug_soft__obfuscated.elf)
                0x0000000000000a9c                sym_24NU2MJKHN4R2Z7HXHMPDWTTDYSB32VL6HEQPZA
 .text          0x0000000000000b20       0x28 C:/ncs/v2.6.1/nrfxlib/softdevice_controller/lib/cortex-m4/soft-float/libsoftdevice_controller_peripheral.a(libsoftdevice_controller_s112_debug_soft__obfuscated.elf)
                0x0000000000000b20                sym_3QFBRH4ZSIA64QP2I3K547Y5WIALGQTCBP5Y5SQ
 .text          0x0000000000000b48       0x80 C:/ncs/v2.6.1/nrfxlib/softdevice_controller/lib/cortex-m4/soft-float/libsoftdevice_controller_peripheral.a(libsoftdevice_controller_s112_debug_soft__obfuscated.elf)
                0x0000000000000b48                sym_YL4RMM7WH2QQSRTLJX7L5Q2F5KYIEZ5IWMCN3UQ
 .text          0x0000000000000bc8       0x58 C:/ncs/v2.6.1/nrfxlib/softdevice_controller/lib/cortex-m4/soft-float/libsoftdevice_controller_peripheral.a(libsoftdevice_controller_s112_debug_soft__obfuscated.elf)
                0x0000000000000bc8                sym_47U6MZ7GC5PU2CVEGYFSZO6JE3OMJD4DVLRAUZQ
 .text          0x0000000000000c20       0xd8 C:/ncs/v2.6.1/nrfxlib/softdevice_controller/lib/cortex-m4/soft-float/libsoftdevice_controller_peripheral.a(libsoftdevice_controller_s112_debug_soft__obfuscated.elf)
                0x0000000000000c20                sym_YBUOIVJGKD57C5J4XCQFOKF4I5XT74ICLDOCNXA
 .text          0x0000000000000cf8       0x5c C:/ncs/v2.6.1/nrfxlib/softdevice_controller/lib/cortex-m4/soft-float/libsoftdevice_controller_peripheral.a(libsoftdevice_controller_s112_debug_soft__obfuscated.elf)
                0x0000000000000cf8                sym_E5WZNPP2DINHF6K4PHXLYLX5AXTYBQYGQESRSGQ
 .text          0x0000000000000d54        0xc C:/ncs/v2.6.1/nrfxlib/softdevice_controller/lib/cortex-m4/soft-float/libsoftdevice_controller_peripheral.a(libsoftdevice_controller_s112_debug_soft__obfuscated.elf)
                0x0000000000000d54                sym_UAPFH34IEHUX3FGU7LNPEIJNCLAPRJP46TMN4NY
 .text          0x0000000000000d60       0x24 C:/ncs/v2.6.1/nrfxlib/softdevice_controller/lib/cortex-m4/soft-float/libsoftdevice_controller_peripheral.a(libsoftdevice_controller_s112_debug_soft__obfuscated.elf)
 .text          0x0000000000000d84       0x68 C:/ncs/v2.6.1/nrfxlib/softdevice_controller/lib/cortex-m4/soft-float/libsoftdevice_controller_peripheral.a(libsoftdevice_controller_s112_debug_soft__obfuscated.elf)
 .text          0x0000000000000dec       0x44 C:/ncs/v2.6.1/nrfxlib/softdevice_controller/lib/cortex-m4/soft-float/libsoftdevice_controller_peripheral.a(libsoftdevice_controller_s112_debug_soft__obfuscated.elf)
 .text          0x0000000000000e30       0xac C:/ncs/v2.6.1/nrfxlib/softdevice_controller/lib/cortex-m4/soft-float/libsoftdevice_controller_peripheral.a(libsoftdevice_controller_s112_debug_soft__obfuscated.elf)
 .text          0x0000000000000edc      0x19c C:/ncs/v2.6.1/nrfxlib/softdevice_controller/lib/cortex-m4/soft-float/libsoftdevice_controller_peripheral.a(libsoftdevice_controller_s112_debug_soft__obfuscated.elf)
 .text          0x0000000000001078       0x48 C:/ncs/v2.6.1/nrfxlib/softdevice_controller/lib/cortex-m4/soft-float/libsoftdevice_controller_peripheral.a(libsoftdevice_controller_s112_debug_soft__obfuscated.elf)
 .text          0x00000000000010c0       0x10 C:/ncs/v2.6.1/nrfxlib/softdevice_controller/lib/cortex-m4/soft-float/libsoftdevice_controller_peripheral.a(libsoftdevice_controller_s112_debug_soft__obfuscated.elf)
 .text          0x00000000000010d0       0x54 C:/ncs/v2.6.1/nrfxlib/softdevice_controller/lib/cortex-m4/soft-float/libsoftdevice_controller_peripheral.a(libsoftdevice_controller_s112_debug_soft__obfuscated.elf)
 .text          0x0000000000001124       0x28 C:/ncs/v2.6.1/nrfxlib/softdevice_controller/lib/cortex-m4/soft-float/libsoftdevice_controller_peripheral.a(libsoftdevice_controller_s112_debug_soft__obfuscated.elf)
 .text          0x000000000000114c      0x120 C:/ncs/v2.6.1/nrfxlib/softdevice_controller/lib/cortex-m4/soft-float/libsoftdevice_controller_peripheral.a(libsoftdevice_controller_s112_debug_soft__obfuscated.elf)
 .text          0x000000000000126c       0xd8 C:/ncs/v2.6.1/nrfxlib/softdevice_controller/lib/cortex-m4/soft-float/libsoftdevice_controller_peripheral.a(libsoftdevice_controller_s112_debug_soft__obfuscated.elf)
 .text          0x0000000000001344       0x34 C:/ncs/v2.6.1/nrfxlib/softdevice_controller/lib/cortex-m4/soft-float/libsoftdevice_controller_peripheral.a(libsoftdevice_controller_s112_debug_soft__obfuscated.elf)
 .text          0x0000000000001378       0x2c C:/ncs/v2.6.1/nrfxlib/softdevice_controller/lib/cortex-m4/soft-float/libsoftdevice_controller_peripheral.a(libsoftdevice_controller_s112_debug_soft__obfuscated.elf)
                0x0000000000001378                sym_4WIY2RAFLOZNOS4O5BEVWEYHIO3NV42IZ2Q2NWQ
 .text          0x00000000000013a4       0x2c C:/ncs/v2.6.1/nrfxlib/softdevice_controller/lib/cortex-m4/soft-float/libsoftdevice_controller_peripheral.a(libsoftdevice_controller_s112_debug_soft__obfuscated.elf)
                0x00000000000013a4                sym_KC3JIKE7HTERE3Q3BXMRUIDPAENUZKVBIDO6ODY
 .text          0x00000000000013d0       0x10 C:/ncs/v2.6.1/nrfxlib/softdevice_controller/lib/cortex-m4/soft-float/libsoftdevice_controller_peripheral.a(libsoftdevice_controller_s112_debug_soft__obfuscated.elf)
                0x00000000000013d0                sym_BPVIPCP3IMFHHNRASYWRUQPTOXIXQGWP3DTKXWI
 .text          0x00000000000013e0       0xb4 C:/ncs/v2.6.1/nrfxlib/softdevice_controller/lib/cortex-m4/soft-float/libsoftdevice_controller_peripheral.a(libsoftdevice_controller_s112_debug_soft__obfuscated.elf)
                0x00000000000013e0                sym_JIJASGQH4XEEPZL7D35VQHVPKKLANGDBS2M46NQ
 .text          0x0000000000001494      0x1a8 C:/ncs/v2.6.1/nrfxlib/softdevice_controller/lib/cortex-m4/soft-float/libsoftdevice_controller_peripheral.a(libsoftdevice_controller_s112_debug_soft__obfuscated.elf)
                0x0000000000001494                sym_KBJ4SX4MJK4IAM4DI3ILSISVXIP6O72O62TW3OQ
 .text          0x000000000000163c       0x24 C:/ncs/v2.6.1/nrfxlib/softdevice_controller/lib/cortex-m4/soft-float/libsoftdevice_controller_peripheral.a(libsoftdevice_controller_s112_debug_soft__obfuscated.elf)
 .text          0x0000000000001660       0x10 C:/ncs/v2.6.1/nrfxlib/softdevice_controller/lib/cortex-m4/soft-float/libsoftdevice_controller_peripheral.a(libsoftdevice_controller_s112_debug_soft__obfuscated.elf)
                0x0000000000001660                sym_PY5KUATPBYOYJBMP6H7AVRPSEO7BZX2JK524O6A
 .text          0x0000000000001670       0x18 C:/ncs/v2.6.1/nrfxlib/softdevice_controller/lib/cortex-m4/soft-float/libsoftdevice_controller_peripheral.a(libsoftdevice_controller_s112_debug_soft__obfuscated.elf)
                0x0000000000001670                sym_ID5SI2L6AD3KMSDR72YSJZGVIA6DEYQZU7WJI3I
 .text          0x0000000000001688       0x3c C:/ncs/v2.6.1/nrfxlib/softdevice_controller/lib/cortex-m4/soft-float/libsoftdevice_controller_peripheral.a(libsoftdevice_controller_s112_debug_soft__obfuscated.elf)
                0x0000000000001688                sym_RPDYS5TXULS3Z2BQR7IFNSOINXPPN4LN764SRIY
 .text          0x00000000000016c4        0x4 C:/ncs/v2.6.1/nrfxlib/softdevice_controller/lib/cortex-m4/soft-float/libsoftdevice_controller_peripheral.a(libsoftdevice_controller_s112_debug_soft__obfuscated.elf)
 .text          0x00000000000016c8        0x8 C:/ncs/v2.6.1/nrfxlib/softdevice_controller/lib/cortex-m4/soft-float/libsoftdevice_controller_peripheral.a(libsoftdevice_controller_s112_debug_soft__obfuscated.elf)
 .text          0x00000000000016d0        0x4 C:/ncs/v2.6.1/nrfxlib/softdevice_controller/lib/cortex-m4/soft-float/libsoftdevice_controller_peripheral.a(libsoftdevice_controller_s112_debug_soft__obfuscated.elf)
 .text          0x00000000000016d4       0x18 C:/ncs/v2.6.1/nrfxlib/softdevice_controller/lib/cortex-m4/soft-float/libsoftdevice_controller_peripheral.a(libsoftdevice_controller_s112_debug_soft__obfuscated.elf)
 .text          0x00000000000016ec       0x40 C:/ncs/v2.6.1/nrfxlib/softdevice_controller/lib/cortex-m4/soft-float/libsoftdevice_controller_peripheral.a(libsoftdevice_controller_s112_debug_soft__obfuscated.elf)
                0x00000000000016ec                sym_6FVWF5AWPR7EN7BPHS4APSIUXYFZQTTZCMRDKPY
 .text          0x000000000000172c       0x60 C:/ncs/v2.6.1/nrfxlib/softdevice_controller/lib/cortex-m4/soft-float/libsoftdevice_controller_peripheral.a(libsoftdevice_controller_s112_debug_soft__obfuscated.elf)
                0x000000000000172c                sym_CWVFJQ3UTS5MGUYKHB563UDBBB3FBCXUIVZDU2I
 .text          0x000000000000178c      0x144 C:/ncs/v2.6.1/nrfxlib/softdevice_controller/lib/cortex-m4/soft-float/libsoftdevice_controller_peripheral.a(libsoftdevice_controller_s112_debug_soft__obfuscated.elf)
                0x000000000000178c                sym_U3OFHSWAAHECAZEDHWSQTU63SOSYAQR6QI45AFY
 .text          0x00000000000018d0       0x8c C:/ncs/v2.6.1/nrfxlib/softdevice_controller/lib/cortex-m4/soft-float/libsoftdevice_controller_peripheral.a(libsoftdevice_controller_s112_debug_soft__obfuscated.elf)
                0x00000000000018d0                sym_3LXCSEW4O4NZFGMXLMWXSJJVGEQV4VDRFCVRV4Q
 .text          0x000000000000195c       0x1c C:/ncs/v2.6.1/nrfxlib/softdevice_controller/lib/cortex-m4/soft-float/libsoftdevice_controller_peripheral.a(libsoftdevice_controller_s112_debug_soft__obfuscated.elf)
                0x000000000000195c                sym_4O3EP57XWWWRY57PVJMDKXNE25ZWFBDV6LLBFQQ
 .text          0x0000000000001978        0xc C:/ncs/v2.6.1/nrfxlib/softdevice_controller/lib/cortex-m4/soft-float/libsoftdevice_controller_peripheral.a(libsoftdevice_controller_s112_debug_soft__obfuscated.elf)
                0x0000000000001978                sym_O6J3MUC4KJEDMNJLCC5Z3G5LTC5IHVL4PW7F6QI
 .text          0x0000000000001984        0xc C:/ncs/v2.6.1/nrfxlib/softdevice_controller/lib/cortex-m4/soft-float/libsoftdevice_controller_peripheral.a(libsoftdevice_controller_s112_debug_soft__obfuscated.elf)
                0x0000000000001984                sym_YZMCMF2VDK5EZ5GH5K4G77V4XY7KHBJNPGELPVQ
 .text          0x0000000000001990       0x60 C:/ncs/v2.6.1/nrfxlib/softdevice_controller/lib/cortex-m4/soft-float/libsoftdevice_controller_peripheral.a(libsoftdevice_controller_s112_debug_soft__obfuscated.elf)
                0x0000000000001990                sym_HRCF6LWSDWPWEZA7S5YQFCNRDXXCJA6WGOZECRY
 .text          0x00000000000019f0       0x34 C:/ncs/v2.6.1/nrfxlib/softdevice_controller/lib/cortex-m4/soft-float/libsoftdevice_controller_peripheral.a(libsoftdevice_controller_s112_debug_soft__obfuscated.elf)
 .text          0x0000000000001a24       0x4c C:/ncs/v2.6.1/nrfxlib/softdevice_controller/lib/cortex-m4/soft-float/libsoftdevice_controller_peripheral.a(libsoftdevice_controller_s112_debug_soft__obfuscated.elf)
                0x0000000000001a24                sym_RGKYP5TXYS27EGT6ZHZS5EDDAZK5QGTWLBOBJEA
 .text          0x0000000000001a70       0x18 C:/ncs/v2.6.1/nrfxlib/softdevice_controller/lib/cortex-m4/soft-float/libsoftdevice_controller_peripheral.a(libsoftdevice_controller_s112_debug_soft__obfuscated.elf)
                0x0000000000001a70                sym_5EMU3BEOS6JCQEXTZ5M5LP72YGJNCV3W3R43AOI
 .text          0x0000000000001a88       0xdc C:/ncs/v2.6.1/nrfxlib/softdevice_controller/lib/cortex-m4/soft-float/libsoftdevice_controller_peripheral.a(libsoftdevice_controller_s112_debug_soft__obfuscated.elf)
                0x0000000000001a88                sym_DVO2EX3JGPIV6FVT5SJBVRKA5UGS2QSHNQOVQ2A
 .text          0x0000000000001b64      0x100 C:/ncs/v2.6.1/nrfxlib/softdevice_controller/lib/cortex-m4/soft-float/libsoftdevice_controller_peripheral.a(libsoftdevice_controller_s112_debug_soft__obfuscated.elf)
 .text          0x0000000000001c64       0x14 C:/ncs/v2.6.1/nrfxlib/softdevice_controller/lib/cortex-m4/soft-float/libsoftdevice_controller_peripheral.a(libsoftdevice_controller_s112_debug_soft__obfuscated.elf)
                0x0000000000001c64                sym_Y5RIWFUVP4FHJFYC7FBZKM2MV7INK43TLWQ5URA
 .text          0x0000000000001c78      0x190 C:/ncs/v2.6.1/nrfxlib/softdevice_controller/lib/cortex-m4/soft-float/libsoftdevice_controller_peripheral.a(libsoftdevice_controller_s112_debug_soft__obfuscated.elf)
                0x0000000000001c78                sym_A32XXMQ5QRPQRH3R656RZXETZB6Y54SG45FSCYI
 .text          0x0000000000001e08       0xc8 C:/ncs/v2.6.1/nrfxlib/softdevice_controller/lib/cortex-m4/soft-float/libsoftdevice_controller_peripheral.a(libsoftdevice_controller_s112_debug_soft__obfuscated.elf)
                0x0000000000001e08                sym_CC522QK4M5MTSPVPJNGJXKYD5O54FC2LFC3D3QI
 .text          0x0000000000001ed0       0x2c C:/ncs/v2.6.1/nrfxlib/softdevice_controller/lib/cortex-m4/soft-float/libsoftdevice_controller_peripheral.a(libsoftdevice_controller_s112_debug_soft__obfuscated.elf)
                0x0000000000001ed0                sym_XQWU4MX22DPQIRRYTXBNWTH2DBYK7MH33FME7FI
 .text          0x0000000000001efc       0x10 C:/ncs/v2.6.1/nrfxlib/softdevice_controller/lib/cortex-m4/soft-float/libsoftdevice_controller_peripheral.a(libsoftdevice_controller_s112_debug_soft__obfuscated.elf)
                0x0000000000001efc                sym_DVVOECRRYK6EAGDREB2UKKQZT5MAOOUK66XNPTA
 .text          0x0000000000001f0c       0x18 C:/ncs/v2.6.1/nrfxlib/softdevice_controller/lib/cortex-m4/soft-float/libsoftdevice_controller_peripheral.a(libsoftdevice_controller_s112_debug_soft__obfuscated.elf)
 .text          0x0000000000001f24       0x28 C:/ncs/v2.6.1/nrfxlib/softdevice_controller/lib/cortex-m4/soft-float/libsoftdevice_controller_peripheral.a(libsoftdevice_controller_s112_debug_soft__obfuscated.elf)
                0x0000000000001f24                sym_EANB2LFFCPDZUHTPF7SNNYVWVGG3AE7JVOONSTY
 .text          0x0000000000001f4c        0xc C:/ncs/v2.6.1/nrfxlib/softdevice_controller/lib/cortex-m4/soft-float/libsoftdevice_controller_peripheral.a(libsoftdevice_controller_s112_debug_soft__obfuscated.elf)
                0x0000000000001f4c                sym_PRWTRTI5GPQHIT26MFBSSOCWTUYYRLQLJWD2ZOI
 .text          0x0000000000001f58       0x24 C:/ncs/v2.6.1/nrfxlib/softdevice_controller/lib/cortex-m4/soft-float/libsoftdevice_controller_peripheral.a(libsoftdevice_controller_s112_debug_soft__obfuscated.elf)
                0x0000000000001f58                sym_G4TIIR7KO3GHFF45HCHTIL3RIPRK2LVDQADUYJQ
 .text          0x0000000000001f7c        0xc C:/ncs/v2.6.1/nrfxlib/softdevice_controller/lib/cortex-m4/soft-float/libsoftdevice_controller_peripheral.a(libsoftdevice_controller_s112_debug_soft__obfuscated.elf)
                0x0000000000001f7c                sym_HG37ZAHWDO2P65KBJXRLV5PVSG5TCUWPMKZOZLQ
 .text          0x0000000000001f88       0x24 C:/ncs/v2.6.1/nrfxlib/softdevice_controller/lib/cortex-m4/soft-float/libsoftdevice_controller_peripheral.a(libsoftdevice_controller_s112_debug_soft__obfuscated.elf)
                0x0000000000001f88                sym_4W26TPGCKOCVVRKXQDBKGXGC2Y5LMZXNKS2QITA
 .text          0x0000000000001fac        0xc C:/ncs/v2.6.1/nrfxlib/softdevice_controller/lib/cortex-m4/soft-float/libsoftdevice_controller_peripheral.a(libsoftdevice_controller_s112_debug_soft__obfuscated.elf)
                0x0000000000001fac                sym_PBZPB3PSJJYSQQW7TH2XDGNLD2UYSZR6YJ4ZZNQ
 .text          0x0000000000001fb8       0x14 C:/ncs/v2.6.1/nrfxlib/softdevice_controller/lib/cortex-m4/soft-float/libsoftdevice_controller_peripheral.a(libsoftdevice_controller_s112_debug_soft__obfuscated.elf)
                0x0000000000001fb8                sym_HA7EOSELAQYVMG5UXMJGQLLFEIRQPB7MNOSYOXQ
 .text          0x0000000000001fcc       0x30 C:/ncs/v2.6.1/nrfxlib/softdevice_controller/lib/cortex-m4/soft-float/libsoftdevice_controller_peripheral.a(libsoftdevice_controller_s112_debug_soft__obfuscated.elf)
                0x0000000000001fcc                sym_MJMICEV3AHUJUDNI6JLXYNXCJNL4PTPUQLXISYA
 .text          0x0000000000001ffc       0x1c C:/ncs/v2.6.1/nrfxlib/softdevice_controller/lib/cortex-m4/soft-float/libsoftdevice_controller_peripheral.a(libsoftdevice_controller_s112_debug_soft__obfuscated.elf)
                0x0000000000001ffc                sym_REO6MG4FRJTNQQ56RDJDYGEWFEO5TFVYGRW6OLI
 .text          0x0000000000002018       0x30 C:/ncs/v2.6.1/nrfxlib/softdevice_controller/lib/cortex-m4/soft-float/libsoftdevice_controller_peripheral.a(libsoftdevice_controller_s112_debug_soft__obfuscated.elf)
                0x0000000000002018                sym_QKSVBALUN2V4XT4OCC56LE75IAYLDFRRIVLBZ2Q
 .text          0x0000000000002048       0x30 C:/ncs/v2.6.1/nrfxlib/softdevice_controller/lib/cortex-m4/soft-float/libsoftdevice_controller_peripheral.a(libsoftdevice_controller_s112_debug_soft__obfuscated.elf)
                0x0000000000002048                sym_WCOWXKSKBH7DOKKKINFZAPWXKW4NYAUCJWTUKBI
 .text          0x0000000000002078       0x1c C:/ncs/v2.6.1/nrfxlib/softdevice_controller/lib/cortex-m4/soft-float/libsoftdevice_controller_peripheral.a(libsoftdevice_controller_s112_debug_soft__obfuscated.elf)
                0x0000000000002078                sym_AO3U45UEGFLUPMT565ZR5UWUQUONF5AKILLCT3A
 .text          0x0000000000002094       0x70 C:/ncs/v2.6.1/nrfxlib/softdevice_controller/lib/cortex-m4/soft-float/libsoftdevice_controller_peripheral.a(libsoftdevice_controller_s112_debug_soft__obfuscated.elf)
 .text          0x0000000000002104       0x2c C:/ncs/v2.6.1/nrfxlib/softdevice_controller/lib/cortex-m4/soft-float/libsoftdevice_controller_peripheral.a(libsoftdevice_controller_s112_debug_soft__obfuscated.elf)
 .text          0x0000000000002130       0x9c C:/ncs/v2.6.1/nrfxlib/softdevice_controller/lib/cortex-m4/soft-float/libsoftdevice_controller_peripheral.a(libsoftdevice_controller_s112_debug_soft__obfuscated.elf)
 .text          0x00000000000021cc       0xd0 C:/ncs/v2.6.1/nrfxlib/softdevice_controller/lib/cortex-m4/soft-float/libsoftdevice_controller_peripheral.a(libsoftdevice_controller_s112_debug_soft__obfuscated.elf)
 .text          0x000000000000229c       0x18 C:/ncs/v2.6.1/nrfxlib/softdevice_controller/lib/cortex-m4/soft-float/libsoftdevice_controller_peripheral.a(libsoftdevice_controller_s112_debug_soft__obfuscated.elf)
                0x000000000000229c                sym_BEUFSWAQKCWS5CDGVZRIC3BRKSTHGOKRJJDB32I
 .text          0x00000000000022b4       0x18 C:/ncs/v2.6.1/nrfxlib/softdevice_controller/lib/cortex-m4/soft-float/libsoftdevice_controller_peripheral.a(libsoftdevice_controller_s112_debug_soft__obfuscated.elf)
                0x00000000000022b4                sym_BAUTABQSJLBAZ6GNH7KOF4MJMAA6NF7CDAZNOEQ
 .text          0x00000000000022cc       0x24 C:/ncs/v2.6.1/nrfxlib/softdevice_controller/lib/cortex-m4/soft-float/libsoftdevice_controller_peripheral.a(libsoftdevice_controller_s112_debug_soft__obfuscated.elf)
                0x00000000000022cc                sym_62DUXM4M5AM4URNPP7IKDX3NCPAODBT4BMADGAY
 .text          0x00000000000022f0        0xc C:/ncs/v2.6.1/nrfxlib/softdevice_controller/lib/cortex-m4/soft-float/libsoftdevice_controller_peripheral.a(libsoftdevice_controller_s112_debug_soft__obfuscated.elf)
                0x00000000000022f0                sym_JQOBED6Y6P46KNYF2UD53QPDVNRPPOKMQL6EEBY
 .text          0x00000000000022fc        0xc C:/ncs/v2.6.1/nrfxlib/softdevice_controller/lib/cortex-m4/soft-float/libsoftdevice_controller_peripheral.a(libsoftdevice_controller_s112_debug_soft__obfuscated.elf)
                0x00000000000022fc                sym_RHRHCWPUPZHCOID576WBS7QZ2KAUT2GASS2T3QY
 .text          0x0000000000002308       0x3c C:/ncs/v2.6.1/nrfxlib/softdevice_controller/lib/cortex-m4/soft-float/libsoftdevice_controller_peripheral.a(libsoftdevice_controller_s112_debug_soft__obfuscated.elf)
                0x0000000000002308                sym_YAOI5BW7G2C6EUUY2B4S7A3CWX63A6MP2T3O5KA
 .text          0x0000000000002344       0x24 C:/ncs/v2.6.1/nrfxlib/softdevice_controller/lib/cortex-m4/soft-float/libsoftdevice_controller_peripheral.a(libsoftdevice_controller_s112_debug_soft__obfuscated.elf)
                0x0000000000002344                sym_2X6ZBBHQKFJV27I6OQZLD4IRAL5JANEGA5N34WA
 .text          0x0000000000002368       0xc8 C:/ncs/v2.6.1/nrfxlib/softdevice_controller/lib/cortex-m4/soft-float/libsoftdevice_controller_peripheral.a(libsoftdevice_controller_s112_debug_soft__obfuscated.elf)
                0x0000000000002368                sym_ZBPJ22BXDBC3S7A4QI6WOFWFQMYIGT2P4GNU3XA
 .text          0x0000000000002430       0x24 C:/ncs/v2.6.1/nrfxlib/softdevice_controller/lib/cortex-m4/soft-float/libsoftdevice_controller_peripheral.a(libsoftdevice_controller_s112_debug_soft__obfuscated.elf)
                0x0000000000002430                sym_DHR6XELGSD2MHYS7JWGEPSKXD43VLKKJDN33HMA
 .text          0x0000000000002454       0x20 C:/ncs/v2.6.1/nrfxlib/softdevice_controller/lib/cortex-m4/soft-float/libsoftdevice_controller_peripheral.a(libsoftdevice_controller_s112_debug_soft__obfuscated.elf)
                0x0000000000002454                sym_QEQGMTIGG3AOZQY7JM4T2FY2O3KM2UFUMT6Q7PI
 .text          0x0000000000002474       0x54 C:/ncs/v2.6.1/nrfxlib/softdevice_controller/lib/cortex-m4/soft-float/libsoftdevice_controller_peripheral.a(libsoftdevice_controller_s112_debug_soft__obfuscated.elf)
 .text          0x00000000000024c8       0xc8 C:/ncs/v2.6.1/nrfxlib/softdevice_controller/lib/cortex-m4/soft-float/libsoftdevice_controller_peripheral.a(libsoftdevice_controller_s112_debug_soft__obfuscated.elf)
                0x00000000000024c8                sym_4NT3PFFI5Z6RN57T2HW54HJZ23JEQUTUQPJLJGI
 .text          0x0000000000002590       0x24 C:/ncs/v2.6.1/nrfxlib/softdevice_controller/lib/cortex-m4/soft-float/libsoftdevice_controller_peripheral.a(libsoftdevice_controller_s112_debug_soft__obfuscated.elf)
                0x0000000000002590                sym_MYZDSWHZMVTUGPWK7CFFVMNCPRPZBKC3UH2GTLQ
 .text          0x00000000000025b4       0x10 C:/ncs/v2.6.1/nrfxlib/softdevice_controller/lib/cortex-m4/soft-float/libsoftdevice_controller_peripheral.a(libsoftdevice_controller_s112_debug_soft__obfuscated.elf)
                0x00000000000025b4                sym_JANNQMW3JZGYLNSOPAA2HBYBA6JBSX4W7VBR56Q
 .text          0x00000000000025c4       0x20 C:/ncs/v2.6.1/nrfxlib/softdevice_controller/lib/cortex-m4/soft-float/libsoftdevice_controller_peripheral.a(libsoftdevice_controller_s112_debug_soft__obfuscated.elf)
                0x00000000000025c4                sym_MAOKHHVPGVT23KVRN33B7KPEJU6F55EB66KOGDQ
 .text          0x00000000000025e4       0x20 C:/ncs/v2.6.1/nrfxlib/softdevice_controller/lib/cortex-m4/soft-float/libsoftdevice_controller_peripheral.a(libsoftdevice_controller_s112_debug_soft__obfuscated.elf)
                0x00000000000025e4                sym_S635TH4ZNECIWRKFWYBUXBZ3GFP7WORE4PRXDPQ
 .text          0x0000000000002604       0x28 C:/ncs/v2.6.1/nrfxlib/softdevice_controller/lib/cortex-m4/soft-float/libsoftdevice_controller_peripheral.a(libsoftdevice_controller_s112_debug_soft__obfuscated.elf)
                0x0000000000002604                sym_TP55RLOURTPNDYOY752QBNWCGKAGCOF4JK2H3IA
 .text          0x000000000000262c       0x2c C:/ncs/v2.6.1/nrfxlib/softdevice_controller/lib/cortex-m4/soft-float/libsoftdevice_controller_peripheral.a(libsoftdevice_controller_s112_debug_soft__obfuscated.elf)
 .text          0x0000000000002658       0x44 C:/ncs/v2.6.1/nrfxlib/softdevice_controller/lib/cortex-m4/soft-float/libsoftdevice_controller_peripheral.a(libsoftdevice_controller_s112_debug_soft__obfuscated.elf)
 .text          0x000000000000269c       0x10 C:/ncs/v2.6.1/nrfxlib/softdevice_controller/lib/cortex-m4/soft-float/libsoftdevice_controller_peripheral.a(libsoftdevice_controller_s112_debug_soft__obfuscated.elf)
                0x000000000000269c                sym_VKBDHCW5KWYFAEZJJBKQNHH4JDURIHHEJCK4SOA
 .text          0x00000000000026ac      0x154 C:/ncs/v2.6.1/nrfxlib/softdevice_controller/lib/cortex-m4/soft-float/libsoftdevice_controller_peripheral.a(libsoftdevice_controller_s112_debug_soft__obfuscated.elf)
                0x00000000000026ac                sym_XOOTGCSEAKA3PUKZW3QYB4DCVC2FKUP2TS5AZ5Q
 .text          0x0000000000002800       0x30 C:/ncs/v2.6.1/nrfxlib/softdevice_controller/lib/cortex-m4/soft-float/libsoftdevice_controller_peripheral.a(libsoftdevice_controller_s112_debug_soft__obfuscated.elf)
                0x0000000000002800                sym_K5GMJMBHBYPRCUIWKNEXGPSNQEZKEMBAP4JWHBQ
 .text          0x0000000000002830       0x30 C:/ncs/v2.6.1/nrfxlib/softdevice_controller/lib/cortex-m4/soft-float/libsoftdevice_controller_peripheral.a(libsoftdevice_controller_s112_debug_soft__obfuscated.elf)
                0x0000000000002830                sym_7LZ5OF5UTH4WGXV6IKS6GUUHKYRIWQTTIJXNBEY
 .text          0x0000000000002860       0x30 C:/ncs/v2.6.1/nrfxlib/softdevice_controller/lib/cortex-m4/soft-float/libsoftdevice_controller_peripheral.a(libsoftdevice_controller_s112_debug_soft__obfuscated.elf)
                0x0000000000002860                sym_77ICNIHY2R2L3JRP4ZLMOWZSS3UZRKJXJOBWTWI
 .text          0x0000000000002890       0x88 C:/ncs/v2.6.1/nrfxlib/softdevice_controller/lib/cortex-m4/soft-float/libsoftdevice_controller_peripheral.a(libsoftdevice_controller_s112_debug_soft__obfuscated.elf)
 .text          0x0000000000002918       0x24 C:/ncs/v2.6.1/nrfxlib/softdevice_controller/lib/cortex-m4/soft-float/libsoftdevice_controller_peripheral.a(libsoftdevice_controller_s112_debug_soft__obfuscated.elf)
                0x0000000000002918                sym_ECAFXV3NMZ2THIWY27PTYY6WSGFWQJNAJOG5HIY
 .text          0x000000000000293c        0xc C:/ncs/v2.6.1/nrfxlib/softdevice_controller/lib/cortex-m4/soft-float/libsoftdevice_controller_peripheral.a(libsoftdevice_controller_s112_debug_soft__obfuscated.elf)
                0x000000000000293c                sym_FKU5SDIGNJ3CUR3VYEELCK5CK3EK42NLF7KQXSQ
 .text          0x0000000000002948        0xc C:/ncs/v2.6.1/nrfxlib/softdevice_controller/lib/cortex-m4/soft-float/libsoftdevice_controller_peripheral.a(libsoftdevice_controller_s112_debug_soft__obfuscated.elf)
                0x0000000000002948                sym_MD2ACKWOI3UMWSI6IONGH6VN62ROA3VVQP7HYBQ
 .text          0x0000000000002954       0x60 C:/ncs/v2.6.1/nrfxlib/softdevice_controller/lib/cortex-m4/soft-float/libsoftdevice_controller_peripheral.a(libsoftdevice_controller_s112_debug_soft__obfuscated.elf)
                0x0000000000002954                sym_VT36OYILRYR2ODZV34U7WHVGGSRS7VN6JG7WPYI
 .text          0x00000000000029b4       0x48 C:/ncs/v2.6.1/nrfxlib/softdevice_controller/lib/cortex-m4/soft-float/libsoftdevice_controller_peripheral.a(libsoftdevice_controller_s112_debug_soft__obfuscated.elf)
                0x00000000000029b4                sym_3BV6HS2RZST6R6C5ZWOISO6OTZHTSW3BAFXBSVQ
 .text          0x00000000000029fc       0x58 C:/ncs/v2.6.1/nrfxlib/softdevice_controller/lib/cortex-m4/soft-float/libsoftdevice_controller_peripheral.a(libsoftdevice_controller_s112_debug_soft__obfuscated.elf)
                0x00000000000029fc                sym_TLMTJNRYMIPTFJ2BLGCEHSZKVDBLFBSNMQEHHZI
 .text          0x0000000000002a54       0x20 C:/ncs/v2.6.1/nrfxlib/softdevice_controller/lib/cortex-m4/soft-float/libsoftdevice_controller_peripheral.a(libsoftdevice_controller_s112_debug_soft__obfuscated.elf)
 .text          0x0000000000002a74       0x14 C:/ncs/v2.6.1/nrfxlib/softdevice_controller/lib/cortex-m4/soft-float/libsoftdevice_controller_peripheral.a(libsoftdevice_controller_s112_debug_soft__obfuscated.elf)
                0x0000000000002a74                sym_LOTFHGQTFUFWGX7HOTL4Q2XATGIJRVIMCMOYRMA
 .text          0x0000000000002a88       0x30 C:/ncs/v2.6.1/nrfxlib/softdevice_controller/lib/cortex-m4/soft-float/libsoftdevice_controller_peripheral.a(libsoftdevice_controller_s112_debug_soft__obfuscated.elf)
                0x0000000000002a88                sym_MDF364N4PQDEA5ZGP5CB3ZDZVZM5Q32KSEZZ5HI
 .text          0x0000000000002ab8       0x34 C:/ncs/v2.6.1/nrfxlib/softdevice_controller/lib/cortex-m4/soft-float/libsoftdevice_controller_peripheral.a(libsoftdevice_controller_s112_debug_soft__obfuscated.elf)
                0x0000000000002ab8                sym_XCEN5K7VEI2CAO42XW7S3FKM3HKMOCDCUFDX25Y
 .text          0x0000000000002aec       0x44 C:/ncs/v2.6.1/nrfxlib/softdevice_controller/lib/cortex-m4/soft-float/libsoftdevice_controller_peripheral.a(libsoftdevice_controller_s112_debug_soft__obfuscated.elf)
                0x0000000000002aec                sym_5DEPI2OGSPXE5OVFBPVFPSPYPRYUQ54QVVXIKNI
 .text          0x0000000000002b30       0x34 C:/ncs/v2.6.1/nrfxlib/softdevice_controller/lib/cortex-m4/soft-float/libsoftdevice_controller_peripheral.a(libsoftdevice_controller_s112_debug_soft__obfuscated.elf)
                0x0000000000002b30                sym_KZ5CVONZGMGIGNMI7YD6HLN3FXAAJK6OMEJW6BQ
 .text          0x0000000000002b64       0x28 C:/ncs/v2.6.1/nrfxlib/softdevice_controller/lib/cortex-m4/soft-float/libsoftdevice_controller_peripheral.a(libsoftdevice_controller_s112_debug_soft__obfuscated.elf)
                0x0000000000002b64                sym_ZQHB3ANU2DANFLJZLZL5U4SPQ2ZDVUAHI35744Y
 .text          0x0000000000002b8c       0x10 C:/ncs/v2.6.1/nrfxlib/softdevice_controller/lib/cortex-m4/soft-float/libsoftdevice_controller_peripheral.a(libsoftdevice_controller_s112_debug_soft__obfuscated.elf)
                0x0000000000002b8c                sym_TRMXENGHOH4VBQQZPIN222FLCEFU3Z3CD5C47DY
 .text          0x0000000000002b9c       0x28 C:/ncs/v2.6.1/nrfxlib/softdevice_controller/lib/cortex-m4/soft-float/libsoftdevice_controller_peripheral.a(libsoftdevice_controller_s112_debug_soft__obfuscated.elf)
                0x0000000000002b9c                sym_VIDE7XVSTT4HHX2MQJX6VUVABAKVNGIPRTLRLEQ
 .text          0x0000000000002bc4       0x3c C:/ncs/v2.6.1/nrfxlib/softdevice_controller/lib/cortex-m4/soft-float/libsoftdevice_controller_peripheral.a(libsoftdevice_controller_s112_debug_soft__obfuscated.elf)
                0x0000000000002bc4                sym_XPKSFPKFBNSTZZU4FUMGC3XRHAVS24BBL53HRMA
 .text          0x0000000000002c00       0x60 C:/ncs/v2.6.1/nrfxlib/softdevice_controller/lib/cortex-m4/soft-float/libsoftdevice_controller_peripheral.a(libsoftdevice_controller_s112_debug_soft__obfuscated.elf)
                0x0000000000002c00                sym_6Q45YYTUN2KDQ5V5UGE3T2LTI5FNGX6WIJYLIDI
 .text          0x0000000000002c60       0x28 C:/ncs/v2.6.1/nrfxlib/softdevice_controller/lib/cortex-m4/soft-float/libsoftdevice_controller_peripheral.a(libsoftdevice_controller_s112_debug_soft__obfuscated.elf)
 .text          0x0000000000002c88       0x10 C:/ncs/v2.6.1/nrfxlib/softdevice_controller/lib/cortex-m4/soft-float/libsoftdevice_controller_peripheral.a(libsoftdevice_controller_s112_debug_soft__obfuscated.elf)
 .text          0x0000000000002c98       0x54 C:/ncs/v2.6.1/nrfxlib/softdevice_controller/lib/cortex-m4/soft-float/libsoftdevice_controller_peripheral.a(libsoftdevice_controller_s112_debug_soft__obfuscated.elf)
 .text          0x0000000000002cec       0x30 C:/ncs/v2.6.1/nrfxlib/softdevice_controller/lib/cortex-m4/soft-float/libsoftdevice_controller_peripheral.a(libsoftdevice_controller_s112_debug_soft__obfuscated.elf)
 .text          0x0000000000002d1c       0x34 C:/ncs/v2.6.1/nrfxlib/softdevice_controller/lib/cortex-m4/soft-float/libsoftdevice_controller_peripheral.a(libsoftdevice_controller_s112_debug_soft__obfuscated.elf)
 .text          0x0000000000002d50       0x50 C:/ncs/v2.6.1/nrfxlib/softdevice_controller/lib/cortex-m4/soft-float/libsoftdevice_controller_peripheral.a(libsoftdevice_controller_s112_debug_soft__obfuscated.elf)
 .text          0x0000000000002da0       0x60 C:/ncs/v2.6.1/nrfxlib/softdevice_controller/lib/cortex-m4/soft-float/libsoftdevice_controller_peripheral.a(libsoftdevice_controller_s112_debug_soft__obfuscated.elf)
 .text          0x0000000000002e00       0x28 C:/ncs/v2.6.1/nrfxlib/softdevice_controller/lib/cortex-m4/soft-float/libsoftdevice_controller_peripheral.a(libsoftdevice_controller_s112_debug_soft__obfuscated.elf)
 .text          0x0000000000002e28       0x38 C:/ncs/v2.6.1/nrfxlib/softdevice_controller/lib/cortex-m4/soft-float/libsoftdevice_controller_peripheral.a(libsoftdevice_controller_s112_debug_soft__obfuscated.elf)
 .text          0x0000000000002e60       0x20 C:/ncs/v2.6.1/nrfxlib/softdevice_controller/lib/cortex-m4/soft-float/libsoftdevice_controller_peripheral.a(libsoftdevice_controller_s112_debug_soft__obfuscated.elf)
 .text          0x0000000000002e80       0x4c C:/ncs/v2.6.1/nrfxlib/softdevice_controller/lib/cortex-m4/soft-float/libsoftdevice_controller_peripheral.a(libsoftdevice_controller_s112_debug_soft__obfuscated.elf)
 .text          0x0000000000002ecc       0x50 C:/ncs/v2.6.1/nrfxlib/softdevice_controller/lib/cortex-m4/soft-float/libsoftdevice_controller_peripheral.a(libsoftdevice_controller_s112_debug_soft__obfuscated.elf)
 .text          0x0000000000002f1c       0x74 C:/ncs/v2.6.1/nrfxlib/softdevice_controller/lib/cortex-m4/soft-float/libsoftdevice_controller_peripheral.a(libsoftdevice_controller_s112_debug_soft__obfuscated.elf)
                0x0000000000002f1c                sym_RUQBFILZ5CHV2AAL6C3D2J5Y33TCCAPZTHBGZ3A
 .text          0x0000000000002f90       0x10 C:/ncs/v2.6.1/nrfxlib/softdevice_controller/lib/cortex-m4/soft-float/libsoftdevice_controller_peripheral.a(libsoftdevice_controller_s112_debug_soft__obfuscated.elf)
                0x0000000000002f90                sym_DRIMECVE2FH7O6C2LQ25QRVJOICPHLA5GC6TM2I
 .text          0x0000000000002fa0       0x58 C:/ncs/v2.6.1/nrfxlib/softdevice_controller/lib/cortex-m4/soft-float/libsoftdevice_controller_peripheral.a(libsoftdevice_controller_s112_debug_soft__obfuscated.elf)
                0x0000000000002fa0                sym_5CHOZAQ75MOW32NPEGX5AYLDFVQR6HZCDXZY5PQ
 .text          0x0000000000002ff8      0x118 C:/ncs/v2.6.1/nrfxlib/softdevice_controller/lib/cortex-m4/soft-float/libsoftdevice_controller_peripheral.a(libsoftdevice_controller_s112_debug_soft__obfuscated.elf)
                0x0000000000002ff8                sym_JQ5GTNCJKXERB3SSKQRXLQOKWJQVRNEOVZZZVXI
 .text          0x0000000000003110        0xc C:/ncs/v2.6.1/nrfxlib/softdevice_controller/lib/cortex-m4/soft-float/libsoftdevice_controller_peripheral.a(libsoftdevice_controller_s112_debug_soft__obfuscated.elf)
                0x0000000000003110                sym_HE5JGYEZFIITGQL7PMATDHSORSCK7HJIY5UXOZA
 .text          0x000000000000311c       0x14 C:/ncs/v2.6.1/nrfxlib/softdevice_controller/lib/cortex-m4/soft-float/libsoftdevice_controller_peripheral.a(libsoftdevice_controller_s112_debug_soft__obfuscated.elf)
                0x000000000000311c                sym_YLRTPBVG5ROXKOW4KXUYITRUY3FD2MVZW5LF7ZA
 .text          0x0000000000003130       0x38 C:/ncs/v2.6.1/nrfxlib/softdevice_controller/lib/cortex-m4/soft-float/libsoftdevice_controller_peripheral.a(libsoftdevice_controller_s112_debug_soft__obfuscated.elf)
                0x0000000000003130                sym_GVSNNBZMBIJOMUA3FPIAVVC7S5MNBYUF4QELXZA
 .text          0x0000000000003168        0xc C:/ncs/v2.6.1/nrfxlib/softdevice_controller/lib/cortex-m4/soft-float/libsoftdevice_controller_peripheral.a(libsoftdevice_controller_s112_debug_soft__obfuscated.elf)
                0x0000000000003168                sym_ZQE76VUU7S5U7DETTZA65E75LHFWL5PGRN4JPHI
 .text          0x0000000000003174       0x74 C:/ncs/v2.6.1/nrfxlib/softdevice_controller/lib/cortex-m4/soft-float/libsoftdevice_controller_peripheral.a(libsoftdevice_controller_s112_debug_soft__obfuscated.elf)
                0x0000000000003174                sym_6PPYXQQOLTVZ6DHASA45P4Y6MOJ5US37OHECCGI
 .text          0x00000000000031e8       0x94 C:/ncs/v2.6.1/nrfxlib/softdevice_controller/lib/cortex-m4/soft-float/libsoftdevice_controller_peripheral.a(libsoftdevice_controller_s112_debug_soft__obfuscated.elf)
                0x00000000000031e8                sym_A5S3P57NWYYY5XJWBYERU6H4QSVP5TCTU7HKA5Y
 .text          0x000000000000327c       0x8c C:/ncs/v2.6.1/nrfxlib/softdevice_controller/lib/cortex-m4/soft-float/libsoftdevice_controller_peripheral.a(libsoftdevice_controller_s112_debug_soft__obfuscated.elf)
                0x000000000000327c                sym_2YSDS7VWGMSD5CN64D2VGQIYXBV3A6NJCHWFZEY
 .text          0x0000000000003308       0xd0 C:/ncs/v2.6.1/nrfxlib/softdevice_controller/lib/cortex-m4/soft-float/libsoftdevice_controller_peripheral.a(libsoftdevice_controller_s112_debug_soft__obfuscated.elf)
                0x0000000000003308                sym_WJZCKVDJU3WW5NVNH77DPRGYVZQLD372GLDYO6I
 .text          0x00000000000033d8       0xf8 C:/ncs/v2.6.1/nrfxlib/softdevice_controller/lib/cortex-m4/soft-float/libsoftdevice_controller_peripheral.a(libsoftdevice_controller_s112_debug_soft__obfuscated.elf)
                0x00000000000033d8                sym_E7IS652W2J5N5UTHP752WOA4YNSR7E5S5H4J2AA
 .text          0x00000000000034d0        0xc C:/ncs/v2.6.1/nrfxlib/softdevice_controller/lib/cortex-m4/soft-float/libsoftdevice_controller_peripheral.a(libsoftdevice_controller_s112_debug_soft__obfuscated.elf)
                0x00000000000034d0                sym_XD56LJG2JTRU4Q2V7WCY72EI3VTZICA3O4ERV2A
 .text          0x00000000000034dc       0x10 C:/ncs/v2.6.1/nrfxlib/softdevice_controller/lib/cortex-m4/soft-float/libsoftdevice_controller_peripheral.a(libsoftdevice_controller_s112_debug_soft__obfuscated.elf)
                0x00000000000034dc                sym_YG4UROEKVB7ZBE5TWHLNJHYKSFBTXGBYAX3RXRI
 .text          0x00000000000034ec       0x24 C:/ncs/v2.6.1/nrfxlib/softdevice_controller/lib/cortex-m4/soft-float/libsoftdevice_controller_peripheral.a(libsoftdevice_controller_s112_debug_soft__obfuscated.elf)
                0x00000000000034ec                sym_LPFN6QJEOHBT4AP2K7MEYWDZW35U5VHIHXOA54I
 .text          0x0000000000003510       0x48 C:/ncs/v2.6.1/nrfxlib/softdevice_controller/lib/cortex-m4/soft-float/libsoftdevice_controller_peripheral.a(libsoftdevice_controller_s112_debug_soft__obfuscated.elf)
                0x0000000000003510                sym_Y6HXZQJARJ7FDWKGPREPQGRRGDOQMXHDALUK6KY
 .text          0x0000000000003558       0x18 C:/ncs/v2.6.1/nrfxlib/softdevice_controller/lib/cortex-m4/soft-float/libsoftdevice_controller_peripheral.a(libsoftdevice_controller_s112_debug_soft__obfuscated.elf)
                0x0000000000003558                sym_RXYEX777ZXB2E2DXJWDBCV7AAHWTCHNTLOSENBY
 .text          0x0000000000003570       0x1c C:/ncs/v2.6.1/nrfxlib/softdevice_controller/lib/cortex-m4/soft-float/libsoftdevice_controller_peripheral.a(libsoftdevice_controller_s112_debug_soft__obfuscated.elf)
                0x0000000000003570                sym_PCLF3MATC3G3MYGRPG4ATMGCS6N4B7M5CSF2C2Y
 .text          0x000000000000358c       0x40 C:/ncs/v2.6.1/nrfxlib/softdevice_controller/lib/cortex-m4/soft-float/libsoftdevice_controller_peripheral.a(libsoftdevice_controller_s112_debug_soft__obfuscated.elf)
                0x000000000000358c                sym_2GNBSSSS7HPV6RZQ52VFCGRXSPA3KLWISQSF42I
 .text          0x00000000000035cc      0x230 C:/ncs/v2.6.1/nrfxlib/softdevice_controller/lib/cortex-m4/soft-float/libsoftdevice_controller_peripheral.a(libsoftdevice_controller_s112_debug_soft__obfuscated.elf)
                0x00000000000035cc                sym_EMR2H7KEGRFFKS6A4P3ZPPGOJSTVXLGRI25MEYQ
 .text          0x00000000000037fc       0x10 C:/ncs/v2.6.1/nrfxlib/softdevice_controller/lib/cortex-m4/soft-float/libsoftdevice_controller_peripheral.a(libsoftdevice_controller_s112_debug_soft__obfuscated.elf)
                0x00000000000037fc                sym_V67AIMSO57NYVNGXZF2PDQSJQJLITHU4KD4CKAY
 .text          0x000000000000380c        0xc C:/ncs/v2.6.1/nrfxlib/softdevice_controller/lib/cortex-m4/soft-float/libsoftdevice_controller_peripheral.a(libsoftdevice_controller_s112_debug_soft__obfuscated.elf)
                0x000000000000380c                sym_UX6VBOIQ7ULLMX3I6UDFOFZ6IT2DVZKKVIEVRMY
 .text          0x0000000000003818       0x10 C:/ncs/v2.6.1/nrfxlib/softdevice_controller/lib/cortex-m4/soft-float/libsoftdevice_controller_peripheral.a(libsoftdevice_controller_s112_debug_soft__obfuscated.elf)
                0x0000000000003818                sym_L4JTLGMK2AWYAAPRB3O77773SG36X2NTZJ3FAHA
 .text          0x0000000000003828       0x1c C:/ncs/v2.6.1/nrfxlib/softdevice_controller/lib/cortex-m4/soft-float/libsoftdevice_controller_peripheral.a(libsoftdevice_controller_s112_debug_soft__obfuscated.elf)
                0x0000000000003828                sym_WD6EQ3FQVKOAARDWHQJJC5SVKHQS7A2MF5YDCPA
 .text          0x0000000000003844       0x1c C:/ncs/v2.6.1/nrfxlib/softdevice_controller/lib/cortex-m4/soft-float/libsoftdevice_controller_peripheral.a(libsoftdevice_controller_s112_debug_soft__obfuscated.elf)
                0x0000000000003844                sym_WGW6HZ6PNLYQSUJALICWZO27AY5UJWYCU6B6ACI
 .text          0x0000000000003860       0x34 C:/ncs/v2.6.1/nrfxlib/softdevice_controller/lib/cortex-m4/soft-float/libsoftdevice_controller_peripheral.a(libsoftdevice_controller_s112_debug_soft__obfuscated.elf)
                0x0000000000003860                sym_7VLVVPDI26BVJ64XQBSGXOQYGQA4VH5APIPDGYA
 .text          0x0000000000003894       0x38 C:/ncs/v2.6.1/nrfxlib/softdevice_controller/lib/cortex-m4/soft-float/libsoftdevice_controller_peripheral.a(libsoftdevice_controller_s112_debug_soft__obfuscated.elf)
                0x0000000000003894                sym_55XNA7W2CQFJPCH62ZAKHLPISYHJ7KMNREEN6EA
 .text          0x00000000000038cc       0xc0 C:/ncs/v2.6.1/nrfxlib/softdevice_controller/lib/cortex-m4/soft-float/libsoftdevice_controller_peripheral.a(libsoftdevice_controller_s112_debug_soft__obfuscated.elf)
                0x00000000000038cc                sym_472GCM45ITLH5GOXITRUEUJXOU6SPVHTMEVFHWQ
 .text          0x000000000000398c        0xc C:/ncs/v2.6.1/nrfxlib/mpsl/fem/common/lib/cortex-m4/soft-float/libmpsl_fem_common.a(libmpsl_fem_common_debug_soft__obfuscated.elf)
                0x000000000000398c                mpsl_fem_disable
 .text          0x0000000000003998        0xc C:/ncs/v2.6.1/nrfxlib/mpsl/fem/common/lib/cortex-m4/soft-float/libmpsl_fem_common.a(libmpsl_fem_common_debug_soft__obfuscated.elf)
                0x0000000000003998                mpsl_fem_pa_configuration_set
 .text          0x00000000000039a4        0xc C:/ncs/v2.6.1/nrfxlib/mpsl/fem/common/lib/cortex-m4/soft-float/libmpsl_fem_common.a(libmpsl_fem_common_debug_soft__obfuscated.elf)
                0x00000000000039a4                mpsl_fem_lna_configuration_set
 .text          0x00000000000039b0        0xc C:/ncs/v2.6.1/nrfxlib/mpsl/fem/common/lib/cortex-m4/soft-float/libmpsl_fem_common.a(libmpsl_fem_common_debug_soft__obfuscated.elf)
                0x00000000000039b0                mpsl_fem_pa_configuration_clear
 .text          0x00000000000039bc        0xc C:/ncs/v2.6.1/nrfxlib/mpsl/fem/common/lib/cortex-m4/soft-float/libmpsl_fem_common.a(libmpsl_fem_common_debug_soft__obfuscated.elf)
                0x00000000000039bc                mpsl_fem_lna_configuration_clear
 .text          0x00000000000039c8        0xc C:/ncs/v2.6.1/nrfxlib/mpsl/fem/common/lib/cortex-m4/soft-float/libmpsl_fem_common.a(libmpsl_fem_common_debug_soft__obfuscated.elf)
                0x00000000000039c8                mpsl_fem_pa_gain_set
 .text          0x00000000000039d4        0xc C:/ncs/v2.6.1/nrfxlib/mpsl/fem/common/lib/cortex-m4/soft-float/libmpsl_fem_common.a(libmpsl_fem_common_debug_soft__obfuscated.elf)
                0x00000000000039d4                mpsl_fem_pa_is_configured
 .text          0x00000000000039e0        0xc C:/ncs/v2.6.1/nrfxlib/mpsl/fem/common/lib/cortex-m4/soft-float/libmpsl_fem_common.a(libmpsl_fem_common_debug_soft__obfuscated.elf)
                0x00000000000039e0                mpsl_fem_lna_is_configured
 .text          0x00000000000039ec       0x14 C:/ncs/v2.6.1/nrfxlib/mpsl/fem/common/lib/cortex-m4/soft-float/libmpsl_fem_common.a(libmpsl_fem_common_debug_soft__obfuscated.elf)
                0x00000000000039ec                mpsl_fem_tx_power_split
 .text          0x0000000000003a00        0xc C:/ncs/v2.6.1/nrfxlib/mpsl/fem/common/lib/cortex-m4/soft-float/libmpsl_fem_common.a(libmpsl_fem_common_debug_soft__obfuscated.elf)
                0x0000000000003a00                mpsl_fem_device_config_254_apply_get
 .text          0x0000000000003a0c        0xc C:/ncs/v2.6.1/nrfxlib/mpsl/lib/cortex-m4/soft-float/libmpsl.a(libmpsl_debug_soft__obfuscated.elf)
                0x0000000000003a0c                sym_3NUECOSAIC227DBCPHAP4U7EQ3UBTGANU5ASIOA
 .text          0x0000000000003a18       0x34 C:/ncs/v2.6.1/nrfxlib/mpsl/lib/cortex-m4/soft-float/libmpsl.a(libmpsl_debug_soft__obfuscated.elf)
                0x0000000000003a18                sym_QLJBNB55XHXGY3EZ4W3ZZ3U6AVPE2YGDOXRUZSQ
 .text          0x0000000000003a4c       0x54 C:/ncs/v2.6.1/nrfxlib/mpsl/lib/cortex-m4/soft-float/libmpsl.a(libmpsl_debug_soft__obfuscated.elf)
                0x0000000000003a4c                sym_VWOYI7XCNXBFVPWSS6WFJ2CWKPJYCMRRQTU7QWQ
 .text          0x0000000000003aa0       0x20 C:/ncs/v2.6.1/nrfxlib/mpsl/lib/cortex-m4/soft-float/libmpsl.a(libmpsl_debug_soft__obfuscated.elf)
                0x0000000000003aa0                mpsl_tx_power_radio_supported_power_adjust
 .text          0x0000000000003ac0       0x80 C:/ncs/v2.6.1/nrfxlib/mpsl/lib/cortex-m4/soft-float/libmpsl.a(libmpsl_debug_soft__obfuscated.elf)
                0x0000000000003ac0                sym_JBMIQXYLJQQB56KLSIZ2WVKBMEMRZHLRBGLEPTA
 .text          0x0000000000003b40        0xc C:/ncs/v2.6.1/nrfxlib/mpsl/lib/cortex-m4/soft-float/libmpsl.a(libmpsl_debug_soft__obfuscated.elf)
                0x0000000000003b40                sym_SKFSQME5SGNPYLL7B75KY7PHXFYWSRI2HSTT45A
 .text          0x0000000000003b4c       0x1c C:/ncs/v2.6.1/nrfxlib/mpsl/lib/cortex-m4/soft-float/libmpsl.a(libmpsl_debug_soft__obfuscated.elf)
                0x0000000000003b4c                sym_4RNEPYYQOFM4LAOGLN2TB27X7L3XBISTGAWYOHQ
 .text          0x0000000000003b68       0x1c C:/ncs/v2.6.1/nrfxlib/mpsl/lib/cortex-m4/soft-float/libmpsl.a(libmpsl_debug_soft__obfuscated.elf)
                0x0000000000003b68                sym_XYQTP7YX2XFVREW5KFDH2NNPGRIPEHKIO2RURYI
 .text          0x0000000000003b84       0x6c C:/ncs/v2.6.1/nrfxlib/mpsl/lib/cortex-m4/soft-float/libmpsl.a(libmpsl_debug_soft__obfuscated.elf)
                0x0000000000003b84                sym_V6OT7EKSQC3XEJK5ZWNACQF7LLICCSE7X3C3ECY
 .text          0x0000000000003bf0       0x58 C:/ncs/v2.6.1/nrfxlib/mpsl/lib/cortex-m4/soft-float/libmpsl.a(libmpsl_debug_soft__obfuscated.elf)
                0x0000000000003bf0                sym_AOU55ZK756JLPLCLZ5TZSSVKOAWWFUNQZATBXUI
 .text          0x0000000000003c48       0xb4 C:/ncs/v2.6.1/nrfxlib/mpsl/lib/cortex-m4/soft-float/libmpsl.a(libmpsl_debug_soft__obfuscated.elf)
                0x0000000000003c48                sym_OLT7BBJAMRJJV5HK3QZCAOG3B3FGZ46HFC5VINI
 .text          0x0000000000003cfc       0x34 C:/ncs/v2.6.1/nrfxlib/mpsl/lib/cortex-m4/soft-float/libmpsl.a(libmpsl_debug_soft__obfuscated.elf)
                0x0000000000003cfc                sym_PITJNQC6YSCEFAH23N5QRORZDKCSKOAUGBUS6GA
 .text          0x0000000000003d30       0x2c C:/ncs/v2.6.1/nrfxlib/mpsl/lib/cortex-m4/soft-float/libmpsl.a(libmpsl_debug_soft__obfuscated.elf)
                0x0000000000003d30                MPSL_IRQ_RADIO_Handler
 .text          0x0000000000003d5c       0x54 C:/ncs/v2.6.1/nrfxlib/mpsl/lib/cortex-m4/soft-float/libmpsl.a(libmpsl_debug_soft__obfuscated.elf)
                0x0000000000003d5c                sym_XEJLNUQGS5P4R5IXDJFF6NE6C2FZWRZYDQOGMPI
 .text          0x0000000000003db0        0xc C:/ncs/v2.6.1/nrfxlib/mpsl/lib/cortex-m4/soft-float/libmpsl.a(libmpsl_debug_soft__obfuscated.elf)
                0x0000000000003db0                sym_ETIE3PCEXQYLK2GIVZENQ6V7PLBRV57MB7BDMNY
 .text          0x0000000000003dbc        0xc C:/ncs/v2.6.1/nrfxlib/mpsl/lib/cortex-m4/soft-float/libmpsl.a(libmpsl_debug_soft__obfuscated.elf)
                0x0000000000003dbc                sym_MGDULS4U2D5VQ5NBLZDC7UTSC6O3GJASJZPQJ2Q
 .text          0x0000000000003dc8       0x28 C:/ncs/v2.6.1/nrfxlib/mpsl/lib/cortex-m4/soft-float/libmpsl.a(libmpsl_debug_soft__obfuscated.elf)
                0x0000000000003dc8                sym_PEUB6CZG5CWXXD4M2S6OVBXZGDFOG4XII7USUDQ
 .text          0x0000000000003df0       0x38 C:/ncs/v2.6.1/nrfxlib/mpsl/lib/cortex-m4/soft-float/libmpsl.a(libmpsl_debug_soft__obfuscated.elf)
                0x0000000000003df0                mpsl_clock_hfclk_request
 .text          0x0000000000003e28       0x34 C:/ncs/v2.6.1/nrfxlib/mpsl/lib/cortex-m4/soft-float/libmpsl.a(libmpsl_debug_soft__obfuscated.elf)
 .text          0x0000000000003e5c       0x38 C:/ncs/v2.6.1/nrfxlib/mpsl/lib/cortex-m4/soft-float/libmpsl.a(libmpsl_debug_soft__obfuscated.elf)
                0x0000000000003e5c                sym_AF5XKA2WT4DMFZTLKHOBWE7E2EZAMLDDFPQGGTQ
 .text          0x0000000000003e94       0x1c C:/ncs/v2.6.1/nrfxlib/mpsl/lib/cortex-m4/soft-float/libmpsl.a(libmpsl_debug_soft__obfuscated.elf)
                0x0000000000003e94                mpsl_clock_hfclk_release
 .text          0x0000000000003eb0       0x4c C:/ncs/v2.6.1/nrfxlib/mpsl/lib/cortex-m4/soft-float/libmpsl.a(libmpsl_debug_soft__obfuscated.elf)
                0x0000000000003eb0                mpsl_calibration_timer_handle
 .text          0x0000000000003efc       0x78 C:/ncs/v2.6.1/nrfxlib/mpsl/lib/cortex-m4/soft-float/libmpsl.a(libmpsl_debug_soft__obfuscated.elf)
                0x0000000000003efc                sym_A4JUKJUCTJV55V2WD6TXU63VO5GAMB4XA4EE56Q
 .text          0x0000000000003f74       0xf0 C:/ncs/v2.6.1/nrfxlib/mpsl/lib/cortex-m4/soft-float/libmpsl.a(libmpsl_debug_soft__obfuscated.elf)
                0x0000000000003f74                MPSL_IRQ_CLOCK_Handler
 .text          0x0000000000004064       0x18 C:/ncs/v2.6.1/nrfxlib/mpsl/lib/cortex-m4/soft-float/libmpsl.a(libmpsl_debug_soft__obfuscated.elf)
                0x0000000000004064                sym_4PX37LW4KIUYQZ73JWLPH5GAGIRWAKTV3E6F62Q
 .text          0x000000000000407c      0x248 C:/ncs/v2.6.1/nrfxlib/mpsl/lib/cortex-m4/soft-float/libmpsl.a(libmpsl_debug_soft__obfuscated.elf)
                0x000000000000407c                sym_FYHKZOVAJN6VDDHY43FT7PF4YLRDHWRTEWHFG6I
 .text          0x00000000000042c4       0x18 C:/ncs/v2.6.1/nrfxlib/mpsl/lib/cortex-m4/soft-float/libmpsl.a(libmpsl_debug_soft__obfuscated.elf)
                0x00000000000042c4                sym_XK3TMLCZALCYYWGULGHQIRSOBMPIIPJ7HEMOZIQ
 .text          0x00000000000042dc        0xc C:/ncs/v2.6.1/nrfxlib/mpsl/lib/cortex-m4/soft-float/libmpsl.a(libmpsl_debug_soft__obfuscated.elf)
                0x00000000000042dc                sym_PIRI3CTIHOPR5MPDQRHBJRRZEA2NVOD4J3GXGOA
 .text          0x00000000000042e8       0x1c C:/ncs/v2.6.1/nrfxlib/mpsl/lib/cortex-m4/soft-float/libmpsl.a(libmpsl_debug_soft__obfuscated.elf)
                0x00000000000042e8                sym_LIY23QT3GHIV7NCGJ6ZW6LB2ZUSI56CIFCL6HUY
 .text          0x0000000000004304       0x2c C:/ncs/v2.6.1/nrfxlib/mpsl/lib/cortex-m4/soft-float/libmpsl.a(libmpsl_debug_soft__obfuscated.elf)
 .text          0x0000000000004330       0x2c C:/ncs/v2.6.1/nrfxlib/mpsl/lib/cortex-m4/soft-float/libmpsl.a(libmpsl_debug_soft__obfuscated.elf)
 .text          0x000000000000435c       0x38 C:/ncs/v2.6.1/nrfxlib/mpsl/lib/cortex-m4/soft-float/libmpsl.a(libmpsl_debug_soft__obfuscated.elf)
 .text          0x0000000000004394       0x20 C:/ncs/v2.6.1/nrfxlib/mpsl/lib/cortex-m4/soft-float/libmpsl.a(libmpsl_debug_soft__obfuscated.elf)
 .text          0x00000000000043b4       0x24 C:/ncs/v2.6.1/nrfxlib/mpsl/lib/cortex-m4/soft-float/libmpsl.a(libmpsl_debug_soft__obfuscated.elf)
 .text          0x00000000000043d8       0x5c C:/ncs/v2.6.1/nrfxlib/mpsl/lib/cortex-m4/soft-float/libmpsl.a(libmpsl_debug_soft__obfuscated.elf)
 .text          0x0000000000004434       0x1c C:/ncs/v2.6.1/nrfxlib/mpsl/lib/cortex-m4/soft-float/libmpsl.a(libmpsl_debug_soft__obfuscated.elf)
 .text          0x0000000000004450       0x4c C:/ncs/v2.6.1/nrfxlib/mpsl/lib/cortex-m4/soft-float/libmpsl.a(libmpsl_debug_soft__obfuscated.elf)
 .text          0x000000000000449c       0x38 C:/ncs/v2.6.1/nrfxlib/mpsl/lib/cortex-m4/soft-float/libmpsl.a(libmpsl_debug_soft__obfuscated.elf)
 .text          0x00000000000044d4       0xb0 C:/ncs/v2.6.1/nrfxlib/mpsl/lib/cortex-m4/soft-float/libmpsl.a(libmpsl_debug_soft__obfuscated.elf)
                0x00000000000044d4                sym_3SK52U5TD4ACVVYKWS6UI6ZPWKSLV6BW5IGCPJI
 .text          0x0000000000004584       0xcc C:/ncs/v2.6.1/nrfxlib/mpsl/lib/cortex-m4/soft-float/libmpsl.a(libmpsl_debug_soft__obfuscated.elf)
                0x0000000000004584                sym_2ZDZA75WOMRNSQ6XL7IZWAQKYFFSRJOGBGKPTIQ
 .text          0x0000000000004650       0x88 C:/ncs/v2.6.1/nrfxlib/mpsl/lib/cortex-m4/soft-float/libmpsl.a(libmpsl_debug_soft__obfuscated.elf)
                0x0000000000004650                sym_UGOJA475OXR5HR5WFINUK27HP5BRGNWCZXQLKDI
 .text          0x00000000000046d8        0xc C:/ncs/v2.6.1/nrfxlib/mpsl/lib/cortex-m4/soft-float/libmpsl.a(libmpsl_debug_soft__obfuscated.elf)
                0x00000000000046d8                sym_RUQO26WM5KVVEW7O3OHCXPO7LLLXRBDPIPSWIWY
 .text          0x00000000000046e4        0xc C:/ncs/v2.6.1/nrfxlib/mpsl/lib/cortex-m4/soft-float/libmpsl.a(libmpsl_debug_soft__obfuscated.elf)
                0x00000000000046e4                sym_M4DIQOXJAE3BNHQBIUCZXAABSM24CWUEJOCU7DY
 .text          0x00000000000046f0       0x20 C:/ncs/v2.6.1/nrfxlib/mpsl/lib/cortex-m4/soft-float/libmpsl.a(libmpsl_debug_soft__obfuscated.elf)
                0x00000000000046f0                sym_E5Q6O4GY4KO3GMW7WJYXLZKHO7ZGDWLU4ZPAKWA
 .text          0x0000000000004710       0x9c C:/ncs/v2.6.1/nrfxlib/mpsl/lib/cortex-m4/soft-float/libmpsl.a(libmpsl_debug_soft__obfuscated.elf)
                0x0000000000004710                sym_QUBGY7RMPG7R5F6DVNURH4AVGDAWMK46YXU4DRA
 .text          0x00000000000047ac       0x18 C:/ncs/v2.6.1/nrfxlib/mpsl/lib/cortex-m4/soft-float/libmpsl.a(libmpsl_debug_soft__obfuscated.elf)
                0x00000000000047ac                sym_CQWZ455IMTLTPY5LEEZHXHRRNX223B3HTDD45HA
 .text          0x00000000000047c4       0xc4 C:/ncs/v2.6.1/nrfxlib/mpsl/lib/cortex-m4/soft-float/libmpsl.a(libmpsl_debug_soft__obfuscated.elf)
                0x00000000000047c4                sym_TSYEIN5CZPQE3YK6VECZD5C2M4LMXKKH6O7LNAY
 .text          0x0000000000004888       0x34 C:/ncs/v2.6.1/nrfxlib/mpsl/lib/cortex-m4/soft-float/libmpsl.a(libmpsl_debug_soft__obfuscated.elf)
                0x0000000000004888                sym_QXSIWW2WFHAZANKKLCAGF2PXZADPNPFQN3RM2VA
 .text          0x00000000000048bc       0xb0 C:/ncs/v2.6.1/nrfxlib/mpsl/lib/cortex-m4/soft-float/libmpsl.a(libmpsl_debug_soft__obfuscated.elf)
                0x00000000000048bc                sym_X2K67YH6UCW6TFK6NTLPZZFGWYHTTPZYK5PXHNQ
 .text          0x000000000000496c       0x90 C:/ncs/v2.6.1/nrfxlib/mpsl/lib/cortex-m4/soft-float/libmpsl.a(libmpsl_debug_soft__obfuscated.elf)
                0x000000000000496c                MPSL_IRQ_RTC0_Handler
 .text          0x00000000000049fc       0xd4 C:/ncs/v2.6.1/nrfxlib/mpsl/lib/cortex-m4/soft-float/libmpsl.a(libmpsl_debug_soft__obfuscated.elf)
                0x00000000000049fc                MPSL_IRQ_TIMER0_Handler
 .text          0x0000000000004ad0      0x24c C:/ncs/v2.6.1/nrfxlib/mpsl/lib/cortex-m4/soft-float/libmpsl.a(libmpsl_debug_soft__obfuscated.elf)
 .text          0x0000000000004d1c      0x13c C:/ncs/v2.6.1/nrfxlib/mpsl/lib/cortex-m4/soft-float/libmpsl.a(libmpsl_debug_soft__obfuscated.elf)
 .text          0x0000000000004e58       0xe8 C:/ncs/v2.6.1/nrfxlib/mpsl/lib/cortex-m4/soft-float/libmpsl.a(libmpsl_debug_soft__obfuscated.elf)
 .text          0x0000000000004f40      0x1b8 C:/ncs/v2.6.1/nrfxlib/mpsl/lib/cortex-m4/soft-float/libmpsl.a(libmpsl_debug_soft__obfuscated.elf)
 .text          0x00000000000050f8      0x500 C:/ncs/v2.6.1/nrfxlib/mpsl/lib/cortex-m4/soft-float/libmpsl.a(libmpsl_debug_soft__obfuscated.elf)
 .text          0x00000000000055f8       0xfc C:/ncs/v2.6.1/nrfxlib/mpsl/lib/cortex-m4/soft-float/libmpsl.a(libmpsl_debug_soft__obfuscated.elf)
 .text          0x00000000000056f4      0x148 C:/ncs/v2.6.1/nrfxlib/mpsl/lib/cortex-m4/soft-float/libmpsl.a(libmpsl_debug_soft__obfuscated.elf)
 .text          0x000000000000583c       0x78 C:/ncs/v2.6.1/nrfxlib/mpsl/lib/cortex-m4/soft-float/libmpsl.a(libmpsl_debug_soft__obfuscated.elf)
                0x000000000000583c                sym_ZC6NJBPUISWILQK6OTOBMJVVUT63JRIDGH5WNCY
 .text          0x00000000000058b4      0x334 C:/ncs/v2.6.1/nrfxlib/mpsl/lib/cortex-m4/soft-float/libmpsl.a(libmpsl_debug_soft__obfuscated.elf)
                0x00000000000058b4                sym_SFR5TVV24PZRIRC5QGOHL2X436PUHKRY2QWKP5Y
 .text          0x0000000000005be8       0x54 C:/ncs/v2.6.1/nrfxlib/mpsl/lib/cortex-m4/soft-float/libmpsl.a(libmpsl_debug_soft__obfuscated.elf)
                0x0000000000005be8                sym_RPHL2J7CVNKM6GKLDIFI4NVAPZE2FHTYW4VJSJI
 .text          0x0000000000005c3c       0x38 C:/ncs/v2.6.1/nrfxlib/mpsl/lib/cortex-m4/soft-float/libmpsl.a(libmpsl_debug_soft__obfuscated.elf)
                0x0000000000005c3c                sym_CFZK3G6ZC4ONUAYO2UALWQ4CBO7A6ADNAS2FS7Y
 .text          0x0000000000005c74      0x280 C:/ncs/v2.6.1/nrfxlib/mpsl/lib/cortex-m4/soft-float/libmpsl.a(libmpsl_debug_soft__obfuscated.elf)
                0x0000000000005c74                sym_CVH6S6LMSFPC2RM6I6LYWFRVOJUD3A6OCMG7AAI
 .text          0x0000000000005ef4      0x4e0 C:/ncs/v2.6.1/nrfxlib/mpsl/lib/cortex-m4/soft-float/libmpsl.a(libmpsl_debug_soft__obfuscated.elf)
                0x0000000000005ef4                sym_NFDFVOR5BUFND4TNTGYIYR4ARXJRXWSQ4PVFUKY
 .text          0x00000000000063d4      0x1f8 C:/ncs/v2.6.1/nrfxlib/mpsl/lib/cortex-m4/soft-float/libmpsl.a(libmpsl_debug_soft__obfuscated.elf)
                0x00000000000063d4                sym_R4Y3KWNYX4PGGLE5X2L7DXMWMJUY3DOXD7LSUKY
 .text          0x00000000000065cc      0x2e4 C:/ncs/v2.6.1/nrfxlib/mpsl/lib/cortex-m4/soft-float/libmpsl.a(libmpsl_debug_soft__obfuscated.elf)
                0x00000000000065cc                sym_J5F7QGRFPKMLWRNSXZXS5YI7BM4DUTISCOASCOA
 .text          0x00000000000068b0       0xb0 C:/ncs/v2.6.1/nrfxlib/mpsl/lib/cortex-m4/soft-float/libmpsl.a(libmpsl_debug_soft__obfuscated.elf)
                0x00000000000068b0                sym_URFU24FFGR2HYB6CCPIPKPNZNMTWHKDYOATUJNY
 .text          0x0000000000006960        0x4 C:/ncs/v2.6.1/nrfxlib/mpsl/lib/cortex-m4/soft-float/libmpsl.a(libmpsl_debug_soft__obfuscated.elf)
                0x0000000000006960                sym_6TZLBWMEWRMPI4KKAUVLC2XHUBDGXEA4B4JJJYQ
 .text          0x0000000000006964      0x268 C:/ncs/v2.6.1/nrfxlib/mpsl/lib/cortex-m4/soft-float/libmpsl.a(libmpsl_debug_soft__obfuscated.elf)
                0x0000000000006964                sym_QWOE5H22ZADGJX5JSROW7BOI32Z6PPEEJCISNOQ
 .text          0x0000000000006bcc      0x298 C:/ncs/v2.6.1/nrfxlib/mpsl/lib/cortex-m4/soft-float/libmpsl.a(libmpsl_debug_soft__obfuscated.elf)
                0x0000000000006bcc                sym_DQFOGVCNU4NTOMWSL3IYDNCMIXT2LT7SZHL5IHI
 .text          0x0000000000006e64       0x24 C:/ncs/v2.6.1/nrfxlib/mpsl/lib/cortex-m4/soft-float/libmpsl.a(libmpsl_debug_soft__obfuscated.elf)
 .text          0x0000000000006e88       0x30 C:/ncs/v2.6.1/nrfxlib/mpsl/lib/cortex-m4/soft-float/libmpsl.a(libmpsl_debug_soft__obfuscated.elf)
 .text          0x0000000000006eb8       0x30 C:/ncs/v2.6.1/nrfxlib/mpsl/lib/cortex-m4/soft-float/libmpsl.a(libmpsl_debug_soft__obfuscated.elf)
 .text          0x0000000000006ee8       0x2c C:/ncs/v2.6.1/nrfxlib/mpsl/lib/cortex-m4/soft-float/libmpsl.a(libmpsl_debug_soft__obfuscated.elf)
 .text          0x0000000000006f14       0x78 C:/ncs/v2.6.1/nrfxlib/mpsl/lib/cortex-m4/soft-float/libmpsl.a(libmpsl_debug_soft__obfuscated.elf)
                0x0000000000006f14                mpsl_init
 .text          0x0000000000006f8c       0x14 C:/ncs/v2.6.1/nrfxlib/mpsl/lib/cortex-m4/soft-float/libmpsl.a(libmpsl_debug_soft__obfuscated.elf)
                0x0000000000006f8c                sym_4JLKMM32SOXCP6XBYAWZDUIMUJIYXLKKDBOFLHI
 .text          0x0000000000006fa0       0x58 C:/ncs/v2.6.1/nrfxlib/mpsl/lib/cortex-m4/soft-float/libmpsl.a(libmpsl_debug_soft__obfuscated.elf)
                0x0000000000006fa0                sym_S2UAPMFVIQXDUOA6CV7GJMB33TYHEUH5D6LHO5Q
 .text          0x0000000000006ff8       0x28 C:/ncs/v2.6.1/nrfxlib/mpsl/lib/cortex-m4/soft-float/libmpsl.a(libmpsl_debug_soft__obfuscated.elf)
                0x0000000000006ff8                sym_XR32KBBIVYD5OVRJM2RBQ57EGCCM2C3F5IY6OHQ
 .text          0x0000000000007020        0xc C:/ncs/v2.6.1/nrfxlib/mpsl/lib/cortex-m4/soft-float/libmpsl.a(libmpsl_debug_soft__obfuscated.elf)
                0x0000000000007020                mpsl_is_initialized
 .text          0x000000000000702c       0xd0 C:/ncs/v2.6.1/nrfxlib/mpsl/lib/cortex-m4/soft-float/libmpsl.a(libmpsl_debug_soft__obfuscated.elf)
                0x000000000000702c                mpsl_ecb_block_encrypt
 .text          0x00000000000070fc       0x7c C:/ncs/v2.6.1/nrfxlib/mpsl/lib/cortex-m4/soft-float/libmpsl.a(libmpsl_debug_soft__obfuscated.elf)
                0x00000000000070fc                mpsl_temperature_get
 .text          0x0000000000007178       0x38 C:/ncs/v2.6.1/nrfxlib/mpsl/lib/cortex-m4/soft-float/libmpsl.a(libmpsl_debug_soft__obfuscated.elf)
                0x0000000000007178                sym_W7ROFHNOSDKPIRUKDGIZZ5YR3MC3DAM2YLJOUIA
 .text          0x00000000000071b0       0x20 C:/ncs/v2.6.1/nrfxlib/mpsl/lib/cortex-m4/soft-float/libmpsl.a(libmpsl_debug_soft__obfuscated.elf)
                0x00000000000071b0                sym_BJJ4JJDCVJTQH3OQZK6RMMOLISQZEJEZ3BJOKJY
 .text          0x00000000000071d0       0x38 C:/ncs/v2.6.1/nrfxlib/mpsl/lib/cortex-m4/soft-float/libmpsl.a(libmpsl_debug_soft__obfuscated.elf)
                0x00000000000071d0                sym_GURZ3AH6X65RGSKYMYNWZVP6HM56LA5MRAQWT6Q
 .text          0x0000000000007208       0x50 C:/ncs/v2.6.1/nrfxlib/mpsl/lib/cortex-m4/soft-float/libmpsl.a(libmpsl_debug_soft__obfuscated.elf)
                0x0000000000007208                sym_VWGRUQT3LYZHLYS5KJ7UOCJEHLDJTWH4RVJBGKQ
 .text          0x0000000000007258       0x34 C:/ncs/v2.6.1/nrfxlib/mpsl/lib/cortex-m4/soft-float/libmpsl.a(libmpsl_debug_soft__obfuscated.elf)
                0x0000000000007258                sym_4WL3TG4Q7RCTFEMPQ2CQTOL4PAKUULDPJUM5DTY
 .text          0x000000000000728c       0x54 C:/ncs/v2.6.1/nrfxlib/mpsl/lib/cortex-m4/soft-float/libmpsl.a(libmpsl_debug_soft__obfuscated.elf)
 .text          0x00000000000072e0       0x88 C:/ncs/v2.6.1/nrfxlib/mpsl/lib/cortex-m4/soft-float/libmpsl.a(libmpsl_debug_soft__obfuscated.elf)
                0x00000000000072e0                sym_2FGI6PRNKAQGGACVKJNWC6EWB4C4ZZYUSEGOPOI
 .text          0x0000000000007368       0xb0 C:/ncs/v2.6.1/nrfxlib/mpsl/lib/cortex-m4/soft-float/libmpsl.a(libmpsl_debug_soft__obfuscated.elf)
                0x0000000000007368                sym_R66O3ZG7PAFXV56YPWXD7FGU6UB3QYBQIHK33BQ
 .text          0x0000000000007418       0x8c C:/ncs/v2.6.1/nrfxlib/mpsl/lib/cortex-m4/soft-float/libmpsl.a(libmpsl_debug_soft__obfuscated.elf)
                0x0000000000007418                sym_525JLJ5JEQ6FEZGTSIW74UTOCUZ2F4YECMQ6KVQ
 .text          0x00000000000074a4       0xf0 C:/ncs/v2.6.1/nrfxlib/mpsl/lib/cortex-m4/soft-float/libmpsl.a(libmpsl_debug_soft__obfuscated.elf)
                0x00000000000074a4                sym_DQONLUECJTIEYFOFJXXAPJO4POIAJKJNKBGVN5A
 .text          0x0000000000007594       0xd8 C:/ncs/v2.6.1/nrfxlib/mpsl/lib/cortex-m4/soft-float/libmpsl.a(libmpsl_debug_soft__obfuscated.elf)
                0x0000000000007594                sym_VSILKYHVQ5DVF6LG5MG267DQVA3A2XZQ6FSCLXA
 .text          0x000000000000766c        0xc C:/ncs/v2.6.1/nrfxlib/mpsl/lib/cortex-m4/soft-float/libmpsl.a(libmpsl_debug_soft__obfuscated.elf)
                0x000000000000766c                sym_FLYO2O6PDDEK6WCFFGJRAPCMRB5FFHTEEHI4Z2Q
 .text          0x0000000000007678      0x2a0 c:/ncs/toolchains/2d382dcd92/opt/zephyr-sdk/arm-zephyr-eabi/bin/../lib/gcc/arm-zephyr-eabi/12.2.0/thumb/v7e-m/nofp\libgcc.a(_udivmoddi4.o)
                0x0000000000007678                __udivmoddi4
 .text          0x0000000000007918       0x5e C:/ncs/v2.6.1/nrfxlib/softdevice_controller/lib/cortex-m4/soft-float/libsoftdevice_controller_peripheral.a(libsoftdevice_controller_s112_debug_soft__obfuscated.elf)
                0x0000000000007918                sym_CNH7SD2WCGFAHI2ANQOF3HHV2F3WYQDABEB6D2I
 .text          0x0000000000007976       0x6c C:/ncs/v2.6.1/nrfxlib/softdevice_controller/lib/cortex-m4/soft-float/libsoftdevice_controller_peripheral.a(libsoftdevice_controller_s112_debug_soft__obfuscated.elf)
                0x0000000000007976                sym_XBPRCWTRXORTYBBILZLCEINUIX4S5BJ5RTZD2RY
 .text          0x00000000000079e2      0x25a C:/ncs/v2.6.1/nrfxlib/softdevice_controller/lib/cortex-m4/soft-float/libsoftdevice_controller_peripheral.a(libsoftdevice_controller_s112_debug_soft__obfuscated.elf)
                0x00000000000079e2                sym_XMQQMVD4MD6DRWNW2DWSCGOMJHFY3IX7NXUHTGI
 .text          0x0000000000007c3c       0x20 C:/ncs/v2.6.1/nrfxlib/softdevice_controller/lib/cortex-m4/soft-float/libsoftdevice_controller_peripheral.a(libsoftdevice_controller_s112_debug_soft__obfuscated.elf)
                0x0000000000007c3c                sdc_hci_get
 .text          0x0000000000007c5c        0xa C:/ncs/v2.6.1/nrfxlib/softdevice_controller/lib/cortex-m4/soft-float/libsoftdevice_controller_peripheral.a(libsoftdevice_controller_s112_debug_soft__obfuscated.elf)
                0x0000000000007c5c                sdc_hci_cmd_cb_set_event_mask
 .text          0x0000000000007c66       0x34 C:/ncs/v2.6.1/nrfxlib/softdevice_controller/lib/cortex-m4/soft-float/libsoftdevice_controller_peripheral.a(libsoftdevice_controller_s112_debug_soft__obfuscated.elf)
                0x0000000000007c66                sdc_hci_cmd_vs_zephyr_read_version_info
 .text          0x0000000000007c9a        0x4 C:/ncs/v2.6.1/nrfxlib/softdevice_controller/lib/cortex-m4/soft-float/libsoftdevice_controller_peripheral.a(libsoftdevice_controller_s112_debug_soft__obfuscated.elf)
                0x0000000000007c9a                sdc_hci_cmd_vs_zephyr_write_bd_addr
 .text          0x0000000000007c9e       0xa4 C:/ncs/v2.6.1/nrfxlib/softdevice_controller/lib/cortex-m4/soft-float/libsoftdevice_controller_peripheral.a(libsoftdevice_controller_s112_debug_soft__obfuscated.elf)
                0x0000000000007c9e                sdc_hci_cmd_vs_zephyr_read_static_addresses
 .text          0x0000000000007d42       0xa2 C:/ncs/v2.6.1/nrfxlib/softdevice_controller/lib/cortex-m4/soft-float/libsoftdevice_controller_peripheral.a(libsoftdevice_controller_s112_debug_soft__obfuscated.elf)
                0x0000000000007d42                sdc_hci_cmd_vs_zephyr_read_key_hierarchy_roots
 .text          0x0000000000007de4       0x2c C:/ncs/v2.6.1/nrfxlib/softdevice_controller/lib/cortex-m4/soft-float/libsoftdevice_controller_peripheral.a(libsoftdevice_controller_s112_debug_soft__obfuscated.elf)
                0x0000000000007de4                sdc_hci_cmd_vs_zephyr_read_chip_temp
 .text          0x0000000000007e10        0x4 C:/ncs/v2.6.1/nrfxlib/softdevice_controller/lib/cortex-m4/soft-float/libsoftdevice_controller_peripheral.a(libsoftdevice_controller_s112_debug_soft__obfuscated.elf)
                0x0000000000007e10                sdc_hci_cmd_vs_llpm_mode_set
 .text          0x0000000000007e14        0x4 C:/ncs/v2.6.1/nrfxlib/softdevice_controller/lib/cortex-m4/soft-float/libsoftdevice_controller_peripheral.a(libsoftdevice_controller_s112_debug_soft__obfuscated.elf)
                0x0000000000007e14                sdc_hci_cmd_vs_conn_update
 .text          0x0000000000007e18        0x4 C:/ncs/v2.6.1/nrfxlib/softdevice_controller/lib/cortex-m4/soft-float/libsoftdevice_controller_peripheral.a(libsoftdevice_controller_s112_debug_soft__obfuscated.elf)
                0x0000000000007e18                sdc_hci_cmd_vs_conn_event_extend
 .text          0x0000000000007e1c        0xc C:/ncs/v2.6.1/nrfxlib/softdevice_controller/lib/cortex-m4/soft-float/libsoftdevice_controller_peripheral.a(libsoftdevice_controller_s112_debug_soft__obfuscated.elf)
                0x0000000000007e1c                sdc_hci_cmd_vs_qos_conn_event_report_enable
 .text          0x0000000000007e28        0x4 C:/ncs/v2.6.1/nrfxlib/softdevice_controller/lib/cortex-m4/soft-float/libsoftdevice_controller_peripheral.a(libsoftdevice_controller_s112_debug_soft__obfuscated.elf)
                0x0000000000007e28                sdc_hci_cmd_vs_event_length_set
 .text          0x0000000000007e2c        0x4 C:/ncs/v2.6.1/nrfxlib/softdevice_controller/lib/cortex-m4/soft-float/libsoftdevice_controller_peripheral.a(libsoftdevice_controller_s112_debug_soft__obfuscated.elf)
                0x0000000000007e2c                sdc_hci_cmd_vs_set_adv_randomness
 .text          0x0000000000007e30        0x4 C:/ncs/v2.6.1/nrfxlib/softdevice_controller/lib/cortex-m4/soft-float/libsoftdevice_controller_peripheral.a(libsoftdevice_controller_s112_debug_soft__obfuscated.elf)
                0x0000000000007e30                sdc_hci_cmd_ip_read_local_version_information
 .text          0x0000000000007e34        0x4 C:/ncs/v2.6.1/nrfxlib/softdevice_controller/lib/cortex-m4/soft-float/libsoftdevice_controller_peripheral.a(libsoftdevice_controller_s112_debug_soft__obfuscated.elf)
                0x0000000000007e34                sdc_hci_cmd_ip_read_bd_addr
 .text          0x0000000000007e38        0xa C:/ncs/v2.6.1/nrfxlib/softdevice_controller/lib/cortex-m4/soft-float/libsoftdevice_controller_peripheral.a(libsoftdevice_controller_s112_debug_soft__obfuscated.elf)
                0x0000000000007e38                sdc_hci_cmd_le_set_event_mask
 .text          0x0000000000007e42        0x4 C:/ncs/v2.6.1/nrfxlib/softdevice_controller/lib/cortex-m4/soft-float/libsoftdevice_controller_peripheral.a(libsoftdevice_controller_s112_debug_soft__obfuscated.elf)
                0x0000000000007e42                sdc_hci_cmd_le_read_buffer_size
 .text          0x0000000000007e46        0x4 C:/ncs/v2.6.1/nrfxlib/softdevice_controller/lib/cortex-m4/soft-float/libsoftdevice_controller_peripheral.a(libsoftdevice_controller_s112_debug_soft__obfuscated.elf)
                0x0000000000007e46                sdc_hci_cmd_le_set_random_address
 .text          0x0000000000007e4a        0x4 C:/ncs/v2.6.1/nrfxlib/softdevice_controller/lib/cortex-m4/soft-float/libsoftdevice_controller_peripheral.a(libsoftdevice_controller_s112_debug_soft__obfuscated.elf)
                0x0000000000007e4a                sdc_hci_cmd_le_set_adv_params
 .text          0x0000000000007e4e        0x4 C:/ncs/v2.6.1/nrfxlib/softdevice_controller/lib/cortex-m4/soft-float/libsoftdevice_controller_peripheral.a(libsoftdevice_controller_s112_debug_soft__obfuscated.elf)
                0x0000000000007e4e                sdc_hci_cmd_le_read_adv_physical_channel_tx_power
 .text          0x0000000000007e52        0x4 C:/ncs/v2.6.1/nrfxlib/softdevice_controller/lib/cortex-m4/soft-float/libsoftdevice_controller_peripheral.a(libsoftdevice_controller_s112_debug_soft__obfuscated.elf)
                0x0000000000007e52                sdc_hci_cmd_le_set_adv_data
 .text          0x0000000000007e56        0x4 C:/ncs/v2.6.1/nrfxlib/softdevice_controller/lib/cortex-m4/soft-float/libsoftdevice_controller_peripheral.a(libsoftdevice_controller_s112_debug_soft__obfuscated.elf)
                0x0000000000007e56                sdc_hci_cmd_le_set_scan_response_data
 .text          0x0000000000007e5a        0x4 C:/ncs/v2.6.1/nrfxlib/softdevice_controller/lib/cortex-m4/soft-float/libsoftdevice_controller_peripheral.a(libsoftdevice_controller_s112_debug_soft__obfuscated.elf)
                0x0000000000007e5a                sdc_hci_cmd_le_set_adv_enable
 .text          0x0000000000007e5e        0x4 C:/ncs/v2.6.1/nrfxlib/softdevice_controller/lib/cortex-m4/soft-float/libsoftdevice_controller_peripheral.a(libsoftdevice_controller_s112_debug_soft__obfuscated.elf)
                0x0000000000007e5e                sdc_hci_cmd_le_read_filter_accept_list_size
 .text          0x0000000000007e62        0x4 C:/ncs/v2.6.1/nrfxlib/softdevice_controller/lib/cortex-m4/soft-float/libsoftdevice_controller_peripheral.a(libsoftdevice_controller_s112_debug_soft__obfuscated.elf)
                0x0000000000007e62                sdc_hci_cmd_le_clear_filter_accept_list
 .text          0x0000000000007e66        0x4 C:/ncs/v2.6.1/nrfxlib/softdevice_controller/lib/cortex-m4/soft-float/libsoftdevice_controller_peripheral.a(libsoftdevice_controller_s112_debug_soft__obfuscated.elf)
                0x0000000000007e66                sdc_hci_cmd_le_add_device_to_filter_accept_list
 .text          0x0000000000007e6a        0x4 C:/ncs/v2.6.1/nrfxlib/softdevice_controller/lib/cortex-m4/soft-float/libsoftdevice_controller_peripheral.a(libsoftdevice_controller_s112_debug_soft__obfuscated.elf)
                0x0000000000007e6a                sdc_hci_cmd_le_remove_device_from_filter_accept_list
 .text          0x0000000000007e6e        0x4 C:/ncs/v2.6.1/nrfxlib/softdevice_controller/lib/cortex-m4/soft-float/libsoftdevice_controller_peripheral.a(libsoftdevice_controller_s112_debug_soft__obfuscated.elf)
                0x0000000000007e6e                sdc_hci_cmd_le_encrypt
 .text          0x0000000000007e72        0x4 C:/ncs/v2.6.1/nrfxlib/softdevice_controller/lib/cortex-m4/soft-float/libsoftdevice_controller_peripheral.a(libsoftdevice_controller_s112_debug_soft__obfuscated.elf)
                0x0000000000007e72                sdc_hci_cmd_le_rand
 .text          0x0000000000007e76        0x8 C:/ncs/v2.6.1/nrfxlib/softdevice_controller/lib/cortex-m4/soft-float/libsoftdevice_controller_peripheral.a(libsoftdevice_controller_s112_debug_soft__obfuscated.elf)
                0x0000000000007e76                sdc_hci_cmd_le_long_term_key_request_negative_reply
 .text          0x0000000000007e7e        0x4 C:/ncs/v2.6.1/nrfxlib/softdevice_controller/lib/cortex-m4/soft-float/libsoftdevice_controller_peripheral.a(libsoftdevice_controller_s112_debug_soft__obfuscated.elf)
                0x0000000000007e7e                sdc_hci_cmd_le_read_transmit_power
 .text          0x0000000000007e82        0x4 C:/ncs/v2.6.1/nrfxlib/softdevice_controller/lib/cortex-m4/soft-float/libsoftdevice_controller_peripheral.a(libsoftdevice_controller_s112_debug_soft__obfuscated.elf)
                0x0000000000007e82                sdc_hci_cmd_le_set_data_related_address_changes
 .text          0x0000000000007e86       0x50 C:/ncs/v2.6.1/nrfxlib/softdevice_controller/lib/cortex-m4/soft-float/libsoftdevice_controller_peripheral.a(libsoftdevice_controller_s112_debug_soft__obfuscated.elf)
                0x0000000000007e86                sym_A7PVZLRTORLFMETW3GOBE4DG32WTH46LP2SW5QQ
 .text          0x0000000000007ed6       0x12 C:/ncs/v2.6.1/nrfxlib/softdevice_controller/lib/cortex-m4/soft-float/libsoftdevice_controller_peripheral.a(libsoftdevice_controller_s112_debug_soft__obfuscated.elf)
                0x0000000000007ed6                sym_E56LW5YVGUG6HP2OML5URHI7K2KCWX5ULQKQOKY
 .text          0x0000000000007ee8        0xc C:/ncs/v2.6.1/nrfxlib/softdevice_controller/lib/cortex-m4/soft-float/libsoftdevice_controller_peripheral.a(libsoftdevice_controller_s112_debug_soft__obfuscated.elf)
                0x0000000000007ee8                sym_GY6HW2EOPDDWC2CI5H63QTBNGQK3KCPAMBHR3EY
 .text          0x0000000000007ef4       0x38 C:/ncs/v2.6.1/nrfxlib/softdevice_controller/lib/cortex-m4/soft-float/libsoftdevice_controller_peripheral.a(libsoftdevice_controller_s112_debug_soft__obfuscated.elf)
                0x0000000000007ef4                sym_PTZ4EWNTFK5S5TZGCBNFETDF37P4DBX7VGM33II
 .text          0x0000000000007f2c       0x3c C:/ncs/v2.6.1/nrfxlib/softdevice_controller/lib/cortex-m4/soft-float/libsoftdevice_controller_peripheral.a(libsoftdevice_controller_s112_debug_soft__obfuscated.elf)
                0x0000000000007f2c                sym_T2KVJXUKBW7E6DZMIXB2ENUQYG6P2TBYLXO3PAY
 .text          0x0000000000007f68       0x54 C:/ncs/v2.6.1/nrfxlib/softdevice_controller/lib/cortex-m4/soft-float/libsoftdevice_controller_peripheral.a(libsoftdevice_controller_s112_debug_soft__obfuscated.elf)
                0x0000000000007f68                sym_JTNP7UFMKYWSFCHJEA5IASO3QVW3HK4YV6YOJYQ
 .text          0x0000000000007fbc        0xe C:/ncs/v2.6.1/nrfxlib/softdevice_controller/lib/cortex-m4/soft-float/libsoftdevice_controller_peripheral.a(libsoftdevice_controller_s112_debug_soft__obfuscated.elf)
                0x0000000000007fbc                sym_B627VJPECYREV5OY4VJ652ISBA4XGPKVOUJ747A
 .text          0x0000000000007fca       0x3c C:/ncs/v2.6.1/nrfxlib/softdevice_controller/lib/cortex-m4/soft-float/libsoftdevice_controller_peripheral.a(libsoftdevice_controller_s112_debug_soft__obfuscated.elf)
 .text          0x0000000000008006       0x10 C:/ncs/v2.6.1/nrfxlib/softdevice_controller/lib/cortex-m4/soft-float/libsoftdevice_controller_peripheral.a(libsoftdevice_controller_s112_debug_soft__obfuscated.elf)
 .text          0x0000000000008016       0x32 C:/ncs/v2.6.1/nrfxlib/softdevice_controller/lib/cortex-m4/soft-float/libsoftdevice_controller_peripheral.a(libsoftdevice_controller_s112_debug_soft__obfuscated.elf)
                0x0000000000008016                sym_HNCDHITBYWLO4GMOSPKCO7YXRRWIUQ2IKIZ4C5A
 .text          0x0000000000008048       0x1c C:/ncs/v2.6.1/nrfxlib/softdevice_controller/lib/cortex-m4/soft-float/libsoftdevice_controller_peripheral.a(libsoftdevice_controller_s112_debug_soft__obfuscated.elf)
                0x0000000000008048                sym_WDNTHBFS7DQM3AR7WDCR7ZEICFH5ZM5PJ35BRPY
 .text          0x0000000000008064        0x6 C:/ncs/v2.6.1/nrfxlib/softdevice_controller/lib/cortex-m4/soft-float/libsoftdevice_controller_peripheral.a(libsoftdevice_controller_s112_debug_soft__obfuscated.elf)
                0x0000000000008064                sym_SCCFLYV5KOPRJ5S7RGDC2KDSCCHMKXYC3EQIE6A
 .text          0x000000000000806a       0x60 C:/ncs/v2.6.1/nrfxlib/softdevice_controller/lib/cortex-m4/soft-float/libsoftdevice_controller_peripheral.a(libsoftdevice_controller_s112_debug_soft__obfuscated.elf)
                0x000000000000806a                sym_F5SXUQLY6DFZ5NXKJ4VFIGAK52D6AM5LN2AJKSY
 .text          0x00000000000080ca       0x3a C:/ncs/v2.6.1/nrfxlib/softdevice_controller/lib/cortex-m4/soft-float/libsoftdevice_controller_peripheral.a(libsoftdevice_controller_s112_debug_soft__obfuscated.elf)
                0x00000000000080ca                sym_OC5GPSERLPE7TKXSCU3QAZ62H3OM4MWFYV7WX2I
 .text          0x0000000000008104       0x4e C:/ncs/v2.6.1/nrfxlib/softdevice_controller/lib/cortex-m4/soft-float/libsoftdevice_controller_peripheral.a(libsoftdevice_controller_s112_debug_soft__obfuscated.elf)
                0x0000000000008104                sym_VPXIA5P4C72CY3ME4ZVXBADOKEG5S4C7Z7QZZFA
 .text          0x0000000000008152       0x44 C:/ncs/v2.6.1/nrfxlib/softdevice_controller/lib/cortex-m4/soft-float/libsoftdevice_controller_peripheral.a(libsoftdevice_controller_s112_debug_soft__obfuscated.elf)