Archive member included to satisfy reference by file (symbol)

app/libapp.a(main.c.obj)      (--whole-archive)
app/libapp.a(flash_map_extended.c.obj)
                              (--whole-archive)
app/libapp.a(os.c.obj)        (--whole-archive)
app/libapp.a(keys.c.obj)      (--whole-archive)
app/libapp.a(image_validate.c.obj)
                              (--whole-archive)
app/libapp.a(tlv.c.obj)       (--whole-archive)
app/libapp.a(encrypted.c.obj)
                              (--whole-archive)
app/libapp.a(image_rsa.c.obj)
                              (--whole-archive)
app/libapp.a(image_ecdsa.c.obj)
                              (--whole-archive)
app/libapp.a(image_ed25519.c.obj)
                              (--whole-archive)
app/libapp.a(bootutil_misc.c.obj)
                              (--whole-archive)
app/libapp.a(fault_injection_hardening.c.obj)
                              (--whole-archive)
app/libapp.a(loader.c.obj)    (--whole-archive)
app/libapp.a(swap_misc.c.obj)
                              (--whole-archive)
app/libapp.a(swap_scratch.c.obj)
                              (--whole-archive)
app/libapp.a(swap_move.c.obj)
                              (--whole-archive)
app/libapp.a(caps.c.obj)      (--whole-archive)
app/libapp.a(autogen-pubkey.c.obj)
                              (--whole-archive)
app/libapp.a(arm_cleanup.c.obj)
                              (--whole-archive)
app/libapp.a(nrf_cleanup.c.obj)
                              (--whole-archive)
zephyr/libzephyr.a(cbprintf_packaged.c.obj)
                              (--whole-archive)
zephyr/libzephyr.a(dec.c.obj)
                              (--whole-archive)
zephyr/libzephyr.a(hex.c.obj)
                              (--whole-archive)
zephyr/libzephyr.a(printk.c.obj)
                              (--whole-archive)
zephyr/libzephyr.a(rb.c.obj)  (--whole-archive)
zephyr/libzephyr.a(sem.c.obj)
                              (--whole-archive)
zephyr/libzephyr.a(thread_entry.c.obj)
                              (--whole-archive)
zephyr/libzephyr.a(timeutil.c.obj)
                              (--whole-archive)
zephyr/libzephyr.a(heap.c.obj)
                              (--whole-archive)
zephyr/libzephyr.a(heap-validate.c.obj)
                              (--whole-archive)
zephyr/libzephyr.a(bitarray.c.obj)
                              (--whole-archive)
zephyr/libzephyr.a(multi_heap.c.obj)
                              (--whole-archive)
zephyr/libzephyr.a(onoff.c.obj)
                              (--whole-archive)
zephyr/libzephyr.a(notify.c.obj)
                              (--whole-archive)
zephyr/libzephyr.a(cbprintf_nano.c.obj)
                              (--whole-archive)
zephyr/libzephyr.a(cbprintf.c.obj)
                              (--whole-archive)
zephyr/libzephyr.a(assert.c.obj)
                              (--whole-archive)
zephyr/libzephyr.a(reboot.c.obj)
                              (--whole-archive)
zephyr/libzephyr.a(configs.c.obj)
                              (--whole-archive)
zephyr/libzephyr.a(log_minimal.c.obj)
                              (--whole-archive)
zephyr/libzephyr.a(mem_attr.c.obj)
                              (--whole-archive)
zephyr/libzephyr.a(flash_map.c.obj)
                              (--whole-archive)
zephyr/libzephyr.a(flash_map_layout.c.obj)
                              (--whole-archive)
zephyr/libzephyr.a(tracing_none.c.obj)
                              (--whole-archive)
zephyr/libzephyr.a(flash_map_partition_manager.c.obj)
                              (--whole-archive)
zephyr/arch/common/libarch__common.a(sw_isr_common.c.obj)
                              (--whole-archive)
zephyr/arch/arch/arm/core/libarch__arm__core.a(fatal.c.obj)
                              (--whole-archive)
zephyr/arch/arch/arm/core/libarch__arm__core.a(nmi.c.obj)
                              (--whole-archive)
zephyr/arch/arch/arm/core/libarch__arm__core.a(nmi_on_reset.S.obj)
                              (--whole-archive)
zephyr/arch/arch/arm/core/cortex_m/libarch__arm__core__cortex_m.a(exc_exit.S.obj)
                              (--whole-archive)
zephyr/arch/arch/arm/core/cortex_m/libarch__arm__core__cortex_m.a(fault.c.obj)
                              (--whole-archive)
zephyr/arch/arch/arm/core/cortex_m/libarch__arm__core__cortex_m.a(fault_s.S.obj)
                              (--whole-archive)
zephyr/arch/arch/arm/core/cortex_m/libarch__arm__core__cortex_m.a(fpu.c.obj)
                              (--whole-archive)
zephyr/arch/arch/arm/core/cortex_m/libarch__arm__core__cortex_m.a(reset.S.obj)
                              (--whole-archive)
zephyr/arch/arch/arm/core/cortex_m/libarch__arm__core__cortex_m.a(scb.c.obj)
                              (--whole-archive)
zephyr/arch/arch/arm/core/cortex_m/libarch__arm__core__cortex_m.a(thread_abort.c.obj)
                              (--whole-archive)
zephyr/arch/arch/arm/core/cortex_m/libarch__arm__core__cortex_m.a(vector_table.S.obj)
[...]
Memory Configuration

Name             Origin             Length             Attributes
FLASH            0x0000000000000000 0x000000000000c000 xr
RAM              0x0000000020000000 0x0000000000020000 xw
IDT_LIST         0x00000000ffff7fff 0x0000000000008000 xw
*default*        0x0000000000000000 0xffffffffffffffff

Linker script and memory map

LOAD zephyr/CMakeFiles/zephyr_final.dir/misc/empty_file.c.obj
LOAD zephyr/CMakeFiles/zephyr_final.dir/isr_tables.c.obj
LOAD zephyr/CMakeFiles/offsets.dir/./arch/arm/core/offsets/offsets.c.obj
LOAD app/libapp.a
LOAD zephyr/libzephyr.a
LOAD zephyr/arch/common/libarch__common.a
LOAD zephyr/arch/arch/arm/core/libarch__arm__core.a
LOAD zephyr/arch/arch/arm/core/cortex_m/libarch__arm__core__cortex_m.a
LOAD zephyr/arch/arch/arm/core/mpu/libarch__arm__core__mpu.a
LOAD zephyr/lib/libc/minimal/liblib__libc__minimal.a
LOAD zephyr/lib/libc/common/liblib__libc__common.a
LOAD zephyr/soc/soc/arm/nordic_nrf/libsoc__arm__nordic_nrf.a
LOAD zephyr/drivers/adc/libdrivers__adc.a
LOAD zephyr/drivers/clock_control/libdrivers__clock_control.a
LOAD zephyr/drivers/flash/libdrivers__flash.a
LOAD zephyr/drivers/gpio/libdrivers__gpio.a
LOAD zephyr/drivers/pinctrl/libdrivers__pinctrl.a
LOAD zephyr/drivers/sensor/nrf5/libdrivers__sensor__nrf5.a
LOAD zephyr/drivers/timer/libdrivers__timer.a
LOAD modules/nrf/lib/fprotect/lib..__nrf__lib__fprotect.a
LOAD modules/nrf/lib/fatal_error/lib..__nrf__lib__fatal_error.a
LOAD modules/mcuboot/boot/bootutil/zephyr/libmcuboot_util.a
LOAD modules/mbedtls/libmbedTLSBase.a
LOAD modules/mbedtls/libmbedTLSCrypto.a
LOAD modules/mbedtls/libmbedTLSX509.a
LOAD modules/mbedtls/libmodules__mbedtls.a
LOAD modules/hal_nordic/nrfx/libmodules__hal_nordic__nrfx.a
LOAD zephyr/kernel/libkernel.a
LOAD c:/ncs/toolchains/2d382dcd92/opt/zephyr-sdk/arm-zephyr-eabi/bin/../lib/gcc/arm-zephyr-eabi/12.2.0/thumb/v7e-m/nofp\libgcc.a
LOAD zephyr/arch/common/libisr_tables.a
LOAD modules/mbedtls/libmbedTLSBase.a
LOAD modules/mbedtls/libmbedTLSCrypto.a
LOAD modules/mbedtls/libmbedTLSX509.a
                0x0000000000000020                _region_min_align = 0x20

.rel.plt        0x0000000000000000        0x0
 *(SORT_BY_ALIGNMENT(.rel.plt))
                [!provide]                        PROVIDE (__rel_iplt_start = .)
 *(SORT_BY_ALIGNMENT(.rel.iplt))
 .rel.iplt      0x0000000000000000        0x0 zephyr/CMakeFiles/zephyr_final.dir/isr_tables.c.obj
                [!provide]                        PROVIDE (__rel_iplt_end = .)

.rela.plt       0x0000000000000000        0x0
 *(SORT_BY_ALIGNMENT(.rela.plt))
                [!provide]                        PROVIDE (__rela_iplt_start = .)
 *(SORT_BY_ALIGNMENT(.rela.iplt))
                [!provide]                        PROVIDE (__rela_iplt_end = .)

.rel.dyn
 *(SORT_BY_ALIGNMENT(.rel.*))

.rela.dyn
 *(SORT_BY_ALIGNMENT(.rela.*))

/DISCARD/
 *(SORT_BY_ALIGNMENT(.plt))

/DISCARD/
 *(SORT_BY_ALIGNMENT(.iplt))
                0x0000000000000000                __rom_region_start = 0x0

rom_start       0x0000000000000000      0x100
                0x0000000000000000                __rom_start_address = .
 FILL mask 0x00
                0x0000000000000000                . = (. + (0x0 - (. - __rom_start_address)))
                0x0000000000000000                . = ALIGN (0x4)
                0x0000000000000000                . = ALIGN (0x80)
                0x0000000000000000                . = ALIGN (0x100)
                0x0000000000000000                _vector_start = .
 *(SORT_BY_ALIGNMENT(.exc_vector_table))
 *(SORT_BY_ALIGNMENT(.exc_vector_table.*))
 .exc_vector_table._vector_table_section
                0x0000000000000000       0x40 zephyr/arch/arch/arm/core/cortex_m/libarch__arm__core__cortex_m.a(vector_table.S.obj)
                0x0000000000000000                _vector_table
 *(SORT_BY_ALIGNMENT(.vectors))
                0x0000000000000100                _vector_end = .
                0x0000000000000040                . = ALIGN (0x4)
 *(SORT_BY_ALIGNMENT(.gnu.linkonce.irq_vector_table*))
 .gnu.linkonce.irq_vector_table
                0x0000000000000040       0xc0 zephyr/CMakeFiles/zephyr_final.dir/isr_tables.c.obj
                0x0000000000000040                _irq_vector_table
                0x0000000000000100                _vector_end = .

text            0x0000000000000100     0x8508
                0x0000000000000100                __text_region_start = .
 *(SORT_BY_ALIGNMENT(.text))
 .text          0x0000000000000100       0x30 c:/ncs/toolchains/2d382dcd92/opt/zephyr-sdk/arm-zephyr-eabi/bin/../lib/gcc/arm-zephyr-eabi/12.2.0/thumb/v7e-m/nofp\libgcc.a(_aeabi_uldivmod.o)
                0x0000000000000100                __aeabi_uldivmod
 .text          0x0000000000000130        0x4 c:/ncs/toolchains/2d382dcd92/opt/zephyr-sdk/arm-zephyr-eabi/bin/../lib/gcc/arm-zephyr-eabi/12.2.0/thumb/v7e-m/nofp\libgcc.a(_dvmd_tls.o)
                0x0000000000000130                __aeabi_idiv0
                0x0000000000000130                __aeabi_ldiv0
 .text          0x0000000000000134      0x2a0 c:/ncs/toolchains/2d382dcd92/opt/zephyr-sdk/arm-zephyr-eabi/bin/../lib/gcc/arm-zephyr-eabi/12.2.0/thumb/v7e-m/nofp\libgcc.a(_udivmoddi4.o)
                0x0000000000000134                __udivmoddi4
 *(SORT_BY_ALIGNMENT(.text.*))
 .text.main     0x00000000000003d4       0xbc app/libapp.a(main.c.obj)
                0x00000000000003d4                main
 .text.flash_device_base
                0x0000000000000490       0x20 app/libapp.a(flash_map_extended.c.obj)
                0x0000000000000490                flash_device_base
 .text.flash_area_id_from_multi_image_slot
                0x00000000000004b0       0x24 app/libapp.a(flash_map_extended.c.obj)
                0x00000000000004b0                flash_area_id_from_multi_image_slot
 .text.os_heap_init
                0x00000000000004d4       0x10 app/libapp.a(os.c.obj)
                0x00000000000004d4                os_heap_init
 .text.bootutil_img_validate
                0x00000000000004e4      0x1d8 app/libapp.a(image_validate.c.obj)
                0x00000000000004e4                bootutil_img_validate
 .text.bootutil_verify_sig
                0x00000000000006bc      0x1e8 app/libapp.a(image_rsa.c.obj)
                0x00000000000006bc                bootutil_verify_sig
 .text.boot_status_entries
                0x00000000000008a4       0x2c app/libapp.a(bootutil_misc.c.obj)
                0x00000000000008a4                boot_status_entries
 .text.boot_find_status
                0x00000000000008d0       0x48 app/libapp.a(bootutil_misc.c.obj)
                0x00000000000008d0                boot_find_status
 .text.bootutil_max_image_size
                0x0000000000000918       0x2c app/libapp.a(bootutil_misc.c.obj)
                0x0000000000000918                bootutil_max_image_size
 .text.boot_validate_slot.isra.0
                0x0000000000000944      0x100 app/libapp.a(loader.c.obj)
 .text.boot_swap_image.isra.0
                0x0000000000000a44       0x88 app/libapp.a(loader.c.obj)
 .text.boot_copy_region
                0x0000000000000acc       0x84 app/libapp.a(loader.c.obj)
                0x0000000000000acc                boot_copy_region
 .text.context_boot_go
                0x0000000000000b50      0x290 app/libapp.a(loader.c.obj)
                0x0000000000000b50                context_boot_go
 .text.boot_go  0x0000000000000de0       0x20 app/libapp.a(loader.c.obj)
                0x0000000000000de0                boot_go
 .text.swap_set_copy_done
                0x0000000000000e00       0x2c app/libapp.a(swap_misc.c.obj)
                0x0000000000000e00                swap_set_copy_done
 .text.swap_set_image_ok
                0x0000000000000e2c       0x44 app/libapp.a(swap_misc.c.obj)
                0x0000000000000e2c                swap_set_image_ok
 .text.boot_read_image_header
                0x0000000000000e70       0xcc app/libapp.a(swap_move.c.obj)
                0x0000000000000e70                boot_read_image_header
 .text.swap_read_status_bytes
                0x0000000000000f3c       0xc8 app/libapp.a(swap_move.c.obj)
                0x0000000000000f3c                swap_read_status_bytes
 .text.boot_slots_compatible
                0x0000000000001004       0x6c app/libapp.a(swap_move.c.obj)
                0x0000000000001004                boot_slots_compatible
 .text.fixup_revert
                0x0000000000001070       0x50 app/libapp.a(swap_move.c.obj)
                0x0000000000001070                fixup_revert
 .text.swap_run
                0x00000000000010c0      0x1e0 app/libapp.a(swap_move.c.obj)
                0x00000000000010c0                swap_run
 .text.cleanup_arm_nvic
                0x00000000000012a0       0x54 app/libapp.a(arm_cleanup.c.obj)
                0x00000000000012a0                cleanup_arm_nvic
 .text.nrf_cleanup_peripheral
                0x00000000000012f4       0x60 app/libapp.a(nrf_cleanup.c.obj)
                0x00000000000012f4                nrf_cleanup_peripheral
 .text.char_out
                0x0000000000001354        0xc zephyr/libzephyr.a(printk.c.obj)
 .text.vprintk  0x0000000000001360       0x1c zephyr/libzephyr.a(printk.c.obj)
                0x0000000000001360                vprintk
 .text.process_event
                0x000000000000137c      0x21c zephyr/libzephyr.a(onoff.c.obj)
 .text.z_cbvprintf_impl
                0x0000000000001598      0x444 zephyr/libzephyr.a(cbprintf_nano.c.obj)
                0x0000000000001598                z_cbvprintf_impl
 .text.mem_attr_get_regions
                0x00000000000019dc        0xc zephyr/libzephyr.a(mem_attr.c.obj)
                0x00000000000019dc                mem_attr_get_regions
 .text.flash_area_open
                0x00000000000019e8       0x50 zephyr/libzephyr.a(flash_map.c.obj)
                0x00000000000019e8                flash_area_open
 .text.flash_area_get_sectors
                0x0000000000001a38       0x60 zephyr/libzephyr.a(flash_map_layout.c.obj)
                0x0000000000001a38                flash_area_get_sectors
 .text.z_SysNmiOnReset
                0x0000000000001a98        0x8 zephyr/arch/arch/arm/core/libarch__arm__core.a(nmi_on_reset.S.obj)
                0x0000000000001a98                z_SysNmiOnReset
 .text._HandlerModeExit
                0x0000000000001aa0       0x1c zephyr/arch/arch/arm/core/cortex_m/libarch__arm__core__cortex_m.a(exc_exit.S.obj)
                0x0000000000001aa0                z_arm_int_exit
                0x0000000000001aa0                z_arm_exc_exit
 .text.mem_manage_fault
                0x0000000000001abc       0xa0 zephyr/arch/arch/arm/core/cortex_m/libarch__arm__core__cortex_m.a(fault.c.obj)
 .text.usage_fault.constprop.0
                0x0000000000001b5c       0x54 zephyr/arch/arch/arm/core/cortex_m/libarch__arm__core__cortex_m.a(fault.c.obj)
 .text.bus_fault.constprop.0
                0x0000000000001bb0       0x6c zephyr/arch/arch/arm/core/cortex_m/libarch__arm__core__cortex_m.a(fault.c.obj)
 .text.z_arm_fault
                0x0000000000001c1c      0x11c zephyr/arch/arch/arm/core/cortex_m/libarch__arm__core__cortex_m.a(fault.c.obj)
                0x0000000000001c1c                z_arm_fault
 .text.z_arm_fault_init
                0x0000000000001d38       0x10 zephyr/arch/arch/arm/core/cortex_m/libarch__arm__core__cortex_m.a(fault.c.obj)
                0x0000000000001d38                z_arm_fault_init
 .text.__fault  0x0000000000001d48       0x14 zephyr/arch/arch/arm/core/cortex_m/libarch__arm__core__cortex_m.a(fault_s.S.obj)
                0x0000000000001d48                z_arm_usage_fault
                0x0000000000001d48                z_arm_mpu_fault
                0x0000000000001d48                z_arm_exc_spurious
                0x0000000000001d48                z_arm_debug_monitor
                0x0000000000001d48                z_arm_hard_fault
                0x0000000000001d48                z_arm_bus_fault
 .text._reset_section
                0x0000000000001d5c       0x54 zephyr/arch/arch/arm/core/cortex_m/libarch__arm__core__cortex_m.a(reset.S.obj)
                0x0000000000001d5c                __start
                0x0000000000001d5c                z_arm_reset
 .text.sys_arch_reboot
                0x0000000000001db0       0x24 zephyr/arch/arch/arm/core/cortex_m/libarch__arm__core__cortex_m.a(scb.c.obj)
                0x0000000000001db0                sys_arch_reboot
 .text.z_arm_clear_arm_mpu_config
                0x0000000000001dd4       0x24 zephyr/arch/arch/arm/core/cortex_m/libarch__arm__core__cortex_m.a(scb.c.obj)
                0x0000000000001dd4                z_arm_clear_arm_mpu_config
 .text.z_arm_init_arch_hw_at_boot
                0x0000000000001df8       0x64 zephyr/arch/arch/arm/core/cortex_m/libarch__arm__core__cortex_m.a(scb.c.obj)
                0x0000000000001df8                z_arm_init_arch_hw_at_boot
 .text.z_impl_k_thread_abort
                0x0000000000001e5c       0x2c zephyr/arch/arch/arm/core/cortex_m/libarch__arm__core__cortex_m.a(thread_abort.c.obj)
                0x0000000000001e5c                z_impl_k_thread_abort
 .text.arch_swap
                0x0000000000001e88       0x30 zephyr/arch/arch/arm/core/cortex_m/libarch__arm__core__cortex_m.a(swap.c.obj)
                0x0000000000001e88                arch_swap
 .text.z_arm_pendsv
                0x0000000000001eb8       0x54 zephyr/arch/arch/arm/core/cortex_m/libarch__arm__core__cortex_m.a(swap_helper.S.obj)
                0x0000000000001eb8                z_arm_pendsv
 .text.z_arm_svc
                0x0000000000001f0c       0x20 zephyr/arch/arch/arm/core/cortex_m/libarch__arm__core__cortex_m.a(swap_helper.S.obj)
                0x0000000000001f0c                z_arm_svc
 .text.arch_irq_enable
                0x0000000000001f2c       0x1c zephyr/arch/arch/arm/core/cortex_m/libarch__arm__core__cortex_m.a(irq_manage.c.obj)
                0x0000000000001f2c                arch_irq_enable
 .text.arch_irq_disable
                0x0000000000001f48       0x28 zephyr/arch/arch/arm/core/cortex_m/libarch__arm__core__cortex_m.a(irq_manage.c.obj)
                0x0000000000001f48                arch_irq_disable
 .text.arch_irq_is_enabled
                0x0000000000001f70       0x1c zephyr/arch/arch/arm/core/cortex_m/libarch__arm__core__cortex_m.a(irq_manage.c.obj)
                0x0000000000001f70                arch_irq_is_enabled
 .text.z_arm_irq_priority_set
                0x0000000000001f8c       0x30 zephyr/arch/arch/arm/core/cortex_m/libarch__arm__core__cortex_m.a(irq_manage.c.obj)
                0x0000000000001f8c                z_arm_irq_priority_set
 .text.z_arm_prep_c
                0x0000000000001fbc       0x38 zephyr/arch/arch/arm/core/cortex_m/libarch__arm__core__cortex_m.a(prep_c.c.obj)
                0x0000000000001fbc                z_arm_prep_c
 .text.arch_new_thread
                0x0000000000001ff4       0x38 zephyr/arch/arch/arm/core/cortex_m/libarch__arm__core__cortex_m.a(thread.c.obj)
                0x0000000000001ff4                arch_new_thread
 .text.z_check_thread_stack_fail
                0x000000000000202c       0x2c zephyr/arch/arch/arm/core/cortex_m/libarch__arm__core__cortex_m.a(thread.c.obj)
                0x000000000000202c                z_check_thread_stack_fail
 .text.arch_switch_to_main_thread
                0x0000000000002058       0x2c zephyr/arch/arch/arm/core/cortex_m/libarch__arm__core__cortex_m.a(thread.c.obj)
                0x0000000000002058                arch_switch_to_main_thread
 .text.z_arm_cpu_idle_init
                0x0000000000002084        0xc zephyr/arch/arch/arm/core/cortex_m/libarch__arm__core__cortex_m.a(cpu_idle.S.obj)
                0x0000000000002084                z_arm_cpu_idle_init
 .text.arch_cpu_idle
                0x0000000000002090       0x1c zephyr/arch/arch/arm/core/cortex_m/libarch__arm__core__cortex_m.a(cpu_idle.S.obj)
                0x0000000000002090                arch_cpu_idle
 .text.arch_cpu_atomic_idle
                0x00000000000020ac       0x18 zephyr/arch/arch/arm/core/cortex_m/libarch__arm__core__cortex_m.a(cpu_idle.S.obj)
                0x00000000000020ac                arch_cpu_atomic_idle
 .text.z_arm_interrupt_init
                0x00000000000020c4       0x18 zephyr/arch/arch/arm/core/cortex_m/libarch__arm__core__cortex_m.a(irq_init.c.obj)
                0x00000000000020c4                z_arm_interrupt_init
 .text._isr_wrapper
                0x00000000000020dc       0x28 zephyr/arch/arch/arm/core/cortex_m/libarch__arm__core__cortex_m.a(isr_wrapper.S.obj)
                0x00000000000020dc                _isr_wrapper
 .text.z_arm_configure_static_mpu_regions
                0x0000000000002104       0x18 zephyr/arch/arch/arm/core/mpu/libarch__arm__core__mpu.a(arm_core_mpu.c.obj)
                0x0000000000002104                z_arm_configure_static_mpu_regions
 .text.z_arm_configure_dynamic_mpu_regions
                0x000000000000211c       0x20 zephyr/arch/arch/arm/core/mpu/libarch__arm__core__mpu.a(arm_core_mpu.c.obj)
                0x000000000000211c                z_arm_configure_dynamic_mpu_regions
 .text.region_init
                0x000000000000213c       0x28 zephyr/arch/arch/arm/core/mpu/libarch__arm__core__mpu.a(arm_mpu.c.obj)
 .text.arm_core_mpu_enable
                0x0000000000002164       0x18 zephyr/arch/arch/arm/core/mpu/libarch__arm__core__mpu.a(arm_mpu.c.obj)
                0x0000000000002164                arm_core_mpu_enable
 .text.arm_core_mpu_disable
                0x000000000000217c       0x14 zephyr/arch/arch/arm/core/mpu/libarch__arm__core__mpu.a(arm_mpu.c.obj)
                0x000000000000217c                arm_core_mpu_disable
 .text.arm_core_mpu_configure_static_mpu_regions
                0x0000000000002190       0x14 zephyr/arch/arch/arm/core/mpu/libarch__arm__core__mpu.a(arm_mpu.c.obj)
                0x0000000000002190                arm_core_mpu_configure_static_mpu_regions
 .text.arm_core_mpu_configure_dynamic_mpu_regions
                0x00000000000021a4       0x30 zephyr/arch/arch/arm/core/mpu/libarch__arm__core__mpu.a(arm_mpu.c.obj)
                0x00000000000021a4                arm_core_mpu_configure_dynamic_mpu_regions
 .text.z_arm_mpu_init
                0x00000000000021d4      0x124 zephyr/arch/arch/arm/core/mpu/libarch__arm__core__mpu.a(arm_mpu.c.obj)
                0x00000000000021d4                z_arm_mpu_init
 .text.nordicsemi_nrf52_init
                0x00000000000022f8       0x10 zephyr/soc/soc/arm/nordic_nrf/libsoc__arm__nordic_nrf.a(soc.c.obj)
 .text.arch_busy_wait
                0x0000000000002308       0x14 zephyr/soc/soc/arm/nordic_nrf/libsoc__arm__nordic_nrf.a(soc.c.obj)
                0x0000000000002308                arch_busy_wait
 .text.z_arm_platform_init
                0x000000000000231c        0x4 zephyr/soc/soc/arm/nordic_nrf/libsoc__arm__nordic_nrf.a(soc_nrf_common.S.obj)
                0x000000000000231c                z_arm_platform_init
 .text.adc_context_start_sampling
                0x0000000000002320       0x1c zephyr/drivers/adc/libdrivers__adc.a(adc_nrfx_saadc.c.obj)
 .text.adc_nrfx_channel_setup
                0x000000000000233c       0xd8 zephyr/drivers/adc/libdrivers__adc.a(adc_nrfx_saadc.c.obj)
 .text.adc_nrfx_read
                0x0000000000002414      0x180 zephyr/drivers/adc/libdrivers__adc.a(adc_nrfx_saadc.c.obj)
 .text.init_saadc
                0x0000000000002594       0x44 zephyr/drivers/adc/libdrivers__adc.a(adc_nrfx_saadc.c.obj)
 .text.saadc_irq_handler
                0x00000000000025d8       0xcc zephyr/drivers/adc/libdrivers__adc.a(adc_nrfx_saadc.c.obj)
 .text.onoff_stop
                0x00000000000026a4       0x30 zephyr/drivers/clock_control/libdrivers__clock_control.a(clock_control_nrf.c.obj)
 .text.onoff_start
                0x00000000000026d4       0x44 zephyr/drivers/clock_control/libdrivers__clock_control.a(clock_control_nrf.c.obj)
 .text.generic_hfclk_stop
                0x0000000000002718       0x34 zephyr/drivers/clock_control/libdrivers__clock_control.a(clock_control_nrf.c.obj)
 .text.clk_init
                0x000000000000274c       0x60 zephyr/drivers/clock_control/libdrivers__clock_control.a(clock_control_nrf.c.obj)
 .text.clkstarted_handle.constprop.0
                0x00000000000027ac       0x34 zephyr/drivers/clock_control/libdrivers__clock_control.a(clock_control_nrf.c.obj)
 .text.clock_event_handler
                0x00000000000027e0       0x34 zephyr/drivers/clock_control/libdrivers__clock_control.a(clock_control_nrf.c.obj)
 .text.generic_hfclk_start
                0x0000000000002814       0x64 zephyr/drivers/clock_control/libdrivers__clock_control.a(clock_control_nrf.c.obj)
 .text.api_blocking_start
                0x0000000000002878       0x34 zephyr/drivers/clock_control/libdrivers__clock_control.a(clock_control_nrf.c.obj)
 .text.z_nrf_clock_control_get_onoff
                0x00000000000028ac       0x10 zephyr/drivers/clock_control/libdrivers__clock_control.a(clock_control_nrf.c.obj)
                0x00000000000028ac                z_nrf_clock_control_get_onoff
 .text.z_nrf_clock_control_lf_on
                0x00000000000028bc       0xb4 zephyr/drivers/clock_control/libdrivers__clock_control.a(clock_control_nrf.c.obj)
                0x00000000000028bc                z_nrf_clock_control_lf_on
 .text.start_cal_process
                0x0000000000002970       0x48 zephyr/drivers/clock_control/libdrivers__clock_control.a(nrf_clock_calibration.c.obj)
 .text.start_cycle
                0x00000000000029b8       0x38 zephyr/drivers/clock_control/libdrivers__clock_control.a(nrf_clock_calibration.c.obj)
 .text.measure_temperature
                0x00000000000029f0       0x88 zephyr/drivers/clock_control/libdrivers__clock_control.a(nrf_clock_calibration.c.obj)
 .text.cal_hf_callback
                0x0000000000002a78       0x2c zephyr/drivers/clock_control/libdrivers__clock_control.a(nrf_clock_calibration.c.obj)
 .text.z_nrf_clock_calibration_init
                0x0000000000002aa4       0x1c zephyr/drivers/clock_control/libdrivers__clock_control.a(nrf_clock_calibration.c.obj)
                0x0000000000002aa4                z_nrf_clock_calibration_init
 .text.z_nrf_clock_calibration_lfclk_started
                0x0000000000002ac0       0x10 zephyr/drivers/clock_control/libdrivers__clock_control.a(nrf_clock_calibration.c.obj)
                0x0000000000002ac0                z_nrf_clock_calibration_lfclk_started
 .text.z_nrf_clock_calibration_lfclk_stopped
                0x0000000000002ad0        0xc zephyr/drivers/clock_control/libdrivers__clock_control.a(nrf_clock_calibration.c.obj)
                0x0000000000002ad0                z_nrf_clock_calibration_lfclk_stopped
 .text.z_nrf_clock_calibration_done_handler
                0x0000000000002adc       0x10 zephyr/drivers/clock_control/libdrivers__clock_control.a(nrf_clock_calibration.c.obj)
                0x0000000000002adc                z_nrf_clock_calibration_done_handler
 .text.flash_nrf_pages_layout
                0x0000000000002aec       0x10 zephyr/drivers/flash/libdrivers__flash.a(soc_flash_nrf.c.obj)
 .text.flash_nrf_get_parameters
                0x0000000000002afc        0x8 zephyr/drivers/flash/libdrivers__flash.a(soc_flash_nrf.c.obj)
 .text.nrf_flash_init
                0x0000000000002b04       0x28 zephyr/drivers/flash/libdrivers__flash.a(soc_flash_nrf.c.obj)
 .text.flash_nrf_erase
                0x0000000000002b2c       0x64 zephyr/drivers/flash/libdrivers__flash.a(soc_flash_nrf.c.obj)
 .text.flash_nrf_write
                0x0000000000002b90       0x64 zephyr/drivers/flash/libdrivers__flash.a(soc_flash_nrf.c.obj)
 .text.gpio_nrfx_pin_interrupt_configure
                0x0000000000002bf4      0x100 zephyr/drivers/gpio/libdrivers__gpio.a(gpio_nrfx.c.obj)
 .text.gpio_nrfx_init
                0x0000000000002cf4       0x48 zephyr/drivers/gpio/libdrivers__gpio.a(gpio_nrfx.c.obj)
 .text.nrfx_gpio_handler
                0x0000000000002d3c       0x4c zephyr/drivers/gpio/libdrivers__gpio.a(gpio_nrfx.c.obj)
 .text.gpio_nrfx_pin_configure
                0x0000000000002d88      0x18c zephyr/drivers/gpio/libdrivers__gpio.a(gpio_nrfx.c.obj)
 .text.hfclk_on_callback
                0x0000000000002f14        0xc zephyr/drivers/sensor/nrf5/libdrivers__sensor__nrf5.a(temp_nrf5.c.obj)
 .text.temp_nrf5_channel_get
                0x0000000000002f20       0x2c zephyr/drivers/sensor/nrf5/libdrivers__sensor__nrf5.a(temp_nrf5.c.obj)
 .text.temp_nrf5_isr
                0x0000000000002f4c       0x18 zephyr/drivers/sensor/nrf5/libdrivers__sensor__nrf5.a(temp_nrf5.c.obj)
 .text.temp_nrf5_sample_fetch
                0x0000000000002f64       0x78 zephyr/drivers/sensor/nrf5/libdrivers__sensor__nrf5.a(temp_nrf5.c.obj)
 .text.temp_nrf5_init
                0x0000000000002fdc       0x40 zephyr/drivers/sensor/nrf5/libdrivers__sensor__nrf5.a(temp_nrf5.c.obj)
 .text.compare_int_lock
                0x000000000000301c       0x48 zephyr/drivers/timer/libdrivers__timer.a(nrf_rtc_timer.c.obj)
 .text.sys_clock_timeout_handler
                0x0000000000003064       0x48 zephyr/drivers/timer/libdrivers__timer.a(nrf_rtc_timer.c.obj)
 .text.compare_int_unlock
                0x00000000000030ac       0x5c zephyr/drivers/timer/libdrivers__timer.a(nrf_rtc_timer.c.obj)
 .text.z_nrf_rtc_timer_read
                0x0000000000003108       0x44 zephyr/drivers/timer/libdrivers__timer.a(nrf_rtc_timer.c.obj)
                0x0000000000003108                z_nrf_rtc_timer_read
 .text.compare_set
                0x000000000000314c      0x130 zephyr/drivers/timer/libdrivers__timer.a(nrf_rtc_timer.c.obj)
 .text.sys_clock_driver_init
                0x000000000000327c       0x90 zephyr/drivers/timer/libdrivers__timer.a(nrf_rtc_timer.c.obj)
 .text.rtc_nrf_isr
                0x000000000000330c       0xd4 zephyr/drivers/timer/libdrivers__timer.a(nrf_rtc_timer.c.obj)
                0x000000000000330c                rtc_nrf_isr
 .text.sys_clock_set_timeout
                0x00000000000033e0       0x5c zephyr/drivers/timer/libdrivers__timer.a(nrf_rtc_timer.c.obj)
                0x00000000000033e0                sys_clock_set_timeout
 .text.sys_clock_elapsed
                0x000000000000343c       0x14 zephyr/drivers/timer/libdrivers__timer.a(nrf_rtc_timer.c.obj)
                0x000000000000343c                sys_clock_elapsed
 .text.sys_clock_disable
                0x0000000000003450       0x30 zephyr/drivers/timer/libdrivers__timer.a(nrf_rtc_timer.c.obj)
                0x0000000000003450                sys_clock_disable
 .text.find_free_region
                0x0000000000003480       0x3c modules/nrf/lib/fprotect/lib..__nrf__lib__fprotect.a(fprotect_acl.c.obj)
 .text.boot_write_magic
                0x00000000000034bc       0x40 modules/mcuboot/boot/bootutil/zephyr/libmcuboot_util.a(bootutil_public.c.obj)
                0x00000000000034bc                boot_write_magic
 .text.boot_read_swap_state
                0x00000000000034fc       0xac modules/mcuboot/boot/bootutil/zephyr/libmcuboot_util.a(bootutil_public.c.obj)
                0x00000000000034fc                boot_read_swap_state
 .text.boot_swap_type_multi
                0x00000000000035a8       0xa4 modules/mcuboot/boot/bootutil/zephyr/libmcuboot_util.a(bootutil_public.c.obj)
                0x00000000000035a8                boot_swap_type_multi
 .text.mbedtls_ct_bool
                0x000000000000364c       0x18 modules/mbedtls/libmbedTLSBase.a(bignum_core.c.obj)
 .text.mbedtls_mpi_core_cond_assign
                0x0000000000003664       0x30 modules/mbedtls/libmbedTLSBase.a(bignum_core.c.obj)
                0x0000000000003664                mbedtls_mpi_core_cond_assign
 .text.mbedtls_ct_bool
                0x0000000000003694       0x18 modules/mbedtls/libmbedTLSBase.a(bignum.c.obj)
 .text.mbedtls_mpi_safe_cond_assign
                0x00000000000036ac       0x60 modules/mbedtls/libmbedTLSBase.a(bignum.c.obj)
                0x00000000000036ac                mbedtls_mpi_safe_cond_assign
 .text.mpi_select
                0x000000000000370c       0x48 modules/mbedtls/libmbedTLSBase.a(bignum.c.obj)
 .text.mbedtls_mpi_div_mpi
                0x0000000000003754      0x334 modules/mbedtls/libmbedTLSBase.a(bignum.c.obj)
                0x0000000000003754                mbedtls_mpi_div_mpi
 .text.mbedtls_ct_memcpy_if
                0x0000000000003a88       0x70 modules/mbedtls/libmbedTLSBase.a(constant_time.c.obj)
                0x0000000000003a88                mbedtls_ct_memcpy_if
 .text.mbedtls_md_info_from_type
                0x0000000000003af8       0x1c modules/mbedtls/libmbedTLSBase.a(md.c.obj)
                0x0000000000003af8                mbedtls_md_info_from_type
 .text.verify_header
                0x0000000000003b14       0x40 modules/mbedtls/libmbedTLSBase.a(memory_buffer_alloc.c.obj)
 .text.verify_chain
                0x0000000000003b54       0x3c modules/mbedtls/libmbedTLSBase.a(memory_buffer_alloc.c.obj)
 .text.buffer_alloc_calloc
                0x0000000000003b90      0x114 modules/mbedtls/libmbedTLSBase.a(memory_buffer_alloc.c.obj)
 .text.buffer_alloc_free
                0x0000000000003ca4      0x124 modules/mbedtls/libmbedTLSBase.a(memory_buffer_alloc.c.obj)
 .text.mbedtls_memory_buffer_alloc_init
                0x0000000000003dc8       0x68 modules/mbedtls/libmbedTLSBase.a(memory_buffer_alloc.c.obj)
                0x0000000000003dc8                mbedtls_memory_buffer_alloc_init
 .text.mbedtls_platform_zeroize
                0x0000000000003e30       0x18 modules/mbedtls/libmbedTLSBase.a(platform_util.c.obj)
                0x0000000000003e30                mbedtls_platform_zeroize
 .text.mbedtls_calloc
                0x0000000000003e48        0xc modules/mbedtls/libmbedTLSBase.a(platform.c.obj)
                0x0000000000003e48                mbedtls_calloc
 .text.mbedtls_free
                0x0000000000003e54        0xc modules/mbedtls/libmbedTLSBase.a(platform.c.obj)
                0x0000000000003e54                mbedtls_free
 .text.mbedtls_platform_set_calloc_free
                0x0000000000003e60       0x14 modules/mbedtls/libmbedTLSBase.a(platform.c.obj)
                0x0000000000003e60                mbedtls_platform_set_calloc_free
 .text.rsa_check_context.constprop.0
                0x0000000000003e74       0xb8 modules/mbedtls/libmbedTLSBase.a(rsa.c.obj)
 .text.mbedtls_rsa_set_padding
                0x0000000000003f2c       0x2c modules/mbedtls/libmbedTLSBase.a(rsa.c.obj)
                0x0000000000003f2c                mbedtls_rsa_set_padding
 .text.mbedtls_rsa_check_pubkey
                0x0000000000003f58       0x4c modules/mbedtls/libmbedTLSBase.a(rsa.c.obj)
                0x0000000000003f58                mbedtls_rsa_check_pubkey
 .text.mbedtls_rsa_public
                0x0000000000003fa4       0x90 modules/mbedtls/libmbedTLSBase.a(rsa.c.obj)
                0x0000000000003fa4                mbedtls_rsa_public
 .text.mbedtls_sha256_starts
                0x0000000000004034       0xc8 modules/mbedtls/libmbedTLSBase.a(sha256.c.obj)
                0x0000000000004034                mbedtls_sha256_starts
 .text.mbedtls_internal_sha256_process
                0x00000000000040fc      0x130 modules/mbedtls/libmbedTLSBase.a(sha256.c.obj)
                0x00000000000040fc                mbedtls_internal_sha256_process
 .text.nvmc_wait
                0x000000000000422c       0x10 modules/hal_nordic/nrfx/libmodules__hal_nordic__nrfx.a(system_nrf52833.c.obj)
                0x000000000000422c                nvmc_wait
 .text.SystemInit
                0x000000000000423c      0x140 modules/hal_nordic/nrfx/libmodules__hal_nordic__nrfx.a(system_nrf52833.c.obj)
                0x000000000000423c                SystemInit
 .text.nrfx_flag32_alloc
                0x000000000000437c       0x48 modules/hal_nordic/nrfx/libmodules__hal_nordic__nrfx.a(nrfx_flag32_allocator.c.obj)
                0x000000000000437c                nrfx_flag32_alloc
 .text.nrfx_flag32_free
                0x00000000000043c4       0x40 modules/hal_nordic/nrfx/libmodules__hal_nordic__nrfx.a(nrfx_flag32_allocator.c.obj)
                0x00000000000043c4                nrfx_flag32_free
 .text.nrfx_clock_init
                0x0000000000004404       0x24 modules/hal_nordic/nrfx/libmodules__hal_nordic__nrfx.a(nrfx_clock.c.obj)
                0x0000000000004404                nrfx_clock_init
 .text.nrfx_clock_enable
                0x0000000000004428       0x24 modules/hal_nordic/nrfx/libmodules__hal_nordic__nrfx.a(nrfx_clock.c.obj)
                0x0000000000004428                nrfx_clock_enable
 .text.nrfx_clock_start
                0x000000000000444c       0xa4 modules/hal_nordic/nrfx/libmodules__hal_nordic__nrfx.a(nrfx_clock.c.obj)
                0x000000000000444c                nrfx_clock_start
 .text.nrfx_clock_calibration_start
                0x00000000000044f0       0x70 modules/hal_nordic/nrfx/libmodules__hal_nordic__nrfx.a(nrfx_clock.c.obj)
                0x00000000000044f0                nrfx_clock_calibration_start
 .text.nrfx_power_clock_irq_handler
                0x0000000000004560       0x7c modules/hal_nordic/nrfx/libmodules__hal_nordic__nrfx.a(nrfx_clock.c.obj)
                0x0000000000004560                nrfx_power_clock_irq_handler
 .text.nrf_gpio_pin_port_decode
                0x00000000000045dc       0x20 modules/hal_nordic/nrfx/libmodules__hal_nordic__nrfx.a(nrfx_gpiote.c.obj)
 .text.get_pin_idx
                0x00000000000045fc       0x14 modules/hal_nordic/nrfx/libmodules__hal_nordic__nrfx.a(nrfx_gpiote.c.obj)
 .text.call_handler.constprop.0
                0x0000000000004610       0x40 modules/hal_nordic/nrfx/libmodules__hal_nordic__nrfx.a(nrfx_gpiote.c.obj)
 .text.pin_te_get.constprop.0
                0x0000000000004650       0x18 modules/hal_nordic/nrfx/libmodules__hal_nordic__nrfx.a(nrfx_gpiote.c.obj)
 .text.pin_is_output.constprop.0
                0x0000000000004668       0x18 modules/hal_nordic/nrfx/libmodules__hal_nordic__nrfx.a(nrfx_gpiote.c.obj)
 .text.pin_in_use_by_te.constprop.0
                0x0000000000004680       0x18 modules/hal_nordic/nrfx/libmodules__hal_nordic__nrfx.a(nrfx_gpiote.c.obj)
 .text.latch_pending_read_and_check
                0x0000000000004698       0x40 modules/hal_nordic/nrfx/libmodules__hal_nordic__nrfx.a(nrfx_gpiote.c.obj)
 .text.release_handler.isra.0
                0x00000000000046d8       0x58 modules/hal_nordic/nrfx/libmodules__hal_nordic__nrfx.a(nrfx_gpiote.c.obj)
 .text.__nrfy_internal_gpiote_events_process.constprop.0
                0x0000000000004730       0x5c modules/hal_nordic/nrfx/libmodules__hal_nordic__nrfx.a(nrfx_gpiote.c.obj)
 .text.pin_uninit
                0x000000000000478c       0x80 modules/hal_nordic/nrfx/libmodules__hal_nordic__nrfx.a(nrfx_gpiote.c.obj)
 .text.nrfx_gpiote_input_configure
                0x000000000000480c      0x174 modules/hal_nordic/nrfx/libmodules__hal_nordic__nrfx.a(nrfx_gpiote.c.obj)
                0x000000000000480c                nrfx_gpiote_input_configure
 .text.nrfx_gpiote_output_configure
                0x0000000000004980       0xfc modules/hal_nordic/nrfx/libmodules__hal_nordic__nrfx.a(nrfx_gpiote.c.obj)
                0x0000000000004980                nrfx_gpiote_output_configure
 .text.nrfx_gpiote_global_callback_set
                0x0000000000004a7c        0xc modules/hal_nordic/nrfx/libmodules__hal_nordic__nrfx.a(nrfx_gpiote.c.obj)
                0x0000000000004a7c                nrfx_gpiote_global_callback_set
 .text.nrfx_gpiote_channel_get
                0x0000000000004a88       0x34 modules/hal_nordic/nrfx/libmodules__hal_nordic__nrfx.a(nrfx_gpiote.c.obj)
                0x0000000000004a88                nrfx_gpiote_channel_get
 .text.nrfx_gpiote_init
                0x0000000000004abc       0x70 modules/hal_nordic/nrfx/libmodules__hal_nordic__nrfx.a(nrfx_gpiote.c.obj)
                0x0000000000004abc                nrfx_gpiote_init
 .text.nrfx_gpiote_init_check
                0x0000000000004b2c       0x14 modules/hal_nordic/nrfx/libmodules__hal_nordic__nrfx.a(nrfx_gpiote.c.obj)
                0x0000000000004b2c                nrfx_gpiote_init_check
 .text.nrfx_gpiote_channel_free
                0x0000000000004b40        0xc modules/hal_nordic/nrfx/libmodules__hal_nordic__nrfx.a(nrfx_gpiote.c.obj)
                0x0000000000004b40                nrfx_gpiote_channel_free
 .text.nrfx_gpiote_channel_alloc
                0x0000000000004b4c        0xc modules/hal_nordic/nrfx/libmodules__hal_nordic__nrfx.a(nrfx_gpiote.c.obj)
                0x0000000000004b4c                nrfx_gpiote_channel_alloc
 .text.nrfx_gpiote_trigger_enable
                0x0000000000004b58       0x9c modules/hal_nordic/nrfx/libmodules__hal_nordic__nrfx.a(nrfx_gpiote.c.obj)
                0x0000000000004b58                nrfx_gpiote_trigger_enable
 .text.nrfx_gpiote_0_irq_handler
                0x0000000000004bf4      0x1bc modules/hal_nordic/nrfx/libmodules__hal_nordic__nrfx.a(nrfx_gpiote.c.obj)
                0x0000000000004bf4                nrfx_gpiote_0_irq_handler
 .text.nvmc_word_write
                0x0000000000004db0       0x18 modules/hal_nordic/nrfx/libmodules__hal_nordic__nrfx.a(nrfx_nvmc.c.obj)
 .text.nrfx_nvmc_page_erase
                0x0000000000004dc8       0x40 modules/hal_nordic/nrfx/libmodules__hal_nordic__nrfx.a(nrfx_nvmc.c.obj)
                0x0000000000004dc8                nrfx_nvmc_page_erase
 .text.nrfx_nvmc_word_write
                0x0000000000004e08       0x1c modules/hal_nordic/nrfx/libmodules__hal_nordic__nrfx.a(nrfx_nvmc.c.obj)
                0x0000000000004e08                nrfx_nvmc_word_write
 .text.z_fatal_error
                0x0000000000004e24       0x30 zephyr/kernel/libkernel.a(fatal.c.obj)
                0x0000000000004e24                z_fatal_error
 .text.z_sys_init_run_level
                0x0000000000004e54       0x48 zephyr/kernel/libkernel.a(init.c.obj)
 .text.bg_thread_main
                0x0000000000004e9c       0x34 zephyr/kernel/libkernel.a(init.c.obj)
 .text.z_bss_zero
                0x0000000000004ed0       0x18 zephyr/kernel/libkernel.a(init.c.obj)
                0x0000000000004ed0                z_bss_zero
 .text.z_init_cpu
                0x0000000000004ee8       0x8c zephyr/kernel/libkernel.a(init.c.obj)
                0x0000000000004ee8                z_init_cpu
 .text.z_cstart
                0x0000000000004f74       0xdc zephyr/kernel/libkernel.a(init.c.obj)
                0x0000000000004f74                z_cstart
 .text.z_setup_new_thread
                0x0000000000005050       0x64 zephyr/kernel/libkernel.a(thread.c.obj)
                0x0000000000005050                z_setup_new_thread
 .text.z_impl_k_thread_create
                0x00000000000050b4       0x58 zephyr/kernel/libkernel.a(thread.c.obj)
                0x00000000000050b4                z_impl_k_thread_create
 .text.z_init_static_threads
                0x000000000000510c       0x98 zephyr/kernel/libkernel.a(thread.c.obj)
                0x000000000000510c                z_init_static_threads
 .text.z_impl_k_mutex_unlock
                0x00000000000051a4       0x78 zephyr/kernel/libkernel.a(mutex.c.obj)
                0x00000000000051a4                z_impl_k_mutex_unlock
 .text.z_impl_k_mutex_lock
                0x000000000000521c       0xf4 zephyr/kernel/libkernel.a(mutex.c.obj)
                0x000000000000521c                z_impl_k_mutex_lock
 .text.z_impl_k_sem_give
                0x0000000000005310       0x48 zephyr/kernel/libkernel.a(sem.c.obj)
                0x0000000000005310                z_impl_k_sem_give
 .text.z_impl_k_sem_take
                0x0000000000005358       0x50 zephyr/kernel/libkernel.a(sem.c.obj)
                0x0000000000005358                z_impl_k_sem_take
 .text.work_queue_main
                0x00000000000053a8      0x138 zephyr/kernel/libkernel.a(work.c.obj)
 .text.submit_to_queue_locked
                0x00000000000054e0       0xb4 zephyr/kernel/libkernel.a(work.c.obj)
 .text.k_work_submit
                0x0000000000005594        0xc zephyr/kernel/libkernel.a(work.c.obj)
                0x0000000000005594                k_work_submit
 .text.k_work_queue_start
                0x00000000000055a0       0x70 zephyr/kernel/libkernel.a(work.c.obj)
                0x00000000000055a0                k_work_queue_start
 .text.sliceable
                0x0000000000005610       0x3c zephyr/kernel/libkernel.a(sched.c.obj)
 .text.slice_timeout
                0x000000000000564c       0x20 zephyr/kernel/libkernel.a(sched.c.obj)
 .text.z_reset_time_slice
                0x000000000000566c       0x50 zephyr/kernel/libkernel.a(sched.c.obj)
                0x000000000000566c                z_reset_time_slice
 .text.update_cache
                0x00000000000056bc       0x3c zephyr/kernel/libkernel.a(sched.c.obj)
 .text.move_thread_to_end_of_prio_q
                0x00000000000056f8       0x74 zephyr/kernel/libkernel.a(sched.c.obj)
 .text.ready_thread
                0x000000000000576c       0x68 zephyr/kernel/libkernel.a(sched.c.obj)
 .text.unready_thread
                0x00000000000057d4       0x30 zephyr/kernel/libkernel.a(sched.c.obj)
 .text.pend_locked
                0x0000000000005804       0x30 zephyr/kernel/libkernel.a(sched.c.obj)
 .text.z_thread_halt
                0x0000000000005834       0xa0 zephyr/kernel/libkernel.a(sched.c.obj)
 .text.z_time_slice
                0x00000000000058d4       0x60 zephyr/kernel/libkernel.a(sched.c.obj)
                0x00000000000058d4                z_time_slice
 .text.z_pend_curr
                0x0000000000005934       0x3c zephyr/kernel/libkernel.a(sched.c.obj)
                0x0000000000005934                z_pend_curr
 .text.z_set_prio
                0x0000000000005970       0x8c zephyr/kernel/libkernel.a(sched.c.obj)
                0x0000000000005970                z_set_prio
 .text.z_reschedule
                0x00000000000059fc       0x24 zephyr/kernel/libkernel.a(sched.c.obj)
                0x00000000000059fc                z_reschedule
 .text.z_sched_start
                0x0000000000005a20       0x3c zephyr/kernel/libkernel.a(sched.c.obj)
                0x0000000000005a20                z_sched_start
 .text.k_sched_lock
                0x0000000000005a5c       0x28 zephyr/kernel/libkernel.a(sched.c.obj)
                0x0000000000005a5c                k_sched_lock
 .text.k_sched_unlock
                0x0000000000005a84       0x38 zephyr/kernel/libkernel.a(sched.c.obj)
                0x0000000000005a84                k_sched_unlock
 .text.z_sched_init
                0x0000000000005abc       0x10 zephyr/kernel/libkernel.a(sched.c.obj)
                0x0000000000005abc                z_sched_init
 .text.z_impl_k_yield
                0x0000000000005acc       0x7c zephyr/kernel/libkernel.a(sched.c.obj)
                0x0000000000005acc                z_impl_k_yield
 .text.z_tick_sleep
                0x0000000000005b48       0x88 zephyr/kernel/libkernel.a(sched.c.obj)
 .text.z_impl_k_sleep
                0x0000000000005bd0       0x34 zephyr/kernel/libkernel.a(sched.c.obj)
                0x0000000000005bd0                z_impl_k_sleep
 .text.z_impl_k_sched_current_thread_query
                0x0000000000005c04        0xc zephyr/kernel/libkernel.a(sched.c.obj)
                0x0000000000005c04                z_impl_k_sched_current_thread_query
 .text.z_sched_wait
                0x0000000000005c10       0x24 zephyr/kernel/libkernel.a(sched.c.obj)
                0x0000000000005c10                z_sched_wait
 .text.z_data_copy
                0x0000000000005c34       0x34 zephyr/kernel/libkernel.a(xip.c.obj)
                0x0000000000005c34                z_data_copy
 .text.elapsed  0x0000000000005c68       0x14 zephyr/kernel/libkernel.a(timeout.c.obj)
 .text.next_timeout
                0x0000000000005c7c       0x40 zephyr/kernel/libkernel.a(timeout.c.obj)
 .text.remove_timeout
                0x0000000000005cbc       0x38 zephyr/kernel/libkernel.a(timeout.c.obj)
 .text.z_add_timeout
                0x0000000000005cf4       0xec zephyr/kernel/libkernel.a(timeout.c.obj)
                0x0000000000005cf4                z_add_timeout
 .text.sys_clock_announce
                0x0000000000005de0       0xd4 zephyr/kernel/libkernel.a(timeout.c.obj)
                0x0000000000005de0                sys_clock_announce
 .text.sys_clock_tick_get
                0x0000000000005eb4       0x34 zephyr/kernel/libkernel.a(timeout.c.obj)
                0x0000000000005eb4                sys_clock_tick_get
 .text.z_timer_expiration_handler
                0x0000000000005ee8       0xe4 zephyr/kernel/libkernel.a(timer.c.obj)
                0x0000000000005ee8                z_timer_expiration_handler
 .text.z_impl_k_timer_start
                0x0000000000005fcc       0x74 zephyr/kernel/libkernel.a(timer.c.obj)
                0x0000000000005fcc                z_impl_k_timer_start
 .text.boot_banner
                0x0000000000006040        0xc zephyr/kernel/libkernel.a(banner.c.obj)
                0x0000000000006040                boot_banner
 .text.k_sys_work_q_init
                0x000000000000604c       0x34 zephyr/kernel/libkernel.a(system_work_q.c.obj)
 .text._OffsetAbsSyms
                0x0000000000006080        0x2 zephyr/CMakeFiles/offsets.dir/./arch/arm/core/offsets/offsets.c.obj
                0x0000000000006080                _OffsetAbsSyms
 .text.flash_area_get_device_id
                0x0000000000006082        0x4 app/libapp.a(flash_map_extended.c.obj)
                0x0000000000006082                flash_area_get_device_id
 .text.flash_area_get_sector
                0x0000000000006086       0x32 app/libapp.a(flash_map_extended.c.obj)
                0x0000000000006086                flash_area_get_sector
 .text.bootutil_tlv_iter_begin
                0x00000000000060b8       0x9c app/libapp.a(tlv.c.obj)
                0x00000000000060b8                bootutil_tlv_iter_begin
 .text.bootutil_tlv_iter_next
                0x0000000000006154       0x98 app/libapp.a(tlv.c.obj)
                0x0000000000006154                bootutil_tlv_iter_next
 .text.boot_fih_memequal
                0x00000000000061ec        0x4 app/libapp.a(bootutil_misc.c.obj)
                0x00000000000061ec                boot_fih_memequal
 .text.boot_trailer_sz
                0x00000000000061f0        0xa app/libapp.a(bootutil_misc.c.obj)
                0x00000000000061f0                boot_trailer_sz
 .text.boot_status_off
                0x00000000000061fa       0x16 app/libapp.a(bootutil_misc.c.obj)
                0x00000000000061fa                boot_status_off
 .text.boot_read_swap_size
                0x0000000000006210       0x1c app/libapp.a(bootutil_misc.c.obj)
                0x0000000000006210                boot_read_swap_size
 .text.boot_write_swap_size
                0x000000000000622c       0x1e app/libapp.a(bootutil_misc.c.obj)
                0x000000000000622c                boot_write_swap_size
 .text.boot_read_image_headers
                0x000000000000624a       0x2c app/libapp.a(loader.c.obj)
 .text.boot_read_image_size.constprop.0.isra.0
                0x0000000000006276       0x82 app/libapp.a(loader.c.obj)
 .text.boot_read_sectors
                0x00000000000062f8       0x42 app/libapp.a(loader.c.obj)
 .text.boot_status_reset
                0x000000000000633a       0x12 app/libapp.a(loader.c.obj)
                0x000000000000633a                boot_status_reset
 .text.boot_status_is_reset
                0x000000000000634c       0x1a app/libapp.a(loader.c.obj)
                0x000000000000634c                boot_status_is_reset
 .text.boot_write_status
                0x0000000000006366       0x64 app/libapp.a(loader.c.obj)
                0x0000000000006366                boot_write_status
 .text.boot_erase_region
                0x00000000000063ca        0x4 app/libapp.a(loader.c.obj)
                0x00000000000063ca                boot_erase_region
 .text.swap_erase_trailer_sectors
                0x00000000000063ce       0x6c app/libapp.a(swap_misc.c.obj)
                0x00000000000063ce                swap_erase_trailer_sectors
 .text.swap_status_init
                0x000000000000643a       0x3e app/libapp.a(swap_misc.c.obj)
                0x000000000000643a                swap_status_init
 .text.swap_read_status
                0x0000000000006478       0x78 app/libapp.a(swap_misc.c.obj)
                0x0000000000006478                swap_read_status
 .text.find_last_idx
                0x00000000000064f0       0x14 app/libapp.a(swap_move.c.obj)
                0x00000000000064f0                find_last_idx
 .text.boot_status_internal_off
                0x0000000000006504       0x26 app/libapp.a(swap_move.c.obj)
                0x0000000000006504                boot_status_internal_off
 .text.swap_status_source
                0x000000000000652a       0x38 app/libapp.a(swap_move.c.obj)
                0x000000000000652a                swap_status_source
 .text.arch_printk_char_out
                0x0000000000006562        0x4 zephyr/libzephyr.a(printk.c.obj)
                0x0000000000006562                arch_printk_char_out
 .text.printk   0x0000000000006566       0x1a zephyr/libzephyr.a(printk.c.obj)
                0x0000000000006566                printk
 .text.z_thread_entry
                0x0000000000006580       0x14 zephyr/libzephyr.a(thread_entry.c.obj)
                0x0000000000006580                z_thread_entry
 .text.process_recheck
                0x0000000000006594       0x38 zephyr/libzephyr.a(onoff.c.obj)
 .text.validate_args
                0x00000000000065cc       0x20 zephyr/libzephyr.a(onoff.c.obj)
 .text.notify_one
                0x00000000000065ec       0x2c zephyr/libzephyr.a(onoff.c.obj)
 .text.transition_complete
                0x0000000000006618       0x1c zephyr/libzephyr.a(onoff.c.obj)
 .text.onoff_manager_init
                0x0000000000006634       0x26 zephyr/libzephyr.a(onoff.c.obj)
                0x0000000000006634                onoff_manager_init
 .text.onoff_request
                0x000000000000665a       0xb0 zephyr/libzephyr.a(onoff.c.obj)
                0x000000000000665a                onoff_request
 .text.onoff_release
                0x000000000000670a       0x4a zephyr/libzephyr.a(onoff.c.obj)
                0x000000000000670a                onoff_release
 .text.sys_notify_validate
                0x0000000000006754       0x22 zephyr/libzephyr.a(notify.c.obj)
                0x0000000000006754                sys_notify_validate
 .text.sys_notify_finalize
                0x0000000000006776       0x1a zephyr/libzephyr.a(notify.c.obj)
                0x0000000000006776                sys_notify_finalize
 .text._ConfigAbsSyms
                0x0000000000006790        0x2 zephyr/libzephyr.a(configs.c.obj)
                0x0000000000006790                _ConfigAbsSyms
 .text.z_log_minimal_printk
                0x0000000000006792       0x1a zephyr/libzephyr.a(log_minimal.c.obj)
                0x0000000000006792                z_log_minimal_printk
 .text.flash_area_close
                0x00000000000067ac        0x2 zephyr/libzephyr.a(flash_map.c.obj)
                0x00000000000067ac                flash_area_close
 .text.flash_area_read
                0x00000000000067ae       0x2a zephyr/libzephyr.a(flash_map.c.obj)
                0x00000000000067ae                flash_area_read
 .text.flash_area_write
                0x00000000000067d8       0x2a zephyr/libzephyr.a(flash_map.c.obj)
                0x00000000000067d8                flash_area_write
 .text.flash_area_erase
                0x0000000000006802       0x28 zephyr/libzephyr.a(flash_map.c.obj)
                0x0000000000006802                flash_area_erase
 .text.flash_area_align
                0x000000000000682a        0xe zephyr/libzephyr.a(flash_map.c.obj)
                0x000000000000682a                flash_area_align
 .text.flash_area_erased_val
                0x0000000000006838        0xe zephyr/libzephyr.a(flash_map.c.obj)
                0x0000000000006838                flash_area_erased_val
 .text.get_sectors_cb
                0x0000000000006846       0x44 zephyr/libzephyr.a(flash_map_layout.c.obj)
 .text.z_arm_fatal_error
                0x000000000000688a        0x4 zephyr/arch/arch/arm/core/libarch__arm__core.a(fatal.c.obj)
                0x000000000000688a                z_arm_fatal_error
 .text.z_do_kernel_oops
                0x000000000000688e        0x8 zephyr/arch/arch/arm/core/libarch__arm__core.a(fatal.c.obj)
                0x000000000000688e                z_do_kernel_oops
 .text.z_arm_nmi
                0x0000000000006896        0xe zephyr/arch/arch/arm/core/libarch__arm__core.a(nmi.c.obj)
                0x0000000000006896                z_arm_nmi
 .text.z_irq_spurious
                0x00000000000068a4        0x8 zephyr/arch/arch/arm/core/cortex_m/libarch__arm__core__cortex_m.a(irq_manage.c.obj)
                0x00000000000068a4                z_irq_spurious
 .text.size_to_mpu_rasr_size
                0x00000000000068ac       0x20 zephyr/arch/arch/arm/core/mpu/libarch__arm__core__mpu.a(arm_mpu.c.obj)
 .text.mpu_configure_regions
                0x00000000000068cc       0x5c zephyr/arch/arch/arm/core/mpu/libarch__arm__core__mpu.a(arm_mpu.c.obj)
 .text.strlen   0x0000000000006928        0xe zephyr/lib/libc/minimal/liblib__libc__minimal.a(string.c.obj)
                0x0000000000006928                strlen
 .text.memcmp   0x0000000000006936       0x20 zephyr/lib/libc/minimal/liblib__libc__minimal.a(string.c.obj)
                0x0000000000006936                memcmp
 .text.memcpy   0x0000000000006956       0x16 zephyr/lib/libc/minimal/liblib__libc__minimal.a(string.c.obj)
                0x0000000000006956                memcpy
 .text.memset   0x000000000000696c       0x12 zephyr/lib/libc/minimal/liblib__libc__minimal.a(string.c.obj)
                0x000000000000696c                memset
 .text.adc_context_on_timer_expired
                0x000000000000697e       0x2e zephyr/drivers/adc/libdrivers__adc.a(adc_nrfx_saadc.c.obj)
 .text.get_status
                0x00000000000069ac       0x12 zephyr/drivers/clock_control/libdrivers__clock_control.a(clock_control_nrf.c.obj)
 .text.set_on_state
                0x00000000000069be       0x26 zephyr/drivers/clock_control/libdrivers__clock_control.a(clock_control_nrf.c.obj)
 .text.stop     0x00000000000069e4       0x52 zephyr/drivers/clock_control/libdrivers__clock_control.a(clock_control_nrf.c.obj)
 .text.api_stop
                0x0000000000006a36        0x6 zephyr/drivers/clock_control/libdrivers__clock_control.a(clock_control_nrf.c.obj)
 .text.async_start
                0x0000000000006a3c       0x5c zephyr/drivers/clock_control/libdrivers__clock_control.a(clock_control_nrf.c.obj)
 .text.api_start
                0x0000000000006a98        0xe zephyr/drivers/clock_control/libdrivers__clock_control.a(clock_control_nrf.c.obj)
 .text.onoff_started_callback
                0x0000000000006aa6       0x12 zephyr/drivers/clock_control/libdrivers__clock_control.a(clock_control_nrf.c.obj)
 .text.lfclk_start
                0x0000000000006ab8        0x6 zephyr/drivers/clock_control/libdrivers__clock_control.a(clock_control_nrf.c.obj)
 .text.blocking_start_callback
                0x0000000000006abe        0x6 zephyr/drivers/clock_control/libdrivers__clock_control.a(clock_control_nrf.c.obj)
 .text.lfclk_stop
                0x0000000000006ac4       0x10 zephyr/drivers/clock_control/libdrivers__clock_control.a(clock_control_nrf.c.obj)
 .text.timeout_handler
                0x0000000000006ad4        0x4 zephyr/drivers/clock_control/libdrivers__clock_control.a(nrf_clock_calibration.c.obj)
 .text.is_regular_addr_valid
                0x0000000000006ad8       0x22 zephyr/drivers/flash/libdrivers__flash.a(soc_flash_nrf.c.obj)
 .text.flash_nrf_read
                0x0000000000006afa       0x28 zephyr/drivers/flash/libdrivers__flash.a(soc_flash_nrf.c.obj)
 .text.flash_get_page_info
                0x0000000000006b22       0x62 zephyr/drivers/flash/libdrivers__flash.a(flash_page_layout.c.obj)
 .text.z_impl_flash_get_page_info_by_offs
                0x0000000000006b84        0x8 zephyr/drivers/flash/libdrivers__flash.a(flash_page_layout.c.obj)
                0x0000000000006b84                z_impl_flash_get_page_info_by_offs
 .text.flash_page_foreach
                0x0000000000006b8c       0x58 zephyr/drivers/flash/libdrivers__flash.a(flash_page_layout.c.obj)
                0x0000000000006b8c                flash_page_foreach
 .text.gpio_nrfx_port_get_raw
                0x0000000000006be4        0xe zephyr/drivers/gpio/libdrivers__gpio.a(gpio_nrfx.c.obj)
 .text.gpio_nrfx_port_set_masked_raw
                0x0000000000006bf2       0x18 zephyr/drivers/gpio/libdrivers__gpio.a(gpio_nrfx.c.obj)
 .text.gpio_nrfx_port_set_bits_raw
                0x0000000000006c0a        0xc zephyr/drivers/gpio/libdrivers__gpio.a(gpio_nrfx.c.obj)
 .text.gpio_nrfx_port_clear_bits_raw
                0x0000000000006c16        0xc zephyr/drivers/gpio/libdrivers__gpio.a(gpio_nrfx.c.obj)
 .text.gpio_nrfx_port_toggle_bits
                0x0000000000006c22       0x1a zephyr/drivers/gpio/libdrivers__gpio.a(gpio_nrfx.c.obj)
 .text.gpio_nrfx_manage_callback
                0x0000000000006c3c       0x52 zephyr/drivers/gpio/libdrivers__gpio.a(gpio_nrfx.c.obj)
 .text.event_clear
                0x0000000000006c8e       0x18 zephyr/drivers/timer/libdrivers__timer.a(nrf_rtc_timer.c.obj)
 .text.fprotect_set_permission
                0x0000000000006ca6       0x7e modules/nrf/lib/fprotect/lib..__nrf__lib__fprotect.a(fprotect_acl.c.obj)
 .text.fprotect_area
                0x0000000000006d24        0x6 modules/nrf/lib/fprotect/lib..__nrf__lib__fprotect.a(fprotect_acl.c.obj)
                0x0000000000006d24                fprotect_area
 .text.k_sys_fatal_error_handler
                0x0000000000006d2a        0x8 modules/nrf/lib/fatal_error/lib..__nrf__lib__fatal_error.a(fatal_error.c.obj)
                0x0000000000006d2a                k_sys_fatal_error_handler
 .text.boot_swap_info_off
                0x0000000000006d32        0xc modules/mcuboot/boot/bootutil/zephyr/libmcuboot_util.a(bootutil_public.c.obj)
                0x0000000000006d32                boot_swap_info_off
 .text.boot_magic_compatible_check
                0x0000000000006d3e       0x1c modules/mcuboot/boot/bootutil/zephyr/libmcuboot_util.a(bootutil_public.c.obj)
                0x0000000000006d3e                boot_magic_compatible_check
 .text.bootutil_buffer_is_erased
                0x0000000000006d5a       0x26 modules/mcuboot/boot/bootutil/zephyr/libmcuboot_util.a(bootutil_public.c.obj)
                0x0000000000006d5a                bootutil_buffer_is_erased
 .text.boot_read_flag
                0x0000000000006d80       0x38 modules/mcuboot/boot/bootutil/zephyr/libmcuboot_util.a(bootutil_public.c.obj)
 .text.boot_write_trailer
                0x0000000000006db8       0x58 modules/mcuboot/boot/bootutil/zephyr/libmcuboot_util.a(bootutil_public.c.obj)
                0x0000000000006db8                boot_write_trailer
 .text.boot_write_trailer_flag
                0x0000000000006e10       0x14 modules/mcuboot/boot/bootutil/zephyr/libmcuboot_util.a(bootutil_public.c.obj)
                0x0000000000006e10                boot_write_trailer_flag
 .text.boot_write_image_ok
                0x0000000000006e24        0xe modules/mcuboot/boot/bootutil/zephyr/libmcuboot_util.a(bootutil_public.c.obj)
                0x0000000000006e24                boot_write_image_ok
 .text.boot_read_image_ok
                0x0000000000006e32        0xc modules/mcuboot/boot/bootutil/zephyr/libmcuboot_util.a(bootutil_public.c.obj)
                0x0000000000006e32                boot_read_image_ok
 .text.boot_read_swap_state_by_id
                0x0000000000006e3e       0x28 modules/mcuboot/boot/bootutil/zephyr/libmcuboot_util.a(bootutil_public.c.obj)
                0x0000000000006e3e                boot_read_swap_state_by_id
 .text.boot_write_swap_info
                0x0000000000006e66       0x22 modules/mcuboot/boot/bootutil/zephyr/libmcuboot_util.a(bootutil_public.c.obj)
                0x0000000000006e66                boot_write_swap_info
 .text.boot_write_copy_done
                0x0000000000006e88       0x10 modules/mcuboot/boot/bootutil/zephyr/libmcuboot_util.a(bootutil_public.c.obj)
                0x0000000000006e88                boot_write_copy_done
 .text.mbedtls_asn1_get_len
                0x0000000000006e98       0x68 modules/mbedtls/libmbedTLSBase.a(asn1parse.c.obj)
                0x0000000000006e98                mbedtls_asn1_get_len
 .text.mbedtls_asn1_get_tag
                0x0000000000006f00       0x28 modules/mbedtls/libmbedTLSBase.a(asn1parse.c.obj)
                0x0000000000006f00                mbedtls_asn1_get_tag
 .text.mbedtls_asn1_get_mpi
                0x0000000000006f28       0x26 modules/mbedtls/libmbedTLSBase.a(asn1parse.c.obj)
                0x0000000000006f28                mbedtls_asn1_get_mpi
 .text.mbedtls_mpi_core_bitlen
                0x0000000000006f4e       0x1e modules/mbedtls/libmbedTLSBase.a(bignum_core.c.obj)
                0x0000000000006f4e                mbedtls_mpi_core_bitlen
 .text.mbedtls_mpi_core_bigendian_to_host
                0x0000000000006f6c       0x26 modules/mbedtls/libmbedTLSBase.a(bignum_core.c.obj)
                0x0000000000006f6c                mbedtls_mpi_core_bigendian_to_host
 .text.mbedtls_mpi_core_read_be
                0x0000000000006f92       0x4a modules/mbedtls/libmbedTLSBase.a(bignum_core.c.obj)
                0x0000000000006f92                mbedtls_mpi_core_read_be
 .text.mbedtls_mpi_core_write_be
                0x0000000000006fdc       0x64 modules/mbedtls/libmbedTLSBase.a(bignum_core.c.obj)
                0x0000000000006fdc                mbedtls_mpi_core_write_be
 .text.mbedtls_mpi_core_shift_r
                0x0000000000007040       0x74 modules/mbedtls/libmbedTLSBase.a(bignum_core.c.obj)
                0x0000000000007040                mbedtls_mpi_core_shift_r
 .text.mbedtls_mpi_core_shift_l
                0x00000000000070b4       0x6c modules/mbedtls/libmbedTLSBase.a(bignum_core.c.obj)
                0x00000000000070b4                mbedtls_mpi_core_shift_l
 .text.mbedtls_mpi_core_add
                0x0000000000007120       0x2c modules/mbedtls/libmbedTLSBase.a(bignum_core.c.obj)
                0x0000000000007120                mbedtls_mpi_core_add
 .text.mbedtls_mpi_core_sub
                0x000000000000714c       0x3a modules/mbedtls/libmbedTLSBase.a(bignum_core.c.obj)
                0x000000000000714c                mbedtls_mpi_core_sub
 .text.mbedtls_mpi_core_mla
                0x0000000000007186      0x178 modules/mbedtls/libmbedTLSBase.a(bignum_core.c.obj)
                0x0000000000007186                mbedtls_mpi_core_mla
 .text.mbedtls_mpi_core_montmul_init
                0x00000000000072fe       0x22 modules/mbedtls/libmbedTLSBase.a(bignum_core.c.obj)
                0x00000000000072fe                mbedtls_mpi_core_montmul_init
 .text.mbedtls_mpi_core_montmul
                0x0000000000007320       0x96 modules/mbedtls/libmbedTLSBase.a(bignum_core.c.obj)
                0x0000000000007320                mbedtls_mpi_core_montmul
 .text.mbedtls_mpi_core_sub_int
                0x00000000000073b6       0x22 modules/mbedtls/libmbedTLSBase.a(bignum_core.c.obj)
                0x00000000000073b6                mbedtls_mpi_core_sub_int
 .text.mpi_montmul.isra.0
                0x00000000000073d8       0x1e modules/mbedtls/libmbedTLSBase.a(bignum.c.obj)
 .text.mbedtls_mpi_init
                0x00000000000073f6        0xa modules/mbedtls/libmbedTLSBase.a(bignum.c.obj)
                0x00000000000073f6                mbedtls_mpi_init
 .text.mbedtls_mpi_free
                0x0000000000007400       0x1c modules/mbedtls/libmbedTLSBase.a(bignum.c.obj)
                0x0000000000007400                mbedtls_mpi_free
 .text.mbedtls_mpi_grow
                0x000000000000741c       0x48 modules/mbedtls/libmbedTLSBase.a(bignum.c.obj)
                0x000000000000741c                mbedtls_mpi_grow
 .text.mbedtls_mpi_resize_clear
                0x0000000000007464       0x36 modules/mbedtls/libmbedTLSBase.a(bignum.c.obj)
 .text.mbedtls_mpi_copy
                0x000000000000749a       0x6a modules/mbedtls/libmbedTLSBase.a(bignum.c.obj)
                0x000000000000749a                mbedtls_mpi_copy
 .text.mbedtls_mpi_lset
                0x0000000000007504       0x38 modules/mbedtls/libmbedTLSBase.a(bignum.c.obj)
                0x0000000000007504                mbedtls_mpi_lset
 .text.mbedtls_mpi_get_bit
                0x000000000000753c       0x20 modules/mbedtls/libmbedTLSBase.a(bignum.c.obj)
                0x000000000000753c                mbedtls_mpi_get_bit
 .text.mbedtls_mpi_bitlen
                0x000000000000755c        0x8 modules/mbedtls/libmbedTLSBase.a(bignum.c.obj)
                0x000000000000755c                mbedtls_mpi_bitlen
 .text.mbedtls_mpi_size
                0x0000000000007564        0xc modules/mbedtls/libmbedTLSBase.a(bignum.c.obj)
                0x0000000000007564                mbedtls_mpi_size
 .text.mbedtls_mpi_read_binary
                0x0000000000007570       0x2c modules/mbedtls/libmbedTLSBase.a(bignum.c.obj)
                0x0000000000007570                mbedtls_mpi_read_binary
 .text.mbedtls_mpi_write_binary
                0x000000000000759c        0xc modules/mbedtls/libmbedTLSBase.a(bignum.c.obj)
                0x000000000000759c                mbedtls_mpi_write_binary
 .text.mbedtls_mpi_shift_l
                0x00000000000075a8       0x3a modules/mbedtls/libmbedTLSBase.a(bignum.c.obj)
                0x00000000000075a8                mbedtls_mpi_shift_l
 .text.mbedtls_mpi_shift_r
                0x00000000000075e2       0x12 modules/mbedtls/libmbedTLSBase.a(bignum.c.obj)
                0x00000000000075e2                mbedtls_mpi_shift_r
 .text.mbedtls_mpi_cmp_abs
                0x00000000000075f4       0x5e modules/mbedtls/libmbedTLSBase.a(bignum.c.obj)
                0x00000000000075f4                mbedtls_mpi_cmp_abs
 .text.mbedtls_mpi_cmp_mpi
                0x0000000000007652       0x90 modules/mbedtls/libmbedTLSBase.a(bignum.c.obj)
                0x0000000000007652                mbedtls_mpi_cmp_mpi
 .text.mbedtls_mpi_cmp_int
                0x00000000000076e2       0x30 modules/mbedtls/libmbedTLSBase.a(bignum.c.obj)
                0x00000000000076e2                mbedtls_mpi_cmp_int
 .text.mbedtls_mpi_add_abs
                0x0000000000007712       0x92 modules/mbedtls/libmbedTLSBase.a(bignum.c.obj)
                0x0000000000007712                mbedtls_mpi_add_abs
 .text.mbedtls_mpi_sub_abs
                0x00000000000077a4       0xa2 modules/mbedtls/libmbedTLSBase.a(bignum.c.obj)
                0x00000000000077a4                mbedtls_mpi_sub_abs
 .text.add_sub_mpi
                0x0000000000007846       0x62 modules/mbedtls/libmbedTLSBase.a(bignum.c.obj)
 .text.mbedtls_mpi_add_mpi
                0x00000000000078a8        0x6 modules/mbedtls/libmbedTLSBase.a(bignum.c.obj)
                0x00000000000078a8                mbedtls_mpi_add_mpi
 .text.mbedtls_mpi_sub_mpi
                0x00000000000078ae        0x8 modules/mbedtls/libmbedTLSBase.a(bignum.c.obj)
                0x00000000000078ae                mbedtls_mpi_sub_mpi
 .text.mbedtls_mpi_mul_int
                0x00000000000078b6       0x62 modules/mbedtls/libmbedTLSBase.a(bignum.c.obj)
                0x00000000000078b6                mbedtls_mpi_mul_int
 .text.mbedtls_mpi_mod_mpi
                0x0000000000007918       0x64 modules/mbedtls/libmbedTLSBase.a(bignum.c.obj)
                0x0000000000007918                mbedtls_mpi_mod_mpi
 .text.mbedtls_mpi_exp_mod
                0x000000000000797c      0x400 modules/mbedtls/libmbedTLSBase.a(bignum.c.obj)
                0x000000000000797c                mbedtls_mpi_exp_mod
 .text.mbedtls_get_unaligned_uint32
                0x0000000000007d7c       0x16 modules/mbedtls/libmbedTLSBase.a(platform_util.c.obj)
                0x0000000000007d7c                mbedtls_get_unaligned_uint32
 .text.mbedtls_put_unaligned_uint32
                0x0000000000007d92       0x14 modules/mbedtls/libmbedTLSBase.a(platform_util.c.obj)
                0x0000000000007d92                mbedtls_put_unaligned_uint32
 .text.mbedtls_zeroize_and_free
                0x0000000000007da6       0x14 modules/mbedtls/libmbedTLSBase.a(platform_util.c.obj)
                0x0000000000007da6                mbedtls_zeroize_and_free
 .text.platform_calloc_uninit
                0x0000000000007dba        0x4 modules/mbedtls/libmbedTLSBase.a(platform.c.obj)
 .text.platform_exit_uninit
                0x0000000000007dbe        0x2 modules/mbedtls/libmbedTLSBase.a(platform.c.obj)
 .text.platform_free_uninit
                0x0000000000007dc0        0x2 modules/mbedtls/libmbedTLSBase.a(platform.c.obj)
 .text.mbedtls_rsa_import
                0x0000000000007dc2       0x86 modules/mbedtls/libmbedTLSBase.a(rsa.c.obj)
                0x0000000000007dc2                mbedtls_rsa_import
 .text.mbedtls_rsa_init
                0x0000000000007e48       0x14 modules/mbedtls/libmbedTLSBase.a(rsa.c.obj)
                0x0000000000007e48                mbedtls_rsa_init
 .text.mbedtls_rsa_get_len
                0x0000000000007e5c        0x4 modules/mbedtls/libmbedTLSBase.a(rsa.c.obj)
                0x0000000000007e5c                mbedtls_rsa_get_len
 .text.mbedtls_rsa_free
                0x0000000000007e60       0x72 modules/mbedtls/libmbedTLSBase.a(rsa.c.obj)
                0x0000000000007e60                mbedtls_rsa_free
 .text.mbedtls_bswap32
                0x0000000000007ed2        0x4 modules/mbedtls/libmbedTLSBase.a(sha256.c.obj)
 .text.mbedtls_sha256_init
                0x0000000000007ed6        0x8 modules/mbedtls/libmbedTLSBase.a(sha256.c.obj)
                0x0000000000007ed6                mbedtls_sha256_init
 .text.mbedtls_sha256_free
                0x0000000000007ede        0xa modules/mbedtls/libmbedTLSBase.a(sha256.c.obj)
                0x0000000000007ede                mbedtls_sha256_free
 .text.mbedtls_sha256_update
                0x0000000000007ee8       0x7e modules/mbedtls/libmbedTLSBase.a(sha256.c.obj)
                0x0000000000007ee8                mbedtls_sha256_update
 .text.mbedtls_sha256_finish
                0x0000000000007f66      0x104 modules/mbedtls/libmbedTLSBase.a(sha256.c.obj)
                0x0000000000007f66                mbedtls_sha256_finish
 .text._mbedtls_init
                0x000000000000806a        0x4 modules/mbedtls/libmbedTLSBase.a(zephyr_init.c.obj)
 .text.nrfx_isr
                0x000000000000806e        0x2 modules/hal_nordic/nrfx/libmodules__hal_nordic__nrfx.a(nrfx_glue.c.obj)
                0x000000000000806e                nrfx_isr
 .text.nrfx_busy_wait
                0x0000000000008070        0x4 modules/hal_nordic/nrfx/libmodules__hal_nordic__nrfx.a(nrfx_glue.c.obj)
                0x0000000000008070                nrfx_busy_wait
 .text.clock_stop
                0x0000000000008074       0xb4 modules/hal_nordic/nrfx/libmodules__hal_nordic__nrfx.a(nrfx_clock.c.obj)
 .text.nrfx_clock_stop
                0x0000000000008128        0x4 modules/hal_nordic/nrfx/libmodules__hal_nordic__nrfx.a(nrfx_clock.c.obj)
                0x0000000000008128                nrfx_clock_stop
 .text.nrf_gpio_reconfigure
                0x000000000000812c       0x92 modules/hal_nordic/nrfx/libmodules__hal_nordic__nrfx.a(nrfx_gpiote.c.obj)
 .text.nrf_gpio_cfg_sense_set
                0x00000000000081be       0x1e modules/hal_nordic/nrfx/libmodules__hal_nordic__nrfx.a(nrfx_gpiote.c.obj)
 .text.pin_trigger_disable
                0x00000000000081dc       0x48 modules/hal_nordic/nrfx/libmodules__hal_nordic__nrfx.a(nrfx_gpiote.c.obj)
 .text.nrfx_gpiote_pin_uninit
                0x0000000000008224        0x4 modules/hal_nordic/nrfx/libmodules__hal_nordic__nrfx.a(nrfx_gpiote.c.obj)
                0x0000000000008224                nrfx_gpiote_pin_uninit
 .text.nrfx_gpiote_trigger_disable
                0x0000000000008228        0x4 modules/hal_nordic/nrfx/libmodules__hal_nordic__nrfx.a(nrfx_gpiote.c.obj)
                0x0000000000008228                nrfx_gpiote_trigger_disable
 .text.nrfx_nvmc_flash_size_get
                0x000000000000822c        0xc modules/hal_nordic/nrfx/libmodules__hal_nordic__nrfx.a(nrfx_nvmc.c.obj)
                0x000000000000822c                nrfx_nvmc_flash_size_get
 .text.nrfx_nvmc_flash_page_size_get
                0x0000000000008238        0x8 modules/hal_nordic/nrfx/libmodules__hal_nordic__nrfx.a(nrfx_nvmc.c.obj)
                0x0000000000008238                nrfx_nvmc_flash_page_size_get
 .text.nrfx_nvmc_flash_page_count_get
                0x0000000000008240        0x8 modules/hal_nordic/nrfx/libmodules__hal_nordic__nrfx.a(nrfx_nvmc.c.obj)
                0x0000000000008240                nrfx_nvmc_flash_page_count_get
 .text.z_impl_k_busy_wait
                0x0000000000008248        0x8 zephyr/kernel/libkernel.a(busy_wait.c.obj)
                0x0000000000008248                z_impl_k_busy_wait
 .text.z_device_state_init
                0x0000000000008250        0x2 zephyr/kernel/libkernel.a(device.c.obj)
                0x0000000000008250                z_device_state_init
 .text.z_device_is_ready
                0x0000000000008252       0x16 zephyr/kernel/libkernel.a(device.c.obj)
                0x0000000000008252                z_device_is_ready
 .text.z_early_memset
                0x0000000000008268        0x4 zephyr/kernel/libkernel.a(init.c.obj)
                0x0000000000008268                z_early_memset
 .text.z_early_memcpy
                0x000000000000826c        0x4 zephyr/kernel/libkernel.a(init.c.obj)
                0x000000000000826c                z_early_memcpy
 .text.k_is_in_isr
                0x0000000000008270        0xc zephyr/kernel/libkernel.a(thread.c.obj)
                0x0000000000008270                k_is_in_isr
 .text.z_impl_k_thread_name_set
                0x000000000000827c        0x6 zephyr/kernel/libkernel.a(thread.c.obj)
                0x000000000000827c                z_impl_k_thread_name_set
 .text.z_impl_k_thread_start
                0x0000000000008282        0x4 zephyr/kernel/libkernel.a(thread.c.obj)
                0x0000000000008282                z_impl_k_thread_start
 .text.idle     0x0000000000008286       0x18 zephyr/kernel/libkernel.a(idle.c.obj)
                0x0000000000008286                idle
 .text.adjust_owner_prio.isra.0
                0x000000000000829e       0x10 zephyr/kernel/libkernel.a(mutex.c.obj)
 .text.z_impl_k_mutex_init
                0x00000000000082ae        0xe zephyr/kernel/libkernel.a(mutex.c.obj)
                0x00000000000082ae                z_impl_k_mutex_init
 .text.z_impl_k_sem_init
                0x00000000000082bc       0x18 zephyr/kernel/libkernel.a(sem.c.obj)
                0x00000000000082bc                z_impl_k_sem_init
 .text.flag_test_and_clear
                0x00000000000082d4       0x16 zephyr/kernel/libkernel.a(work.c.obj)
 .text.notify_queue_locked.isra.0
                0x00000000000082ea        0xe zephyr/kernel/libkernel.a(work.c.obj)
 .text.z_work_submit_to_queue
                0x00000000000082f8       0x28 zephyr/kernel/libkernel.a(work.c.obj)
                0x00000000000082f8                z_work_submit_to_queue
 .text.k_work_submit_to_queue
                0x0000000000008320       0x22 zephyr/kernel/libkernel.a(work.c.obj)
                0x0000000000008320                k_work_submit_to_queue
 .text.sys_dlist_remove
                0x0000000000008342       0x10 zephyr/kernel/libkernel.a(sched.c.obj)
 .text.unpend_thread_no_timeout
                0x0000000000008352       0x14 zephyr/kernel/libkernel.a(sched.c.obj)
 .text.add_to_waitq_locked
                0x0000000000008366       0x50 zephyr/kernel/libkernel.a(sched.c.obj)
 .text.z_ready_thread
                0x00000000000083b6       0x20 zephyr/kernel/libkernel.a(sched.c.obj)
                0x00000000000083b6                z_ready_thread
 .text.z_impl_k_thread_suspend
                0x00000000000083d6       0x36 zephyr/kernel/libkernel.a(sched.c.obj)
                0x00000000000083d6                z_impl_k_thread_suspend
 .text.z_unpend_thread_no_timeout
                0x000000000000840c       0x24 zephyr/kernel/libkernel.a(sched.c.obj)
                0x000000000000840c                z_unpend_thread_no_timeout
 .text.z_sched_wake_thread
                0x0000000000008430       0x44 zephyr/kernel/libkernel.a(sched.c.obj)
                0x0000000000008430                z_sched_wake_thread
 .text.z_thread_timeout
                0x0000000000008474        0x8 zephyr/kernel/libkernel.a(sched.c.obj)
                0x0000000000008474                z_thread_timeout
 .text.z_unpend1_no_timeout
                0x000000000000847c       0x2e zephyr/kernel/libkernel.a(sched.c.obj)
                0x000000000000847c                z_unpend1_no_timeout
 .text.z_unpend_first_thread
                0x00000000000084aa       0x38 zephyr/kernel/libkernel.a(sched.c.obj)
                0x00000000000084aa                z_unpend_first_thread
 .text.z_reschedule_irqlock
                0x00000000000084e2       0x18 zephyr/kernel/libkernel.a(sched.c.obj)
                0x00000000000084e2                z_reschedule_irqlock
 .text.z_reschedule_unlocked
                0x00000000000084fa       0x14 zephyr/kernel/libkernel.a(sched.c.obj)
 .text.z_thread_abort
                0x000000000000850e       0x42 zephyr/kernel/libkernel.a(sched.c.obj)
                0x000000000000850e                z_thread_abort
 .text.z_sched_wake
                0x0000000000008550       0x46 zephyr/kernel/libkernel.a(sched.c.obj)
                0x0000000000008550                z_sched_wake
 .text.z_abort_timeout
                0x0000000000008596       0x2c zephyr/kernel/libkernel.a(timeout.c.obj)
                0x0000000000008596                z_abort_timeout
 .text.sys_clock_tick_get_32
                0x00000000000085c2        0x8 zephyr/kernel/libkernel.a(timeout.c.obj)
                0x00000000000085c2                sys_clock_tick_get_32
 .text.z_impl_k_uptime_ticks
                0x00000000000085ca        0x4 zephyr/kernel/libkernel.a(timeout.c.obj)
                0x00000000000085ca                z_impl_k_uptime_ticks
 .text.z_impl_k_timer_stop
                0x00000000000085ce       0x3a zephyr/kernel/libkernel.a(timer.c.obj)
                0x00000000000085ce                z_impl_k_timer_stop
 *(SORT_BY_ALIGNMENT(.TEXT.*))
 *(SORT_BY_ALIGNMENT(.gnu.linkonce.t.*))
 *(SORT_BY_ALIGNMENT(.glue_7t))
 .glue_7t       0x0000000000008608        0x0 linker stubs
 *(SORT_BY_ALIGNMENT(.glue_7))
 .glue_7        0x0000000000008608        0x0 linker stubs
 *(SORT_BY_ALIGNMENT(.vfp11_veneer))
 .vfp11_veneer  0x0000000000008608        0x0 linker stubs
 *(SORT_BY_ALIGNMENT(.v4_bx))
 .v4_bx         0x0000000000008608        0x0 linker stubs
                0x0000000000008608                . = ALIGN (0x4)
                0x0000000000008608                __text_region_end = .

.ARM.exidx      0x0000000000008608        0x8
                0x0000000000008608                __exidx_start = .
 *(SORT_BY_ALIGNMENT(.ARM.exidx*) SORT_BY_ALIGNMENT(gnu.linkonce.armexidx.*))
 .ARM.exidx     0x0000000000008608        0x8 c:/ncs/toolchains/2d382dcd92/opt/zephyr-sdk/arm-zephyr-eabi/bin/../lib/gcc/arm-zephyr-eabi/12.2.0/thumb/v7e-m/nofp\libgcc.a(_udivmoddi4.o)
                0x0000000000008610                __exidx_end = .
                0x0000000000008610                __rodata_region_start = .

initlevel       0x0000000000008610       0x50
                0x0000000000008610                __init_start = .
                0x0000000000008610                __init_EARLY_start = .
 *(SORT_BY_NAME(SORT_BY_ALIGNMENT(.z_init_EARLY?_*)))
 *(SORT_BY_NAME(SORT_BY_ALIGNMENT(.z_init_EARLY??_*)))
                0x0000000000008610                __init_PRE_KERNEL_1_start = .
 *(SORT_BY_NAME(SORT_BY_ALIGNMENT(.z_init_PRE_KERNEL_1?_*)))
 .z_init_PRE_KERNEL_10_0_
                0x0000000000008610        0x8 zephyr/soc/soc/arm/nordic_nrf/libsoc__arm__nordic_nrf.a(soc.c.obj)
 *(SORT_BY_NAME(SORT_BY_ALIGNMENT(.z_init_PRE_KERNEL_1??_*)))
 .z_init_PRE_KERNEL_130_00038_
                0x0000000000008618        0x8 zephyr/drivers/clock_control/libdrivers__clock_control.a(clock_control_nrf.c.obj)
 .z_init_PRE_KERNEL_140_00011_
                0x0000000000008620        0x8 zephyr/drivers/gpio/libdrivers__gpio.a(gpio_nrfx.c.obj)
 .z_init_PRE_KERNEL_140_00018_
                0x0000000000008628        0x8 zephyr/drivers/gpio/libdrivers__gpio.a(gpio_nrfx.c.obj)
                0x0000000000008630                __init_PRE_KERNEL_2_start = .
 *(SORT_BY_NAME(SORT_BY_ALIGNMENT(.z_init_PRE_KERNEL_2?_*)))
 .z_init_PRE_KERNEL_20_0_
                0x0000000000008630        0x8 zephyr/drivers/timer/libdrivers__timer.a(nrf_rtc_timer.c.obj)
 *(SORT_BY_NAME(SORT_BY_ALIGNMENT(.z_init_PRE_KERNEL_2??_*)))
                0x0000000000008638                __init_POST_KERNEL_start = .
 *(SORT_BY_NAME(SORT_BY_ALIGNMENT(.z_init_POST_KERNEL?_*)))
 .z_init_POST_KERNEL0_0_
                0x0000000000008638        0x8 modules/mbedtls/libmbedTLSBase.a(zephyr_init.c.obj)
 *(SORT_BY_NAME(SORT_BY_ALIGNMENT(.z_init_POST_KERNEL??_*)))
 .z_init_POST_KERNEL40_0_
                0x0000000000008640        0x8 zephyr/kernel/libkernel.a(system_work_q.c.obj)
 .z_init_POST_KERNEL50_00008_
                0x0000000000008648        0x8 zephyr/drivers/adc/libdrivers__adc.a(adc_nrfx_saadc.c.obj)
 .z_init_POST_KERNEL50_00080_
                0x0000000000008650        0x8 zephyr/drivers/flash/libdrivers__flash.a(soc_flash_nrf.c.obj)
 .z_init_POST_KERNEL90_00068_
                0x0000000000008658        0x8 zephyr/drivers/sensor/nrf5/libdrivers__sensor__nrf5.a(temp_nrf5.c.obj)
                0x0000000000008660                __init_APPLICATION_start = .
 *(SORT_BY_NAME(SORT_BY_ALIGNMENT(.z_init_APPLICATION?_*)))
 *(SORT_BY_NAME(SORT_BY_ALIGNMENT(.z_init_APPLICATION??_*)))
                0x0000000000008660                __init_SMP_start = .
 *(SORT_BY_NAME(SORT_BY_ALIGNMENT(.z_init_SMP?_*)))
 *(SORT_BY_NAME(SORT_BY_ALIGNMENT(.z_init_SMP??_*)))
                0x0000000000008660                __init_end = .

device_area     0x0000000000008660       0x78
                0x0000000000008660                _device_list_start = .
 *(SORT_BY_NAME(SORT_BY_ALIGNMENT(._device.static.*_?_*)))
 *(SORT_BY_NAME(SORT_BY_ALIGNMENT(._device.static.*_??_*)))
 ._device.static.1_30_
                0x0000000000008660       0x14 zephyr/drivers/clock_control/libdrivers__clock_control.a(clock_control_nrf.c.obj)
                0x0000000000008660                __device_dts_ord_38
 ._device.static.1_40_
                0x0000000000008674       0x28 zephyr/drivers/gpio/libdrivers__gpio.a(gpio_nrfx.c.obj)
                0x0000000000008674                __device_dts_ord_18
                0x0000000000008688                __device_dts_ord_11
 ._device.static.3_50_
                0x000000000000869c       0x14 zephyr/drivers/adc/libdrivers__adc.a(adc_nrfx_saadc.c.obj)
                0x000000000000869c                __device_dts_ord_8
 ._device.static.3_50_
                0x00000000000086b0       0x14 zephyr/drivers/flash/libdrivers__flash.a(soc_flash_nrf.c.obj)
                0x00000000000086b0                __device_dts_ord_80
 ._device.static.3_90_
                0x00000000000086c4       0x14 zephyr/drivers/sensor/nrf5/libdrivers__sensor__nrf5.a(temp_nrf5.c.obj)
                0x00000000000086c4                __device_dts_ord_68
                0x00000000000086d8                _device_list_end = .

sw_isr_table    0x00000000000086d8      0x180
                0x00000000000086d8                . = ALIGN (0x4)
 *(SORT_BY_ALIGNMENT(.gnu.linkonce.sw_isr_table*))
 .gnu.linkonce.sw_isr_table
                0x00000000000086d8      0x180 zephyr/CMakeFiles/zephyr_final.dir/isr_tables.c.obj
                0x00000000000086d8                _sw_isr_table

initlevel_error
                0x0000000000008610        0x0
 *(SORT_BY_NAME(SORT_BY_ALIGNMENT(.z_init_[_A-Z0-9]*)))
                0x0000000000000001                ASSERT ((SIZEOF (initlevel_error) == 0x0), Undefined initialization levels used.)

app_shmem_regions
                0x0000000000008858        0x0
                0x0000000000008858                __app_shmem_regions_start = .
 *(SORT_BY_NAME(SORT_BY_ALIGNMENT(.app_regions.*)))
                0x0000000000008858                __app_shmem_regions_end = .

k_p4wq_initparam_area
                0x0000000000008858        0x0
                0x0000000000008858                _k_p4wq_initparam_list_start = .
 *(SORT_BY_NAME(SORT_BY_ALIGNMENT(._k_p4wq_initparam.static.*)))
                0x0000000000008858                _k_p4wq_initparam_list_end = .

_static_thread_data_area
                0x0000000000008858        0x0
                0x0000000000008858                __static_thread_data_list_start = .
 *(SORT_BY_NAME(SORT_BY_ALIGNMENT(.__static_thread_data.static.*)))
                0x0000000000008858                __static_thread_data_list_end = .

device_deps     0x0000000000008858        0x0
                0x0000000000008858                __device_deps_start = .
 *(SORT_BY_NAME(SORT_BY_ALIGNMENT(.__device_deps_pass2*)))
                0x0000000000008858                __device_deps_end = .

ztest           0x0000000000008858        0x0
                0x0000000000008858                _ztest_expected_result_entry_list_start = .
 *(SORT_BY_NAME(SORT_BY_ALIGNMENT(._ztest_expected_result_entry.static.*)))
                0x0000000000008858                _ztest_expected_result_entry_list_end = .
                0x0000000000008858                _ztest_suite_node_list_start = .
 *(SORT_BY_NAME(SORT_BY_ALIGNMENT(._ztest_suite_node.static.*)))
                0x0000000000008858                _ztest_suite_node_list_end = .
                0x0000000000008858                _ztest_unit_test_list_start = .
 *(SORT_BY_NAME(SORT_BY_ALIGNMENT(._ztest_unit_test.static.*)))
                0x0000000000008858                _ztest_unit_test_list_end = .
                0x0000000000008858                _ztest_test_rule_list_start = .
 *(SORT_BY_NAME(SORT_BY_ALIGNMENT(._ztest_test_rule.static.*)))
                0x0000000000008858                _ztest_test_rule_list_end = .

bt_l2cap_fixed_chan_area
                0x0000000000008858        0x0
                0x0000000000008858                _bt_l2cap_fixed_chan_list_start = .
 *(SORT_BY_NAME(SORT_BY_ALIGNMENT(._bt_l2cap_fixed_chan.static.*)))
                0x0000000000008858                _bt_l2cap_fixed_chan_list_end = .

bt_gatt_service_static_area
                0x0000000000008858        0x0
                0x0000000000008858                _bt_gatt_service_static_list_start = .
 *(SORT_BY_NAME(SORT_BY_ALIGNMENT(._bt_gatt_service_static.static.*)))
                0x0000000000008858                _bt_gatt_service_static_list_end = .

log_strings_area
                0x0000000000008858        0x0
                0x0000000000008858                _log_strings_list_start = .
 *(SORT_BY_NAME(SORT_BY_ALIGNMENT(._log_strings.static.*)))
                0x0000000000008858                _log_strings_list_end = .

log_const_area  0x0000000000008858        0x8
                0x0000000000008858                _log_const_list_start = .
 *(SORT_BY_NAME(SORT_BY_ALIGNMENT(._log_const.static.*)))
 ._log_const.static.log_const_mcuboot_
                0x0000000000008858        0x8 app/libapp.a(main.c.obj)
                0x0000000000008858                log_const_mcuboot
                0x0000000000008860                _log_const_list_end = .

log_backend_area
                0x0000000000008860        0x0
                0x0000000000008860                _log_backend_list_start = .
 *(SORT_BY_NAME(SORT_BY_ALIGNMENT(._log_backend.static.*)))
                0x0000000000008860                _log_backend_list_end = .

log_link_area   0x0000000000008860        0x0
                0x0000000000008860                _log_link_list_start = .
 *(SORT_BY_NAME(SORT_BY_ALIGNMENT(._log_link.static.*)))
                0x0000000000008860                _log_link_list_end = .

tracing_backend_area
                0x0000000000008860        0x0
                0x0000000000008860                _tracing_backend_list_start = .
 *(SORT_BY_NAME(SORT_BY_ALIGNMENT(._tracing_backend.static.*)))
                0x0000000000008860                _tracing_backend_list_end = .

zephyr_dbg_info
 *(SORT_BY_ALIGNMENT(.dbg_thread_info))

symbol_to_keep  0x0000000000008860        0x0
                0x0000000000008860                __symbol_to_keep_start = .
 *(SORT_BY_NAME(SORT_BY_ALIGNMENT(.symbol_to_keep*)))
                0x0000000000008860                __symbol_to_keep_end = .

shell_area      0x0000000000008860        0x0
                0x0000000000008860                _shell_list_start = .
 *(SORT_BY_NAME(SORT_BY_ALIGNMENT(._shell.static.*)))
                0x0000000000008860                _shell_list_end = .

shell_root_cmds_area
                0x0000000000008860        0x0
                0x0000000000008860                _shell_root_cmds_list_start = .
 *(SORT_BY_NAME(SORT_BY_ALIGNMENT(._shell_root_cmds.static.*)))
                0x0000000000008860                _shell_root_cmds_list_end = .

shell_subcmds_area
                0x0000000000008860        0x0
                0x0000000000008860                _shell_subcmds_list_start = .
 *(SORT_BY_NAME(SORT_BY_ALIGNMENT(._shell_subcmds.static.*)))
                0x0000000000008860                _shell_subcmds_list_end = .

shell_dynamic_subcmds_area
                0x0000000000008860        0x0
                0x0000000000008860                _shell_dynamic_subcmds_list_start = .
 *(SORT_BY_NAME(SORT_BY_ALIGNMENT(._shell_dynamic_subcmds.static.*)))
                0x0000000000008860                _shell_dynamic_subcmds_list_end = .

cfb_font_area   0x0000000000008860        0x0
                0x0000000000008860                _cfb_font_list_start = .
 *(SORT_BY_NAME(SORT_BY_ALIGNMENT(._cfb_font.static.*)))
                0x0000000000008860                _cfb_font_list_end = .

rodata          0x0000000000008860      0x830
 *(SORT_BY_ALIGNMENT(.rodata))
 *(SORT_BY_ALIGNMENT(.rodata.*))
 .rodata.delay_machine_code.0
                0x0000000000008860        0x6 zephyr/soc/soc/arm/nordic_nrf/libsoc__arm__nordic_nrf.a(soc.c.obj)
 *fill*         0x0000000000008866        0x2 
 .rodata.all_slots.0
                0x0000000000008868        0x8 app/libapp.a(flash_map_extended.c.obj)
 .rodata.bootutil_key_cnt
                0x0000000000008870        0x4 app/libapp.a(keys.c.obj)
                0x0000000000008870                bootutil_key_cnt
 .rodata.bootutil_keys
                0x0000000000008874        0x8 app/libapp.a(keys.c.obj)
                0x0000000000008874                bootutil_keys
 .rodata.all_slots.0
                0x000000000000887c        0x8 app/libapp.a(bootutil_misc.c.obj)
 .rodata.all_slots.0
                0x0000000000008884        0x8 app/libapp.a(swap_misc.c.obj)
 .rodata.rsa_pub_key_len
                0x000000000000888c        0x4 app/libapp.a(autogen-pubkey.c.obj)
                0x000000000000888c                rsa_pub_key_len
 .rodata.mem_attr_region
                0x0000000000008890        0x0 zephyr/libzephyr.a(mem_attr.c.obj)
 .rodata.flash_map_entries
                0x0000000000008890        0x4 zephyr/libzephyr.a(flash_map_partition_manager.c.obj)
                0x0000000000008890                flash_map_entries
 .rodata.default_flash_map
                0x0000000000008894       0x70 zephyr/libzephyr.a(flash_map_partition_manager.c.obj)
                0x0000000000008894                default_flash_map
 .rodata.static_regions
                0x0000000000008904        0xc zephyr/arch/arch/arm/core/mpu/libarch__arm__core__mpu.a(arm_core_mpu.c.obj)
 .rodata.mpu_config
                0x0000000000008910        0x8 zephyr/arch/arch/arm/core/mpu/libarch__arm__core__mpu.a(arm_mpu_regions.c.obj)
                0x0000000000008910                mpu_config
 .rodata.mpu_regions
                0x0000000000008918       0x18 zephyr/arch/arch/arm/core/mpu/libarch__arm__core__mpu.a(arm_mpu_regions.c.obj)
 .rodata.adc_nrfx_driver_api
                0x0000000000008930        0xc zephyr/drivers/adc/libdrivers__adc.a(adc_nrfx_saadc.c.obj)
 .rodata.transitions.0
                0x000000000000893c        0xc zephyr/drivers/clock_control/libdrivers__clock_control.a(clock_control_nrf.c.obj)
 .rodata.config
                0x0000000000008948       0x18 zephyr/drivers/clock_control/libdrivers__clock_control.a(clock_control_nrf.c.obj)
 .rodata.clock_control_api
                0x0000000000008960       0x1c zephyr/drivers/clock_control/libdrivers__clock_control.a(clock_control_nrf.c.obj)
 .rodata.flash_nrf_api
                0x000000000000897c       0x14 zephyr/drivers/flash/libdrivers__flash.a(soc_flash_nrf.c.obj)
 .rodata.flash_nrf_parameters
                0x0000000000008990        0x8 zephyr/drivers/flash/libdrivers__flash.a(soc_flash_nrf.c.obj)
 .rodata.gpio_nrfx_p1_cfg
                0x0000000000008998       0x18 zephyr/drivers/gpio/libdrivers__gpio.a(gpio_nrfx.c.obj)
 .rodata.gpio_nrfx_p0_cfg
                0x00000000000089b0       0x18 zephyr/drivers/gpio/libdrivers__gpio.a(gpio_nrfx.c.obj)
 .rodata.gpio_nrfx_drv_api_funcs
                0x00000000000089c8       0x24 zephyr/drivers/gpio/libdrivers__gpio.a(gpio_nrfx.c.obj)
 .rodata.temp_nrf5_driver_api
                0x00000000000089ec       0x1c zephyr/drivers/sensor/nrf5/libdrivers__sensor__nrf5.a(temp_nrf5.c.obj)
 .rodata.all_slots.0
                0x0000000000008a08        0x8 modules/mcuboot/boot/bootutil/zephyr/libmcuboot_util.a(bootutil_public.c.obj)
 .rodata.K      0x0000000000008a10      0x100 modules/mbedtls/libmbedTLSBase.a(sha256.c.obj)
 .rodata.levels.0
                0x0000000000008b10       0x18 zephyr/kernel/libkernel.a(init.c.obj)
 .rodata.boot_img_magic
                0x0000000000008b28       0x10 modules/mcuboot/boot/bootutil/zephyr/libmcuboot_util.a(bootutil_public.c.obj)
                0x0000000000008b28                boot_img_magic
 .rodata.main.str1.1
                0x0000000000008b38       0x71 app/libapp.a(main.c.obj)