Archive member included to satisfy reference by file (symbol)

app/libapp.a(main.c.obj)      (--whole-archive)
app/libapp.a(display.c.obj)   (--whole-archive)
app/libapp.a(imu.c.obj)       (--whole-archive)
app/libapp.a(bluetooth.c.obj)
                              (--whole-archive)
app/libapp.a(pwr.c.obj)       (--whole-archive)
zephyr/libzephyr.a(crc32c_sw.c.obj)
                              (--whole-archive)
zephyr/libzephyr.a(crc32_sw.c.obj)
                              (--whole-archive)
zephyr/libzephyr.a(crc16_sw.c.obj)
                              (--whole-archive)
zephyr/libzephyr.a(crc8_sw.c.obj)
                              (--whole-archive)
zephyr/libzephyr.a(crc7_sw.c.obj)
                              (--whole-archive)
zephyr/libzephyr.a(crc4_sw.c.obj)
                              (--whole-archive)
zephyr/libzephyr.a(cbprintf_packaged.c.obj)
                              (--whole-archive)
zephyr/libzephyr.a(dec.c.obj)
                              (--whole-archive)
zephyr/libzephyr.a(hex.c.obj)
                              (--whole-archive)
zephyr/libzephyr.a(printk.c.obj)
                              (--whole-archive)
zephyr/libzephyr.a(rb.c.obj)  (--whole-archive)
zephyr/libzephyr.a(sem.c.obj)
                              (--whole-archive)
zephyr/libzephyr.a(thread_entry.c.obj)
                              (--whole-archive)
zephyr/libzephyr.a(timeutil.c.obj)
                              (--whole-archive)
zephyr/libzephyr.a(heap.c.obj)
                              (--whole-archive)
zephyr/libzephyr.a(heap-validate.c.obj)
                              (--whole-archive)
zephyr/libzephyr.a(bitarray.c.obj)
                              (--whole-archive)
zephyr/libzephyr.a(multi_heap.c.obj)
                              (--whole-archive)
zephyr/libzephyr.a(onoff.c.obj)
                              (--whole-archive)
zephyr/libzephyr.a(notify.c.obj)
                              (--whole-archive)
zephyr/libzephyr.a(cbprintf_complete.c.obj)
                              (--whole-archive)
zephyr/libzephyr.a(assert.c.obj)
                              (--whole-archive)
zephyr/libzephyr.a(reboot.c.obj)
                              (--whole-archive)
zephyr/libzephyr.a(configs.c.obj)
                              (--whole-archive)
zephyr/libzephyr.a(nvs.c.obj)
                              (--whole-archive)
zephyr/libzephyr.a(flash_map.c.obj)
                              (--whole-archive)
zephyr/libzephyr.a(flash_map_default.c.obj)
                              (--whole-archive)
zephyr/libzephyr.a(flash_map_layout.c.obj)
                              (--whole-archive)
zephyr/libzephyr.a(tracing_none.c.obj)
                              (--whole-archive)
zephyr/libzephyr.a(addr_utils.c.obj)
                              (--whole-archive)
zephyr/libzephyr.a(settings_store.c.obj)
                              (--whole-archive)
zephyr/libzephyr.a(settings.c.obj)
                              (--whole-archive)
zephyr/libzephyr.a(settings_init.c.obj)
                              (--whole-archive)
zephyr/libzephyr.a(settings_line.c.obj)
                              (--whole-archive)
zephyr/libzephyr.a(settings_nvs.c.obj)
                              (--whole-archive)
zephyr/libzephyr.a(nus.c.obj)
                              (--whole-archive)
zephyr/libzephyr.a(utils.c.obj)
                              (--whole-archive)
zephyr/libzephyr.a(aes_decrypt.c.obj)
                              (--whole-archive)
zephyr/libzephyr.a(aes_encrypt.c.obj)
                              (--whole-archive)
zephyr/libzephyr.a(cmac_mode.c.obj)
                              (--whole-archive)
zephyr/arch/common/libarch__common.a(sw_isr_common.c.obj)
                              (--whole-archive)
zephyr/arch/arch/arm/core/libarch__arm__core.a(fatal.c.obj)
                              (--whole-archive)
zephyr/arch/arch/arm/core/libarch__arm__core.a(nmi.c.obj)
                              (--whole-archive)
zephyr/arch/arch/arm/core/libarch__arm__core.a(nmi_on_reset.S.obj)
                              (--whole-archive)
zephyr/arch/arch/arm/core/libarch__arm__core.a(tls.c.obj)
                              (--whole-archive)
zephyr/arch/arch/arm/core/cortex_m/libarch__arm__core__cortex_m.a(exc_exit.S.obj)
                              (--whole-archive)
zephyr/arch/arch/arm/core/cortex_m/libarch__arm__core__cortex_m.a(fault.c.obj)
                              (--whole-archive)
zephyr/arch/arch/arm/core/cortex_m/libarch__arm__core__cortex_m.a(fault_s.S.obj)
                              (--whole-archive)
zephyr/arch/arch/arm/core/cortex_m/libarch__arm__core__cortex_m.a(fpu.c.obj)
                              (--whole-archive)
zephyr/arch/arch/arm/core/cortex_m/libarch__arm__core__cortex_m.a(reset.S.obj)
                              (--whole-archive)
zephyr/arch/arch/arm/core/cortex_m/libarch__arm__core__cortex_m.a(scb.c.obj)
                              (--whole-archive)
[...]
Memory Configuration

Name             Origin             Length             Attributes
FLASH            0x0000000000000000 0x0000000000030000 xr
RAM              0x0000000020000000 0x0000000000006000 xw
IDT_LIST         0x00000000ffff7fff 0x0000000000008000 xw
*default*        0x0000000000000000 0xffffffffffffffff

Linker script and memory map

                0x000000000001b474                vfprintf = __l_vfprintf
                0x0000000000000000                vfscanf = __l_vfscanf
LOAD zephyr/CMakeFiles/zephyr_final.dir/misc/empty_file.c.obj
LOAD zephyr/CMakeFiles/zephyr_final.dir/isr_tables.c.obj
LOAD zephyr/CMakeFiles/offsets.dir/./arch/arm/core/offsets/offsets.c.obj
LOAD app/libapp.a
LOAD zephyr/libzephyr.a
LOAD zephyr/arch/common/libarch__common.a
LOAD zephyr/arch/arch/arm/core/libarch__arm__core.a
LOAD zephyr/arch/arch/arm/core/cortex_m/libarch__arm__core__cortex_m.a
LOAD zephyr/lib/libc/picolibc/liblib__libc__picolibc.a
LOAD zephyr/lib/libc/common/liblib__libc__common.a
LOAD zephyr/soc/soc/arm/nordic_nrf/libsoc__arm__nordic_nrf.a
LOAD zephyr/subsys/random/libsubsys__random.a
LOAD zephyr/subsys/bluetooth/common/libsubsys__bluetooth__common.a
LOAD zephyr/subsys/bluetooth/host/libsubsys__bluetooth__host.a
LOAD zephyr/subsys/bluetooth/crypto/libsubsys__bluetooth__crypto.a
LOAD zephyr/subsys/net/libsubsys__net.a
LOAD zephyr/drivers/adc/libdrivers__adc.a
LOAD zephyr/drivers/clock_control/libdrivers__clock_control.a
LOAD zephyr/drivers/entropy/libdrivers__entropy.a
LOAD zephyr/drivers/flash/libdrivers__flash.a
LOAD zephyr/drivers/gpio/libdrivers__gpio.a
LOAD zephyr/drivers/i2c/libdrivers__i2c.a
LOAD zephyr/drivers/pinctrl/libdrivers__pinctrl.a
LOAD zephyr/drivers/timer/libdrivers__timer.a
LOAD modules/nrf/lib/multithreading_lock/lib..__nrf__lib__multithreading_lock.a
LOAD modules/nrf/lib/fatal_error/lib..__nrf__lib__fatal_error.a
LOAD modules/nrf/subsys/bluetooth/controller/lib..__nrf__subsys__bluetooth__controller.a
LOAD modules/nrf/subsys/mpsl/init/lib..__nrf__subsys__mpsl__init.a
LOAD modules/nrf/subsys/mpsl/fem/lib..__nrf__subsys__mpsl__fem.a
LOAD modules/nrf/drivers/mpsl/clock_control/lib..__nrf__drivers__mpsl__clock_control.a
LOAD modules/nrf/drivers/mpsl/flash_sync/lib..__nrf__drivers__mpsl__flash_sync.a
LOAD modules/hal_nordic/nrfx/libmodules__hal_nordic__nrfx.a
LOAD zephyr/kernel/libkernel.a
LOAD c:/ncs/toolchains/2d382dcd92/opt/zephyr-sdk/arm-zephyr-eabi/bin/../lib/gcc/arm-zephyr-eabi/12.2.0/thumb/v7e-m/nofp\libgcc.a
LOAD zephyr/arch/common/libisr_tables.a
LOAD C:/ncs/v2.6.1/nrfxlib/crypto/nrf_oberon/lib/cortex-m4/soft-float/liboberon_3.0.14.a
LOAD C:/ncs/v2.6.1/nrfxlib/softdevice_controller/lib/cortex-m4/soft-float/libsoftdevice_controller_peripheral.a
LOAD C:/ncs/v2.6.1/nrfxlib/mpsl/fem/common/lib/cortex-m4/soft-float/libmpsl_fem_common.a
LOAD C:/ncs/v2.6.1/nrfxlib/mpsl/fem/nrf21540_gpio/lib/cortex-m4/soft-float/libmpsl_fem_nrf21540_gpio.a
LOAD C:/ncs/v2.6.1/nrfxlib/mpsl/fem/nrf21540_gpio_spi/lib/cortex-m4/soft-float/libmpsl_fem_nrf21540_gpio_spi.a
LOAD C:/ncs/v2.6.1/nrfxlib/mpsl/fem/simple_gpio/lib/cortex-m4/soft-float/libmpsl_fem_simple_gpio.a
LOAD C:/ncs/v2.6.1/nrfxlib/mpsl/lib/cortex-m4/soft-float/libmpsl.a
LOAD c:\ncs\toolchains\2d382dcd92\opt\zephyr-sdk\arm-zephyr-eabi\bin\../lib/gcc/../../picolibc/arm-zephyr-eabi/lib/thumb/v7e-m/nofp\libc.a
LOAD c:/ncs/toolchains/2d382dcd92/opt/zephyr-sdk/arm-zephyr-eabi/bin/../lib/gcc/arm-zephyr-eabi/12.2.0/thumb/v7e-m/nofp\libgcc.a
                0x0000000000000004                _region_min_align = 0x4

.rel.plt        0x0000000000000000        0x0
 *(SORT_BY_ALIGNMENT(.rel.plt))
                [!provide]                        PROVIDE (__rel_iplt_start = .)
 *(SORT_BY_ALIGNMENT(.rel.iplt))
 .rel.iplt      0x0000000000000000        0x0 zephyr/CMakeFiles/zephyr_final.dir/isr_tables.c.obj
                [!provide]                        PROVIDE (__rel_iplt_end = .)

.rela.plt       0x0000000000000000        0x0
 *(SORT_BY_ALIGNMENT(.rela.plt))
                [!provide]                        PROVIDE (__rela_iplt_start = .)
 *(SORT_BY_ALIGNMENT(.rela.iplt))
                [!provide]                        PROVIDE (__rela_iplt_end = .)

.rel.dyn
 *(SORT_BY_ALIGNMENT(.rel.*))

.rela.dyn
 *(SORT_BY_ALIGNMENT(.rela.*))

/DISCARD/
 *(SORT_BY_ALIGNMENT(.plt))

/DISCARD/
 *(SORT_BY_ALIGNMENT(.iplt))
                0x0000000000000000                __rom_region_start = 0x0

rom_start       0x0000000000000000       0xb8
                0x0000000000000000                __rom_start_address = .
 FILL mask 0x00
                0x0000000000000000                . = (. + (0x0 - (. - __rom_start_address)))
                0x0000000000000000                . = ALIGN (0x4)
                0x0000000000000000                . = ALIGN (0x80)
                0x0000000000000000                . = ALIGN (0x100)
                0x0000000000000000                _vector_start = .
 *(SORT_BY_ALIGNMENT(.exc_vector_table))
 *(SORT_BY_ALIGNMENT(.exc_vector_table.*))
 .exc_vector_table._vector_table_section
                0x0000000000000000       0x40 zephyr/arch/arch/arm/core/cortex_m/libarch__arm__core__cortex_m.a(vector_table.S.obj)
                0x0000000000000000                _vector_table
 *(SORT_BY_ALIGNMENT(.vectors))
                0x00000000000000b8                _vector_end = .
                0x0000000000000040                . = ALIGN (0x4)
 *(SORT_BY_ALIGNMENT(.gnu.linkonce.irq_vector_table*))
 .gnu.linkonce.irq_vector_table
                0x0000000000000040       0x78 zephyr/CMakeFiles/zephyr_final.dir/isr_tables.c.obj
                0x0000000000000040                _irq_vector_table
                0x00000000000000b8                _vector_end = .

text            0x00000000000000b8    0x217f8
                0x00000000000000b8                __text_region_start = .
 *(SORT_BY_ALIGNMENT(.text))
 .text          0x00000000000000b8      0x378 c:/ncs/toolchains/2d382dcd92/opt/zephyr-sdk/arm-zephyr-eabi/bin/../lib/gcc/arm-zephyr-eabi/12.2.0/thumb/v7e-m/nofp\libgcc.a(_arm_addsubdf3.o)
                0x00000000000000b8                __aeabi_drsub
                0x00000000000000c0                __aeabi_dsub
                0x00000000000000c0                __subdf3
                0x00000000000000c4                __adddf3
                0x00000000000000c4                __aeabi_dadd
                0x000000000000033c                __aeabi_ui2d
                0x000000000000033c                __floatunsidf
                0x000000000000035c                __floatsidf
                0x000000000000035c                __aeabi_i2d
                0x0000000000000380                __extendsfdf2
                0x0000000000000380                __aeabi_f2d
                0x00000000000003c4                __floatundidf
                0x00000000000003c4                __aeabi_ul2d
                0x00000000000003d4                __floatdidf
                0x00000000000003d4                __aeabi_l2d
 .text          0x0000000000000430      0x424 c:/ncs/toolchains/2d382dcd92/opt/zephyr-sdk/arm-zephyr-eabi/bin/../lib/gcc/arm-zephyr-eabi/12.2.0/thumb/v7e-m/nofp\libgcc.a(_arm_muldivdf3.o)
                0x0000000000000430                __muldf3
                0x0000000000000430                __aeabi_dmul
                0x0000000000000684                __divdf3
                0x0000000000000684                __aeabi_ddiv
 .text          0x0000000000000854       0x40 c:/ncs/toolchains/2d382dcd92/opt/zephyr-sdk/arm-zephyr-eabi/bin/../lib/gcc/arm-zephyr-eabi/12.2.0/thumb/v7e-m/nofp\libgcc.a(_arm_fixunsdfsi.o)
                0x0000000000000854                __aeabi_d2uiz
                0x0000000000000854                __fixunsdfsi
 .text          0x0000000000000894       0x30 c:/ncs/toolchains/2d382dcd92/opt/zephyr-sdk/arm-zephyr-eabi/bin/../lib/gcc/arm-zephyr-eabi/12.2.0/thumb/v7e-m/nofp\libgcc.a(_aeabi_uldivmod.o)
                0x0000000000000894                __aeabi_uldivmod
 .text          0x00000000000008c4        0x4 c:/ncs/toolchains/2d382dcd92/opt/zephyr-sdk/arm-zephyr-eabi/bin/../lib/gcc/arm-zephyr-eabi/12.2.0/thumb/v7e-m/nofp\libgcc.a(_dvmd_tls.o)
                0x00000000000008c4                __aeabi_ldiv0
                0x00000000000008c4                __aeabi_idiv0
 .text          0x00000000000008c8      0x41c C:/ncs/v2.6.1/nrfxlib/crypto/nrf_oberon/lib/cortex-m4/soft-float/liboberon_3.0.14.a(ocrypto_bigint256.s.obj)
                0x00000000000008c8                ocrypto_bigint_add256
                0x0000000000000908                ocrypto_bigint_sub256
                0x0000000000000948                ocrypto_bigint_cadd256
                0x00000000000009a4                ocrypto_bigint_csub256
                0x0000000000000a00                ocrypto_bigint_cswap256
                0x0000000000000a34                ocrypto_mul256_noframe
                0x0000000000000b8c                ocrypto_bigint_mul256
                0x0000000000000bac                ocrypto_sqr256_noframe
                0x0000000000000cc4                ocrypto_bigint_sqr256
 .text          0x0000000000000ce4       0x5c C:/ncs/v2.6.1/nrfxlib/crypto/nrf_oberon/lib/cortex-m4/soft-float/liboberon_3.0.14.a(ocrypto_constant_time.s.obj)
                0x0000000000000ce4                ocrypto_constant_time_equal
                0x0000000000000d0c                ocrypto_constant_time_is_zero
                0x0000000000000d28                ocrypto_constant_time_xor
 .text          0x0000000000000d40      0x1ec C:/ncs/v2.6.1/nrfxlib/crypto/nrf_oberon/lib/cortex-m4/soft-float/liboberon_3.0.14.a(ocrypto_mod_p256_base.s.obj)
                0x0000000000000d40                ocrypto_mod_p256_add
                0x0000000000000dbc                ocrypto_mod_p256_sub
                0x0000000000000ecc                ocrypto_mod_p256_mul
                0x0000000000000efc                ocrypto_mod_p256_sqr
 .text          0x0000000000000f2c       0xb8 C:/ncs/v2.6.1/nrfxlib/softdevice_controller/lib/cortex-m4/soft-float/libsoftdevice_controller_peripheral.a(libsoftdevice_controller_s112_debug_soft__obfuscated.elf)
 .text          0x0000000000000fe4       0x78 C:/ncs/v2.6.1/nrfxlib/softdevice_controller/lib/cortex-m4/soft-float/libsoftdevice_controller_peripheral.a(libsoftdevice_controller_s112_debug_soft__obfuscated.elf)
                0x0000000000000fe4                sym_476LRB5XNUARAHCHHC7ZAIGPFC5VZ4W2N4467LI
 .text          0x000000000000105c       0x48 C:/ncs/v2.6.1/nrfxlib/softdevice_controller/lib/cortex-m4/soft-float/libsoftdevice_controller_peripheral.a(libsoftdevice_controller_s112_debug_soft__obfuscated.elf)
 .text          0x00000000000010a4       0x7c C:/ncs/v2.6.1/nrfxlib/softdevice_controller/lib/cortex-m4/soft-float/libsoftdevice_controller_peripheral.a(libsoftdevice_controller_s112_debug_soft__obfuscated.elf)
                0x00000000000010a4                sdc_init
 .text          0x0000000000001120       0x8c C:/ncs/v2.6.1/nrfxlib/softdevice_controller/lib/cortex-m4/soft-float/libsoftdevice_controller_peripheral.a(libsoftdevice_controller_s112_debug_soft__obfuscated.elf)
                0x0000000000001120                sdc_cfg_set
 .text          0x00000000000011ac       0x58 C:/ncs/v2.6.1/nrfxlib/softdevice_controller/lib/cortex-m4/soft-float/libsoftdevice_controller_peripheral.a(libsoftdevice_controller_s112_debug_soft__obfuscated.elf)
                0x00000000000011ac                sdc_enable
 .text          0x0000000000001204       0x28 C:/ncs/v2.6.1/nrfxlib/softdevice_controller/lib/cortex-m4/soft-float/libsoftdevice_controller_peripheral.a(libsoftdevice_controller_s112_debug_soft__obfuscated.elf)
                0x0000000000001204                sdc_disable
 .text          0x000000000000122c       0x24 C:/ncs/v2.6.1/nrfxlib/softdevice_controller/lib/cortex-m4/soft-float/libsoftdevice_controller_peripheral.a(libsoftdevice_controller_s112_debug_soft__obfuscated.elf)
                0x000000000000122c                sdc_build_revision_get
 .text          0x0000000000001250       0x24 C:/ncs/v2.6.1/nrfxlib/softdevice_controller/lib/cortex-m4/soft-float/libsoftdevice_controller_peripheral.a(libsoftdevice_controller_s112_debug_soft__obfuscated.elf)
                0x0000000000001250                sdc_support_adv
 .text          0x0000000000001274       0x24 C:/ncs/v2.6.1/nrfxlib/softdevice_controller/lib/cortex-m4/soft-float/libsoftdevice_controller_peripheral.a(libsoftdevice_controller_s112_debug_soft__obfuscated.elf)
                0x0000000000001274                sdc_support_peripheral
 .text          0x0000000000001298       0x10 C:/ncs/v2.6.1/nrfxlib/softdevice_controller/lib/cortex-m4/soft-float/libsoftdevice_controller_peripheral.a(libsoftdevice_controller_s112_debug_soft__obfuscated.elf)
                0x0000000000001298                sdc_rand_source_register
 .text          0x00000000000012a8        0xc C:/ncs/v2.6.1/nrfxlib/softdevice_controller/lib/cortex-m4/soft-float/libsoftdevice_controller_peripheral.a(libsoftdevice_controller_s112_debug_soft__obfuscated.elf)
                0x00000000000012a8                sym_CVMXQJYKHZVHIOMGOYEICPLVAIQNUBL6USVNZSA
 .text          0x00000000000012b4       0x10 C:/ncs/v2.6.1/nrfxlib/softdevice_controller/lib/cortex-m4/soft-float/libsoftdevice_controller_peripheral.a(libsoftdevice_controller_s112_debug_soft__obfuscated.elf)
                0x00000000000012b4                sym_EZ7BAEZZMYJFIJAONX254JF3WPGEXUT4NMP2WJQ
 .text          0x00000000000012c4       0xac C:/ncs/v2.6.1/nrfxlib/softdevice_controller/lib/cortex-m4/soft-float/libsoftdevice_controller_peripheral.a(libsoftdevice_controller_s112_debug_soft__obfuscated.elf)
                0x00000000000012c4                sym_MS2INTHZLDZMKZ5TZUDLWHPLKH3FLVZPA26JG6A
 .text          0x0000000000001370       0x28 C:/ncs/v2.6.1/nrfxlib/softdevice_controller/lib/cortex-m4/soft-float/libsoftdevice_controller_peripheral.a(libsoftdevice_controller_s112_debug_soft__obfuscated.elf)
                0x0000000000001370                sym_TG7NSIC2UKHCUBZWZ4K4EMD5QRI2QVSKVKV6CFQ
 .text          0x0000000000001398       0x3c C:/ncs/v2.6.1/nrfxlib/softdevice_controller/lib/cortex-m4/soft-float/libsoftdevice_controller_peripheral.a(libsoftdevice_controller_s112_debug_soft__obfuscated.elf)
                0x0000000000001398                sym_Z7NJGBYWCKFTEHRYWAIDKWPEUN45273QSWUA5CY
 .text          0x00000000000013d4       0x24 C:/ncs/v2.6.1/nrfxlib/softdevice_controller/lib/cortex-m4/soft-float/libsoftdevice_controller_peripheral.a(libsoftdevice_controller_s112_debug_soft__obfuscated.elf)
                0x00000000000013d4                sym_TU2SMBIUC7JL6C3K2XB6727DQLBLV5LEGIMZAFQ
 .text          0x00000000000013f8       0x10 C:/ncs/v2.6.1/nrfxlib/softdevice_controller/lib/cortex-m4/soft-float/libsoftdevice_controller_peripheral.a(libsoftdevice_controller_s112_debug_soft__obfuscated.elf)
                0x00000000000013f8                sym_CIVMWIRGIOQ374UFFPIFNN4ZGKYK2FRKTT6YRYA
 .text          0x0000000000001408       0x10 C:/ncs/v2.6.1/nrfxlib/softdevice_controller/lib/cortex-m4/soft-float/libsoftdevice_controller_peripheral.a(libsoftdevice_controller_s112_debug_soft__obfuscated.elf)
                0x0000000000001408                sym_PPT6FEOF2T6DRALMCRRTUI7CHLEPBAN25HYV3KQ
 .text          0x0000000000001418       0x20 C:/ncs/v2.6.1/nrfxlib/softdevice_controller/lib/cortex-m4/soft-float/libsoftdevice_controller_peripheral.a(libsoftdevice_controller_s112_debug_soft__obfuscated.elf)
                0x0000000000001418                sym_CEENVC5DZRUT7MGF5LABXKT4NV7YUL5F6EX6TEQ
 .text          0x0000000000001438        0xc C:/ncs/v2.6.1/nrfxlib/softdevice_controller/lib/cortex-m4/soft-float/libsoftdevice_controller_peripheral.a(libsoftdevice_controller_s112_debug_soft__obfuscated.elf)
                0x0000000000001438                sym_G3KVRHCJDVHL7HV53526V3YI3DTK2IW2CADUWZQ
 .text          0x0000000000001444       0x1c C:/ncs/v2.6.1/nrfxlib/softdevice_controller/lib/cortex-m4/soft-float/libsoftdevice_controller_peripheral.a(libsoftdevice_controller_s112_debug_soft__obfuscated.elf)
                0x0000000000001444                sdc_hci_cmd_cb_reset
 .text          0x0000000000001460       0x48 C:/ncs/v2.6.1/nrfxlib/softdevice_controller/lib/cortex-m4/soft-float/libsoftdevice_controller_peripheral.a(libsoftdevice_controller_s112_debug_soft__obfuscated.elf)
 .text          0x00000000000014a8       0x4c C:/ncs/v2.6.1/nrfxlib/softdevice_controller/lib/cortex-m4/soft-float/libsoftdevice_controller_peripheral.a(libsoftdevice_controller_s112_debug_soft__obfuscated.elf)
 .text          0x00000000000014f4       0x48 C:/ncs/v2.6.1/nrfxlib/softdevice_controller/lib/cortex-m4/soft-float/libsoftdevice_controller_peripheral.a(libsoftdevice_controller_s112_debug_soft__obfuscated.elf)
                0x00000000000014f4                sym_HJGZHHO77JF3TGWELSVWDOZTFCPAWAJURCFG3IY
 .text          0x000000000000153c       0xa0 C:/ncs/v2.6.1/nrfxlib/softdevice_controller/lib/cortex-m4/soft-float/libsoftdevice_controller_peripheral.a(libsoftdevice_controller_s112_debug_soft__obfuscated.elf)
                0x000000000000153c                sym_XU5SZFZBMUUCUDZEEMM4IFIEXSHIDIGLJZ253XA
 .text          0x00000000000015dc       0xe4 C:/ncs/v2.6.1/nrfxlib/softdevice_controller/lib/cortex-m4/soft-float/libsoftdevice_controller_peripheral.a(libsoftdevice_controller_s112_debug_soft__obfuscated.elf)
                0x00000000000015dc                sym_I7WU5FBNT4HUSKMI6IPMGZ2XXS2SREVHL7WVA5Q
 .text          0x00000000000016c0       0x80 C:/ncs/v2.6.1/nrfxlib/softdevice_controller/lib/cortex-m4/soft-float/libsoftdevice_controller_peripheral.a(libsoftdevice_controller_s112_debug_soft__obfuscated.elf)
                0x00000000000016c0                sym_EQ53CEL7EDVHMFMHMFPRRQU46C5YKKFEBAACFOA
 .text          0x0000000000001740       0x70 C:/ncs/v2.6.1/nrfxlib/softdevice_controller/lib/cortex-m4/soft-float/libsoftdevice_controller_peripheral.a(libsoftdevice_controller_s112_debug_soft__obfuscated.elf)
                0x0000000000001740                sym_DMJHGENWVWA7ILXIIOOHU6SYMMXUDCUFUUBACLQ
 .text          0x00000000000017b0       0x80 C:/ncs/v2.6.1/nrfxlib/softdevice_controller/lib/cortex-m4/soft-float/libsoftdevice_controller_peripheral.a(libsoftdevice_controller_s112_debug_soft__obfuscated.elf)
                0x00000000000017b0                sym_7JFC7IFAJQVPYCQHAIUKZ626ISM3VUWBEEXY7WI
 .text          0x0000000000001830       0x2c C:/ncs/v2.6.1/nrfxlib/softdevice_controller/lib/cortex-m4/soft-float/libsoftdevice_controller_peripheral.a(libsoftdevice_controller_s112_debug_soft__obfuscated.elf)
                0x0000000000001830                sym_5X75WALYYBUWN4XT5LYOZBIGSZHVNFKF5J4CSQI
 .text          0x000000000000185c       0x44 C:/ncs/v2.6.1/nrfxlib/softdevice_controller/lib/cortex-m4/soft-float/libsoftdevice_controller_peripheral.a(libsoftdevice_controller_s112_debug_soft__obfuscated.elf)
                0x000000000000185c                sym_4AWF7EXI3MMHUULTY73E756U3IY5DEXOZ265MZY
 .text          0x00000000000018a0       0x40 C:/ncs/v2.6.1/nrfxlib/softdevice_controller/lib/cortex-m4/soft-float/libsoftdevice_controller_peripheral.a(libsoftdevice_controller_s112_debug_soft__obfuscated.elf)
                0x00000000000018a0                sym_6I4XEOIW7LI2E3Z53L54ZHQQHYICXR4H4JQWXLA
 .text          0x00000000000018e0       0x30 C:/ncs/v2.6.1/nrfxlib/softdevice_controller/lib/cortex-m4/soft-float/libsoftdevice_controller_peripheral.a(libsoftdevice_controller_s112_debug_soft__obfuscated.elf)
                0x00000000000018e0                sym_6DYG6C6ROXZA67GZINNB2XIQHL3KE2RCKK4QFXA
 .text          0x0000000000001910       0x84 C:/ncs/v2.6.1/nrfxlib/softdevice_controller/lib/cortex-m4/soft-float/libsoftdevice_controller_peripheral.a(libsoftdevice_controller_s112_debug_soft__obfuscated.elf)
                0x0000000000001910                sym_24NU2MJKHN4R2Z7HXHMPDWTTDYSB32VL6HEQPZA
 .text          0x0000000000001994       0x28 C:/ncs/v2.6.1/nrfxlib/softdevice_controller/lib/cortex-m4/soft-float/libsoftdevice_controller_peripheral.a(libsoftdevice_controller_s112_debug_soft__obfuscated.elf)
                0x0000000000001994                sym_3QFBRH4ZSIA64QP2I3K547Y5WIALGQTCBP5Y5SQ
 .text          0x00000000000019bc        0xc C:/ncs/v2.6.1/nrfxlib/softdevice_controller/lib/cortex-m4/soft-float/libsoftdevice_controller_peripheral.a(libsoftdevice_controller_s112_debug_soft__obfuscated.elf)
                0x00000000000019bc                sym_NOQRMQ5IH6SQFJEPI5A3UBMITO54HG4WO4DTTXA
 .text          0x00000000000019c8       0x80 C:/ncs/v2.6.1/nrfxlib/softdevice_controller/lib/cortex-m4/soft-float/libsoftdevice_controller_peripheral.a(libsoftdevice_controller_s112_debug_soft__obfuscated.elf)
                0x00000000000019c8                sym_YL4RMM7WH2QQSRTLJX7L5Q2F5KYIEZ5IWMCN3UQ
 .text          0x0000000000001a48       0x58 C:/ncs/v2.6.1/nrfxlib/softdevice_controller/lib/cortex-m4/soft-float/libsoftdevice_controller_peripheral.a(libsoftdevice_controller_s112_debug_soft__obfuscated.elf)
                0x0000000000001a48                sym_47U6MZ7GC5PU2CVEGYFSZO6JE3OMJD4DVLRAUZQ
 .text          0x0000000000001aa0       0xd8 C:/ncs/v2.6.1/nrfxlib/softdevice_controller/lib/cortex-m4/soft-float/libsoftdevice_controller_peripheral.a(libsoftdevice_controller_s112_debug_soft__obfuscated.elf)
                0x0000000000001aa0                sym_YBUOIVJGKD57C5J4XCQFOKF4I5XT74ICLDOCNXA
 .text          0x0000000000001b78       0x5c C:/ncs/v2.6.1/nrfxlib/softdevice_controller/lib/cortex-m4/soft-float/libsoftdevice_controller_peripheral.a(libsoftdevice_controller_s112_debug_soft__obfuscated.elf)
                0x0000000000001b78                sym_E5WZNPP2DINHF6K4PHXLYLX5AXTYBQYGQESRSGQ
 .text          0x0000000000001bd4       0x20 C:/ncs/v2.6.1/nrfxlib/softdevice_controller/lib/cortex-m4/soft-float/libsoftdevice_controller_peripheral.a(libsoftdevice_controller_s112_debug_soft__obfuscated.elf)
 .text          0x0000000000001bf4       0x10 C:/ncs/v2.6.1/nrfxlib/softdevice_controller/lib/cortex-m4/soft-float/libsoftdevice_controller_peripheral.a(libsoftdevice_controller_s112_debug_soft__obfuscated.elf)
 .text          0x0000000000001c04        0xc C:/ncs/v2.6.1/nrfxlib/softdevice_controller/lib/cortex-m4/soft-float/libsoftdevice_controller_peripheral.a(libsoftdevice_controller_s112_debug_soft__obfuscated.elf)
 .text          0x0000000000001c10       0x50 C:/ncs/v2.6.1/nrfxlib/softdevice_controller/lib/cortex-m4/soft-float/libsoftdevice_controller_peripheral.a(libsoftdevice_controller_s112_debug_soft__obfuscated.elf)
 .text          0x0000000000001c60       0x14 C:/ncs/v2.6.1/nrfxlib/softdevice_controller/lib/cortex-m4/soft-float/libsoftdevice_controller_peripheral.a(libsoftdevice_controller_s112_debug_soft__obfuscated.elf)
 .text          0x0000000000001c74       0x7c C:/ncs/v2.6.1/nrfxlib/softdevice_controller/lib/cortex-m4/soft-float/libsoftdevice_controller_peripheral.a(libsoftdevice_controller_s112_debug_soft__obfuscated.elf)
 .text          0x0000000000001cf0      0x110 C:/ncs/v2.6.1/nrfxlib/softdevice_controller/lib/cortex-m4/soft-float/libsoftdevice_controller_peripheral.a(libsoftdevice_controller_s112_debug_soft__obfuscated.elf)
 .text          0x0000000000001e00       0x2c C:/ncs/v2.6.1/nrfxlib/softdevice_controller/lib/cortex-m4/soft-float/libsoftdevice_controller_peripheral.a(libsoftdevice_controller_s112_debug_soft__obfuscated.elf)
 .text          0x0000000000001e2c       0x18 C:/ncs/v2.6.1/nrfxlib/softdevice_controller/lib/cortex-m4/soft-float/libsoftdevice_controller_peripheral.a(libsoftdevice_controller_s112_debug_soft__obfuscated.elf)
                0x0000000000001e2c                sym_DOZBRJLK4YK3UIAPC27JGEBDCH5Y2BCX3XMRURY
 .text          0x0000000000001e44       0x38 C:/ncs/v2.6.1/nrfxlib/softdevice_controller/lib/cortex-m4/soft-float/libsoftdevice_controller_peripheral.a(libsoftdevice_controller_s112_debug_soft__obfuscated.elf)
                0x0000000000001e44                sym_7TCX7VR3LQDB2G4LYUM4YUKX3ZVIO33J3JZVMKY
 .text          0x0000000000001e7c       0x10 C:/ncs/v2.6.1/nrfxlib/softdevice_controller/lib/cortex-m4/soft-float/libsoftdevice_controller_peripheral.a(libsoftdevice_controller_s112_debug_soft__obfuscated.elf)
                0x0000000000001e7c                sym_DDEKRCVCBAV6DMR2JGOTTXJPMB6OW3IK3MJRV2Q
 .text          0x0000000000001e8c      0x220 C:/ncs/v2.6.1/nrfxlib/softdevice_controller/lib/cortex-m4/soft-float/libsoftdevice_controller_peripheral.a(libsoftdevice_controller_s112_debug_soft__obfuscated.elf)
                0x0000000000001e8c                sym_EXF7QYQZRNDSXD5BXX5JHASOOMIXFF6ILEF5NVA
 .text          0x00000000000020ac       0x38 C:/ncs/v2.6.1/nrfxlib/softdevice_controller/lib/cortex-m4/soft-float/libsoftdevice_controller_peripheral.a(libsoftdevice_controller_s112_debug_soft__obfuscated.elf)
                0x00000000000020ac                sym_6BTYZXVNYPYTH2WUVFE5C5JVTZHQJAJ5IGD6OCA
 .text          0x00000000000020e4        0xc C:/ncs/v2.6.1/nrfxlib/softdevice_controller/lib/cortex-m4/soft-float/libsoftdevice_controller_peripheral.a(libsoftdevice_controller_s112_debug_soft__obfuscated.elf)
                0x00000000000020e4                sym_UAPFH34IEHUX3FGU7LNPEIJNCLAPRJP46TMN4NY
 .text          0x00000000000020f0        0xc C:/ncs/v2.6.1/nrfxlib/softdevice_controller/lib/cortex-m4/soft-float/libsoftdevice_controller_peripheral.a(libsoftdevice_controller_s112_debug_soft__obfuscated.elf)
                0x00000000000020f0                sym_R2K72KVDRFDRB7INCDL2G5SJCI6KNYCIUBETXWY
 .text          0x00000000000020fc       0x10 C:/ncs/v2.6.1/nrfxlib/softdevice_controller/lib/cortex-m4/soft-float/libsoftdevice_controller_peripheral.a(libsoftdevice_controller_s112_debug_soft__obfuscated.elf)
                0x00000000000020fc                sym_HMWMSCLS2E7KO3CEVZ6FUZGM6YUJ4GDX4JETJTI
 .text          0x000000000000210c        0xc C:/ncs/v2.6.1/nrfxlib/softdevice_controller/lib/cortex-m4/soft-float/libsoftdevice_controller_peripheral.a(libsoftdevice_controller_s112_debug_soft__obfuscated.elf)
                0x000000000000210c                sym_57CDLB7NR4I66F4XUEVXWWEJBBBXGSJ37LGPUXA
 .text          0x0000000000002118       0x84 C:/ncs/v2.6.1/nrfxlib/softdevice_controller/lib/cortex-m4/soft-float/libsoftdevice_controller_peripheral.a(libsoftdevice_controller_s112_debug_soft__obfuscated.elf)
                0x0000000000002118                sym_C4ZAWP4QAOEKUKS7VCLA6E4RPDOWCDVMBYVKPFI
 .text          0x000000000000219c      0x484 C:/ncs/v2.6.1/nrfxlib/softdevice_controller/lib/cortex-m4/soft-float/libsoftdevice_controller_peripheral.a(libsoftdevice_controller_s112_debug_soft__obfuscated.elf)
 .text          0x0000000000002620       0x10 C:/ncs/v2.6.1/nrfxlib/softdevice_controller/lib/cortex-m4/soft-float/libsoftdevice_controller_peripheral.a(libsoftdevice_controller_s112_debug_soft__obfuscated.elf)
 .text          0x0000000000002630       0x24 C:/ncs/v2.6.1/nrfxlib/softdevice_controller/lib/cortex-m4/soft-float/libsoftdevice_controller_peripheral.a(libsoftdevice_controller_s112_debug_soft__obfuscated.elf)
 .text          0x0000000000002654       0x68 C:/ncs/v2.6.1/nrfxlib/softdevice_controller/lib/cortex-m4/soft-float/libsoftdevice_controller_peripheral.a(libsoftdevice_controller_s112_debug_soft__obfuscated.elf)
 .text          0x00000000000026bc       0x44 C:/ncs/v2.6.1/nrfxlib/softdevice_controller/lib/cortex-m4/soft-float/libsoftdevice_controller_peripheral.a(libsoftdevice_controller_s112_debug_soft__obfuscated.elf)
 .text          0x0000000000002700       0xac C:/ncs/v2.6.1/nrfxlib/softdevice_controller/lib/cortex-m4/soft-float/libsoftdevice_controller_peripheral.a(libsoftdevice_controller_s112_debug_soft__obfuscated.elf)
 .text          0x00000000000027ac      0x19c C:/ncs/v2.6.1/nrfxlib/softdevice_controller/lib/cortex-m4/soft-float/libsoftdevice_controller_peripheral.a(libsoftdevice_controller_s112_debug_soft__obfuscated.elf)
 .text          0x0000000000002948       0x48 C:/ncs/v2.6.1/nrfxlib/softdevice_controller/lib/cortex-m4/soft-float/libsoftdevice_controller_peripheral.a(libsoftdevice_controller_s112_debug_soft__obfuscated.elf)
 .text          0x0000000000002990       0x10 C:/ncs/v2.6.1/nrfxlib/softdevice_controller/lib/cortex-m4/soft-float/libsoftdevice_controller_peripheral.a(libsoftdevice_controller_s112_debug_soft__obfuscated.elf)
 .text          0x00000000000029a0       0x54 C:/ncs/v2.6.1/nrfxlib/softdevice_controller/lib/cortex-m4/soft-float/libsoftdevice_controller_peripheral.a(libsoftdevice_controller_s112_debug_soft__obfuscated.elf)
 .text          0x00000000000029f4       0x28 C:/ncs/v2.6.1/nrfxlib/softdevice_controller/lib/cortex-m4/soft-float/libsoftdevice_controller_peripheral.a(libsoftdevice_controller_s112_debug_soft__obfuscated.elf)
 .text          0x0000000000002a1c      0x120 C:/ncs/v2.6.1/nrfxlib/softdevice_controller/lib/cortex-m4/soft-float/libsoftdevice_controller_peripheral.a(libsoftdevice_controller_s112_debug_soft__obfuscated.elf)
 .text          0x0000000000002b3c       0xd8 C:/ncs/v2.6.1/nrfxlib/softdevice_controller/lib/cortex-m4/soft-float/libsoftdevice_controller_peripheral.a(libsoftdevice_controller_s112_debug_soft__obfuscated.elf)
 .text          0x0000000000002c14      0x224 C:/ncs/v2.6.1/nrfxlib/softdevice_controller/lib/cortex-m4/soft-float/libsoftdevice_controller_peripheral.a(libsoftdevice_controller_s112_debug_soft__obfuscated.elf)
 .text          0x0000000000002e38       0x34 C:/ncs/v2.6.1/nrfxlib/softdevice_controller/lib/cortex-m4/soft-float/libsoftdevice_controller_peripheral.a(libsoftdevice_controller_s112_debug_soft__obfuscated.elf)
 .text          0x0000000000002e6c       0x2c C:/ncs/v2.6.1/nrfxlib/softdevice_controller/lib/cortex-m4/soft-float/libsoftdevice_controller_peripheral.a(libsoftdevice_controller_s112_debug_soft__obfuscated.elf)
                0x0000000000002e6c                sym_4WIY2RAFLOZNOS4O5BEVWEYHIO3NV42IZ2Q2NWQ
 .text          0x0000000000002e98       0x2c C:/ncs/v2.6.1/nrfxlib/softdevice_controller/lib/cortex-m4/soft-float/libsoftdevice_controller_peripheral.a(libsoftdevice_controller_s112_debug_soft__obfuscated.elf)
                0x0000000000002e98                sym_KC3JIKE7HTERE3Q3BXMRUIDPAENUZKVBIDO6ODY
 .text          0x0000000000002ec4       0x10 C:/ncs/v2.6.1/nrfxlib/softdevice_controller/lib/cortex-m4/soft-float/libsoftdevice_controller_peripheral.a(libsoftdevice_controller_s112_debug_soft__obfuscated.elf)
                0x0000000000002ec4                sym_BPVIPCP3IMFHHNRASYWRUQPTOXIXQGWP3DTKXWI
 .text          0x0000000000002ed4       0x20 C:/ncs/v2.6.1/nrfxlib/softdevice_controller/lib/cortex-m4/soft-float/libsoftdevice_controller_peripheral.a(libsoftdevice_controller_s112_debug_soft__obfuscated.elf)
                0x0000000000002ed4                sym_I72BLVRK23UDT6KM4GEW6EVDLN4L7QB2CLD4CMY
 .text          0x0000000000002ef4       0xb4 C:/ncs/v2.6.1/nrfxlib/softdevice_controller/lib/cortex-m4/soft-float/libsoftdevice_controller_peripheral.a(libsoftdevice_controller_s112_debug_soft__obfuscated.elf)
                0x0000000000002ef4                sym_JIJASGQH4XEEPZL7D35VQHVPKKLANGDBS2M46NQ
 .text          0x0000000000002fa8      0x1a8 C:/ncs/v2.6.1/nrfxlib/softdevice_controller/lib/cortex-m4/soft-float/libsoftdevice_controller_peripheral.a(libsoftdevice_controller_s112_debug_soft__obfuscated.elf)
                0x0000000000002fa8                sym_KBJ4SX4MJK4IAM4DI3ILSISVXIP6O72O62TW3OQ
 .text          0x0000000000003150       0x24 C:/ncs/v2.6.1/nrfxlib/softdevice_controller/lib/cortex-m4/soft-float/libsoftdevice_controller_peripheral.a(libsoftdevice_controller_s112_debug_soft__obfuscated.elf)
 .text          0x0000000000003174       0x10 C:/ncs/v2.6.1/nrfxlib/softdevice_controller/lib/cortex-m4/soft-float/libsoftdevice_controller_peripheral.a(libsoftdevice_controller_s112_debug_soft__obfuscated.elf)
                0x0000000000003174                sym_PY5KUATPBYOYJBMP6H7AVRPSEO7BZX2JK524O6A
 .text          0x0000000000003184       0x18 C:/ncs/v2.6.1/nrfxlib/softdevice_controller/lib/cortex-m4/soft-float/libsoftdevice_controller_peripheral.a(libsoftdevice_controller_s112_debug_soft__obfuscated.elf)
                0x0000000000003184                sym_ID5SI2L6AD3KMSDR72YSJZGVIA6DEYQZU7WJI3I
 .text          0x000000000000319c       0x3c C:/ncs/v2.6.1/nrfxlib/softdevice_controller/lib/cortex-m4/soft-float/libsoftdevice_controller_peripheral.a(libsoftdevice_controller_s112_debug_soft__obfuscated.elf)
                0x000000000000319c                sym_RPDYS5TXULS3Z2BQR7IFNSOINXPPN4LN764SRIY
 .text          0x00000000000031d8        0x4 C:/ncs/v2.6.1/nrfxlib/softdevice_controller/lib/cortex-m4/soft-float/libsoftdevice_controller_peripheral.a(libsoftdevice_controller_s112_debug_soft__obfuscated.elf)
 .text          0x00000000000031dc        0x8 C:/ncs/v2.6.1/nrfxlib/softdevice_controller/lib/cortex-m4/soft-float/libsoftdevice_controller_peripheral.a(libsoftdevice_controller_s112_debug_soft__obfuscated.elf)
 .text          0x00000000000031e4        0x4 C:/ncs/v2.6.1/nrfxlib/softdevice_controller/lib/cortex-m4/soft-float/libsoftdevice_controller_peripheral.a(libsoftdevice_controller_s112_debug_soft__obfuscated.elf)
 .text          0x00000000000031e8       0x18 C:/ncs/v2.6.1/nrfxlib/softdevice_controller/lib/cortex-m4/soft-float/libsoftdevice_controller_peripheral.a(libsoftdevice_controller_s112_debug_soft__obfuscated.elf)
 .text          0x0000000000003200       0x40 C:/ncs/v2.6.1/nrfxlib/softdevice_controller/lib/cortex-m4/soft-float/libsoftdevice_controller_peripheral.a(libsoftdevice_controller_s112_debug_soft__obfuscated.elf)
                0x0000000000003200                sym_6FVWF5AWPR7EN7BPHS4APSIUXYFZQTTZCMRDKPY
 .text          0x0000000000003240       0x60 C:/ncs/v2.6.1/nrfxlib/softdevice_controller/lib/cortex-m4/soft-float/libsoftdevice_controller_peripheral.a(libsoftdevice_controller_s112_debug_soft__obfuscated.elf)
                0x0000000000003240                sym_CWVFJQ3UTS5MGUYKHB563UDBBB3FBCXUIVZDU2I
 .text          0x00000000000032a0       0x1c C:/ncs/v2.6.1/nrfxlib/softdevice_controller/lib/cortex-m4/soft-float/libsoftdevice_controller_peripheral.a(libsoftdevice_controller_s112_debug_soft__obfuscated.elf)
 .text          0x00000000000032bc      0x4ec C:/ncs/v2.6.1/nrfxlib/softdevice_controller/lib/cortex-m4/soft-float/libsoftdevice_controller_peripheral.a(libsoftdevice_controller_s112_debug_soft__obfuscated.elf)
 .text          0x00000000000037a8      0x288 C:/ncs/v2.6.1/nrfxlib/softdevice_controller/lib/cortex-m4/soft-float/libsoftdevice_controller_peripheral.a(libsoftdevice_controller_s112_debug_soft__obfuscated.elf)
 .text          0x0000000000003a30      0x144 C:/ncs/v2.6.1/nrfxlib/softdevice_controller/lib/cortex-m4/soft-float/libsoftdevice_controller_peripheral.a(libsoftdevice_controller_s112_debug_soft__obfuscated.elf)
                0x0000000000003a30                sym_U3OFHSWAAHECAZEDHWSQTU63SOSYAQR6QI45AFY
 .text          0x0000000000003b74       0x8c C:/ncs/v2.6.1/nrfxlib/softdevice_controller/lib/cortex-m4/soft-float/libsoftdevice_controller_peripheral.a(libsoftdevice_controller_s112_debug_soft__obfuscated.elf)
                0x0000000000003b74                sym_3LXCSEW4O4NZFGMXLMWXSJJVGEQV4VDRFCVRV4Q
 .text          0x0000000000003c00       0x1c C:/ncs/v2.6.1/nrfxlib/softdevice_controller/lib/cortex-m4/soft-float/libsoftdevice_controller_peripheral.a(libsoftdevice_controller_s112_debug_soft__obfuscated.elf)
                0x0000000000003c00                sym_4O3EP57XWWWRY57PVJMDKXNE25ZWFBDV6LLBFQQ
 .text          0x0000000000003c1c        0xc C:/ncs/v2.6.1/nrfxlib/softdevice_controller/lib/cortex-m4/soft-float/libsoftdevice_controller_peripheral.a(libsoftdevice_controller_s112_debug_soft__obfuscated.elf)
                0x0000000000003c1c                sym_O6J3MUC4KJEDMNJLCC5Z3G5LTC5IHVL4PW7F6QI
 .text          0x0000000000003c28       0x1c C:/ncs/v2.6.1/nrfxlib/softdevice_controller/lib/cortex-m4/soft-float/libsoftdevice_controller_peripheral.a(libsoftdevice_controller_s112_debug_soft__obfuscated.elf)
                0x0000000000003c28                sym_FQCHK2QLF7THGK7G4A4OWWNXI3K2TVYTTB4U4GY
 .text          0x0000000000003c44      0x15c C:/ncs/v2.6.1/nrfxlib/softdevice_controller/lib/cortex-m4/soft-float/libsoftdevice_controller_peripheral.a(libsoftdevice_controller_s112_debug_soft__obfuscated.elf)
                0x0000000000003c44                sym_EXAZKO22MNOFNIXIFHQ2Z4GAYMKBCE2UPJ6JSVI
 .text          0x0000000000003da0       0x80 C:/ncs/v2.6.1/nrfxlib/softdevice_controller/lib/cortex-m4/soft-float/libsoftdevice_controller_peripheral.a(libsoftdevice_controller_s112_debug_soft__obfuscated.elf)
                0x0000000000003da0                sym_XVWN3IZ65SG2YZAV5STIEBPJ2RGWTP2JZ3UEJLQ
 .text          0x0000000000003e20        0xc C:/ncs/v2.6.1/nrfxlib/softdevice_controller/lib/cortex-m4/soft-float/libsoftdevice_controller_peripheral.a(libsoftdevice_controller_s112_debug_soft__obfuscated.elf)
                0x0000000000003e20                sym_YZMCMF2VDK5EZ5GH5K4G77V4XY7KHBJNPGELPVQ
 .text          0x0000000000003e2c       0x60 C:/ncs/v2.6.1/nrfxlib/softdevice_controller/lib/cortex-m4/soft-float/libsoftdevice_controller_peripheral.a(libsoftdevice_controller_s112_debug_soft__obfuscated.elf)
                0x0000000000003e2c                sym_HRCF6LWSDWPWEZA7S5YQFCNRDXXCJA6WGOZECRY
 .text          0x0000000000003e8c       0x34 C:/ncs/v2.6.1/nrfxlib/softdevice_controller/lib/cortex-m4/soft-float/libsoftdevice_controller_peripheral.a(libsoftdevice_controller_s112_debug_soft__obfuscated.elf)
 .text          0x0000000000003ec0       0x4c C:/ncs/v2.6.1/nrfxlib/softdevice_controller/lib/cortex-m4/soft-float/libsoftdevice_controller_peripheral.a(libsoftdevice_controller_s112_debug_soft__obfuscated.elf)
                0x0000000000003ec0                sym_RGKYP5TXYS27EGT6ZHZS5EDDAZK5QGTWLBOBJEA
 .text          0x0000000000003f0c       0x18 C:/ncs/v2.6.1/nrfxlib/softdevice_controller/lib/cortex-m4/soft-float/libsoftdevice_controller_peripheral.a(libsoftdevice_controller_s112_debug_soft__obfuscated.elf)
                0x0000000000003f0c                sym_5EMU3BEOS6JCQEXTZ5M5LP72YGJNCV3W3R43AOI
 .text          0x0000000000003f24       0xdc C:/ncs/v2.6.1/nrfxlib/softdevice_controller/lib/cortex-m4/soft-float/libsoftdevice_controller_peripheral.a(libsoftdevice_controller_s112_debug_soft__obfuscated.elf)
                0x0000000000003f24                sym_DVO2EX3JGPIV6FVT5SJBVRKA5UGS2QSHNQOVQ2A
 .text          0x0000000000004000      0x100 C:/ncs/v2.6.1/nrfxlib/softdevice_controller/lib/cortex-m4/soft-float/libsoftdevice_controller_peripheral.a(libsoftdevice_controller_s112_debug_soft__obfuscated.elf)
 .text          0x0000000000004100       0x14 C:/ncs/v2.6.1/nrfxlib/softdevice_controller/lib/cortex-m4/soft-float/libsoftdevice_controller_peripheral.a(libsoftdevice_controller_s112_debug_soft__obfuscated.elf)
                0x0000000000004100                sym_Y5RIWFUVP4FHJFYC7FBZKM2MV7INK43TLWQ5URA
 .text          0x0000000000004114       0x68 C:/ncs/v2.6.1/nrfxlib/softdevice_controller/lib/cortex-m4/soft-float/libsoftdevice_controller_peripheral.a(libsoftdevice_controller_s112_debug_soft__obfuscated.elf)
                0x0000000000004114                sym_CY3FVUNSUUR4I46K644NW3FXSFSLG3ETQWBRBHQ
 .text          0x000000000000417c       0x68 C:/ncs/v2.6.1/nrfxlib/softdevice_controller/lib/cortex-m4/soft-float/libsoftdevice_controller_peripheral.a(libsoftdevice_controller_s112_debug_soft__obfuscated.elf)
                0x000000000000417c                sym_IP3LLUNJTDBIIPB3UG65MJFJZABGVNT2GN3EQPY
 .text          0x00000000000041e4      0x190 C:/ncs/v2.6.1/nrfxlib/softdevice_controller/lib/cortex-m4/soft-float/libsoftdevice_controller_peripheral.a(libsoftdevice_controller_s112_debug_soft__obfuscated.elf)
                0x00000000000041e4                sym_A32XXMQ5QRPQRH3R656RZXETZB6Y54SG45FSCYI
 .text          0x0000000000004374       0xc8 C:/ncs/v2.6.1/nrfxlib/softdevice_controller/lib/cortex-m4/soft-float/libsoftdevice_controller_peripheral.a(libsoftdevice_controller_s112_debug_soft__obfuscated.elf)
                0x0000000000004374                sym_CC522QK4M5MTSPVPJNGJXKYD5O54FC2LFC3D3QI
 .text          0x000000000000443c       0x2c C:/ncs/v2.6.1/nrfxlib/softdevice_controller/lib/cortex-m4/soft-float/libsoftdevice_controller_peripheral.a(libsoftdevice_controller_s112_debug_soft__obfuscated.elf)
                0x000000000000443c                sym_XQWU4MX22DPQIRRYTXBNWTH2DBYK7MH33FME7FI
 .text          0x0000000000004468       0x10 C:/ncs/v2.6.1/nrfxlib/softdevice_controller/lib/cortex-m4/soft-float/libsoftdevice_controller_peripheral.a(libsoftdevice_controller_s112_debug_soft__obfuscated.elf)
                0x0000000000004468                sym_DVVOECRRYK6EAGDREB2UKKQZT5MAOOUK66XNPTA
 .text          0x0000000000004478       0x18 C:/ncs/v2.6.1/nrfxlib/softdevice_controller/lib/cortex-m4/soft-float/libsoftdevice_controller_peripheral.a(libsoftdevice_controller_s112_debug_soft__obfuscated.elf)
                0x0000000000004478                sym_CTIZP4PFSP4VPO64SY4WNQXXAO6AQ4FBRX2MZ2Y
 .text          0x0000000000004490       0x18 C:/ncs/v2.6.1/nrfxlib/softdevice_controller/lib/cortex-m4/soft-float/libsoftdevice_controller_peripheral.a(libsoftdevice_controller_s112_debug_soft__obfuscated.elf)
 .text          0x00000000000044a8       0x34 C:/ncs/v2.6.1/nrfxlib/softdevice_controller/lib/cortex-m4/soft-float/libsoftdevice_controller_peripheral.a(libsoftdevice_controller_s112_debug_soft__obfuscated.elf)
 .text          0x00000000000044dc       0x28 C:/ncs/v2.6.1/nrfxlib/softdevice_controller/lib/cortex-m4/soft-float/libsoftdevice_controller_peripheral.a(libsoftdevice_controller_s112_debug_soft__obfuscated.elf)
                0x00000000000044dc                sym_EANB2LFFCPDZUHTPF7SNNYVWVGG3AE7JVOONSTY
 .text          0x0000000000004504       0x38 C:/ncs/v2.6.1/nrfxlib/softdevice_controller/lib/cortex-m4/soft-float/libsoftdevice_controller_peripheral.a(libsoftdevice_controller_s112_debug_soft__obfuscated.elf)
                0x0000000000004504                sym_BFBDHRTPYGNRMJSAT7WCAPOXBGIVSWF4E5GFHOA
 .text          0x000000000000453c        0xc C:/ncs/v2.6.1/nrfxlib/softdevice_controller/lib/cortex-m4/soft-float/libsoftdevice_controller_peripheral.a(libsoftdevice_controller_s112_debug_soft__obfuscated.elf)
                0x000000000000453c                sym_PRWTRTI5GPQHIT26MFBSSOCWTUYYRLQLJWD2ZOI
 .text          0x0000000000004548       0x24 C:/ncs/v2.6.1/nrfxlib/softdevice_controller/lib/cortex-m4/soft-float/libsoftdevice_controller_peripheral.a(libsoftdevice_controller_s112_debug_soft__obfuscated.elf)
                0x0000000000004548                sym_G4TIIR7KO3GHFF45HCHTIL3RIPRK2LVDQADUYJQ
 .text          0x000000000000456c       0x24 C:/ncs/v2.6.1/nrfxlib/softdevice_controller/lib/cortex-m4/soft-float/libsoftdevice_controller_peripheral.a(libsoftdevice_controller_s112_debug_soft__obfuscated.elf)
                0x000000000000456c                sym_4W26TPGCKOCVVRKXQDBKGXGC2Y5LMZXNKS2QITA
 .text          0x0000000000004590        0xc C:/ncs/v2.6.1/nrfxlib/softdevice_controller/lib/cortex-m4/soft-float/libsoftdevice_controller_peripheral.a(libsoftdevice_controller_s112_debug_soft__obfuscated.elf)
                0x0000000000004590                sym_PBZPB3PSJJYSQQW7TH2XDGNLD2UYSZR6YJ4ZZNQ
 .text          0x000000000000459c       0x14 C:/ncs/v2.6.1/nrfxlib/softdevice_controller/lib/cortex-m4/soft-float/libsoftdevice_controller_peripheral.a(libsoftdevice_controller_s112_debug_soft__obfuscated.elf)
                0x000000000000459c                sym_HA7EOSELAQYVMG5UXMJGQLLFEIRQPB7MNOSYOXQ
 .text          0x00000000000045b0       0x30 C:/ncs/v2.6.1/nrfxlib/softdevice_controller/lib/cortex-m4/soft-float/libsoftdevice_controller_peripheral.a(libsoftdevice_controller_s112_debug_soft__obfuscated.elf)
                0x00000000000045b0                sym_MJMICEV3AHUJUDNI6JLXYNXCJNL4PTPUQLXISYA
 .text          0x00000000000045e0       0x50 C:/ncs/v2.6.1/nrfxlib/softdevice_controller/lib/cortex-m4/soft-float/libsoftdevice_controller_peripheral.a(libsoftdevice_controller_s112_debug_soft__obfuscated.elf)
                0x00000000000045e0                sym_GECJUMXC7GX4QNB2JHCJHLFH72UPMJZW6VAQVRA
 .text          0x0000000000004630       0x18 C:/ncs/v2.6.1/nrfxlib/softdevice_controller/lib/cortex-m4/soft-float/libsoftdevice_controller_peripheral.a(libsoftdevice_controller_s112_debug_soft__obfuscated.elf)
                0x0000000000004630                sym_MJCF2WRL4I323V23HKVENOJWV5IXH54R5X6LJRY
 .text          0x0000000000004648       0x1c C:/ncs/v2.6.1/nrfxlib/softdevice_controller/lib/cortex-m4/soft-float/libsoftdevice_controller_peripheral.a(libsoftdevice_controller_s112_debug_soft__obfuscated.elf)
                0x0000000000004648                sym_REO6MG4FRJTNQQ56RDJDYGEWFEO5TFVYGRW6OLI
 .text          0x0000000000004664        0xc C:/ncs/v2.6.1/nrfxlib/softdevice_controller/lib/cortex-m4/soft-float/libsoftdevice_controller_peripheral.a(libsoftdevice_controller_s112_debug_soft__obfuscated.elf)
                0x0000000000004664                sym_NKFCLZ5HTE6KVHDV5DGZ6TJP4KSZI43SYBECPRY
 .text          0x0000000000004670       0x2c C:/ncs/v2.6.1/nrfxlib/softdevice_controller/lib/cortex-m4/soft-float/libsoftdevice_controller_peripheral.a(libsoftdevice_controller_s112_debug_soft__obfuscated.elf)
                0x0000000000004670                sym_65LA7GM3MU7DDFQKTB75BYTZMPMROSWKS3VXCNI
 .text          0x000000000000469c       0x20 C:/ncs/v2.6.1/nrfxlib/softdevice_controller/lib/cortex-m4/soft-float/libsoftdevice_controller_peripheral.a(libsoftdevice_controller_s112_debug_soft__obfuscated.elf)
                0x000000000000469c                sym_AGWGY6I3YKHHV6TMAWL24HN4IKGOB7PZYXPWBRA
 .text          0x00000000000046bc        0xc C:/ncs/v2.6.1/nrfxlib/softdevice_controller/lib/cortex-m4/soft-float/libsoftdevice_controller_peripheral.a(libsoftdevice_controller_s112_debug_soft__obfuscated.elf)
                0x00000000000046bc                sym_IXGTNRGKILIZPWG2NJIZ2ALUPW2IM3XFVCGJW2I
 .text          0x00000000000046c8       0x20 C:/ncs/v2.6.1/nrfxlib/softdevice_controller/lib/cortex-m4/soft-float/libsoftdevice_controller_peripheral.a(libsoftdevice_controller_s112_debug_soft__obfuscated.elf)
                0x00000000000046c8                sym_JHXS4T25BAYOMDDZMWPX3HMPENRV73GSV2RYHAI
 .text          0x00000000000046e8       0x2c C:/ncs/v2.6.1/nrfxlib/softdevice_controller/lib/cortex-m4/soft-float/libsoftdevice_controller_peripheral.a(libsoftdevice_controller_s112_debug_soft__obfuscated.elf)
                0x00000000000046e8                sym_54CHYGRI3UHSVLN5ZOGJESXNRISJW5CS4IYBN7Y
 .text          0x0000000000004714       0x1c C:/ncs/v2.6.1/nrfxlib/softdevice_controller/lib/cortex-m4/soft-float/libsoftdevice_controller_peripheral.a(libsoftdevice_controller_s112_debug_soft__obfuscated.elf)
                0x0000000000004714                sym_V7MOOXL5SOLISKFFGWJC7M3XDITU574WBQOXGWY
 .text          0x0000000000004730       0x30 C:/ncs/v2.6.1/nrfxlib/softdevice_controller/lib/cortex-m4/soft-float/libsoftdevice_controller_peripheral.a(libsoftdevice_controller_s112_debug_soft__obfuscated.elf)
                0x0000000000004730                sym_QKSVBALUN2V4XT4OCC56LE75IAYLDFRRIVLBZ2Q
 .text          0x0000000000004760       0x30 C:/ncs/v2.6.1/nrfxlib/softdevice_controller/lib/cortex-m4/soft-float/libsoftdevice_controller_peripheral.a(libsoftdevice_controller_s112_debug_soft__obfuscated.elf)
                0x0000000000004760                sym_WCOWXKSKBH7DOKKKINFZAPWXKW4NYAUCJWTUKBI
 .text          0x0000000000004790       0x70 C:/ncs/v2.6.1/nrfxlib/softdevice_controller/lib/cortex-m4/soft-float/libsoftdevice_controller_peripheral.a(libsoftdevice_controller_s112_debug_soft__obfuscated.elf)
 .text          0x0000000000004800       0x2c C:/ncs/v2.6.1/nrfxlib/softdevice_controller/lib/cortex-m4/soft-float/libsoftdevice_controller_peripheral.a(libsoftdevice_controller_s112_debug_soft__obfuscated.elf)
 .text          0x000000000000482c       0x9c C:/ncs/v2.6.1/nrfxlib/softdevice_controller/lib/cortex-m4/soft-float/libsoftdevice_controller_peripheral.a(libsoftdevice_controller_s112_debug_soft__obfuscated.elf)
 .text          0x00000000000048c8       0xd0 C:/ncs/v2.6.1/nrfxlib/softdevice_controller/lib/cortex-m4/soft-float/libsoftdevice_controller_peripheral.a(libsoftdevice_controller_s112_debug_soft__obfuscated.elf)
 .text          0x0000000000004998       0x18 C:/ncs/v2.6.1/nrfxlib/softdevice_controller/lib/cortex-m4/soft-float/libsoftdevice_controller_peripheral.a(libsoftdevice_controller_s112_debug_soft__obfuscated.elf)
                0x0000000000004998                sym_BEUFSWAQKCWS5CDGVZRIC3BRKSTHGOKRJJDB32I
 .text          0x00000000000049b0       0x18 C:/ncs/v2.6.1/nrfxlib/softdevice_controller/lib/cortex-m4/soft-float/libsoftdevice_controller_peripheral.a(libsoftdevice_controller_s112_debug_soft__obfuscated.elf)
                0x00000000000049b0                sym_BAUTABQSJLBAZ6GNH7KOF4MJMAA6NF7CDAZNOEQ
 .text          0x00000000000049c8       0x24 C:/ncs/v2.6.1/nrfxlib/softdevice_controller/lib/cortex-m4/soft-float/libsoftdevice_controller_peripheral.a(libsoftdevice_controller_s112_debug_soft__obfuscated.elf)
                0x00000000000049c8                sym_62DUXM4M5AM4URNPP7IKDX3NCPAODBT4BMADGAY
 .text          0x00000000000049ec        0xc C:/ncs/v2.6.1/nrfxlib/softdevice_controller/lib/cortex-m4/soft-float/libsoftdevice_controller_peripheral.a(libsoftdevice_controller_s112_debug_soft__obfuscated.elf)
                0x00000000000049ec                sym_JQOBED6Y6P46KNYF2UD53QPDVNRPPOKMQL6EEBY
 .text          0x00000000000049f8        0xc C:/ncs/v2.6.1/nrfxlib/softdevice_controller/lib/cortex-m4/soft-float/libsoftdevice_controller_peripheral.a(libsoftdevice_controller_s112_debug_soft__obfuscated.elf)
                0x00000000000049f8                sym_RHRHCWPUPZHCOID576WBS7QZ2KAUT2GASS2T3QY
 .text          0x0000000000004a04       0x3c C:/ncs/v2.6.1/nrfxlib/softdevice_controller/lib/cortex-m4/soft-float/libsoftdevice_controller_peripheral.a(libsoftdevice_controller_s112_debug_soft__obfuscated.elf)
                0x0000000000004a04                sym_YAOI5BW7G2C6EUUY2B4S7A3CWX63A6MP2T3O5KA
 .text          0x0000000000004a40       0x24 C:/ncs/v2.6.1/nrfxlib/softdevice_controller/lib/cortex-m4/soft-float/libsoftdevice_controller_peripheral.a(libsoftdevice_controller_s112_debug_soft__obfuscated.elf)
                0x0000000000004a40                sym_2X6ZBBHQKFJV27I6OQZLD4IRAL5JANEGA5N34WA
 .text          0x0000000000004a64       0xc8 C:/ncs/v2.6.1/nrfxlib/softdevice_controller/lib/cortex-m4/soft-float/libsoftdevice_controller_peripheral.a(libsoftdevice_controller_s112_debug_soft__obfuscated.elf)
                0x0000000000004a64                sym_ZBPJ22BXDBC3S7A4QI6WOFWFQMYIGT2P4GNU3XA
 .text          0x0000000000004b2c       0x24 C:/ncs/v2.6.1/nrfxlib/softdevice_controller/lib/cortex-m4/soft-float/libsoftdevice_controller_peripheral.a(libsoftdevice_controller_s112_debug_soft__obfuscated.elf)
                0x0000000000004b2c                sym_DHR6XELGSD2MHYS7JWGEPSKXD43VLKKJDN33HMA
 .text          0x0000000000004b50       0x20 C:/ncs/v2.6.1/nrfxlib/softdevice_controller/lib/cortex-m4/soft-float/libsoftdevice_controller_peripheral.a(libsoftdevice_controller_s112_debug_soft__obfuscated.elf)
                0x0000000000004b50                sym_QEQGMTIGG3AOZQY7JM4T2FY2O3KM2UFUMT6Q7PI
 .text          0x0000000000004b70       0x54 C:/ncs/v2.6.1/nrfxlib/softdevice_controller/lib/cortex-m4/soft-float/libsoftdevice_controller_peripheral.a(libsoftdevice_controller_s112_debug_soft__obfuscated.elf)
 .text          0x0000000000004bc4       0xc8 C:/ncs/v2.6.1/nrfxlib/softdevice_controller/lib/cortex-m4/soft-float/libsoftdevice_controller_peripheral.a(libsoftdevice_controller_s112_debug_soft__obfuscated.elf)
                0x0000000000004bc4                sym_4NT3PFFI5Z6RN57T2HW54HJZ23JEQUTUQPJLJGI
 .text          0x0000000000004c8c       0x24 C:/ncs/v2.6.1/nrfxlib/softdevice_controller/lib/cortex-m4/soft-float/libsoftdevice_controller_peripheral.a(libsoftdevice_controller_s112_debug_soft__obfuscated.elf)
                0x0000000000004c8c                sym_MYZDSWHZMVTUGPWK7CFFVMNCPRPZBKC3UH2GTLQ
 .text          0x0000000000004cb0       0x44 C:/ncs/v2.6.1/nrfxlib/softdevice_controller/lib/cortex-m4/soft-float/libsoftdevice_controller_peripheral.a(libsoftdevice_controller_s112_debug_soft__obfuscated.elf)
                0x0000000000004cb0                sym_ZIE6EQ2YDF5ZLLLNRMU6NPOFHB7VMBHYMI4646I
 .text          0x0000000000004cf4       0x10 C:/ncs/v2.6.1/nrfxlib/softdevice_controller/lib/cortex-m4/soft-float/libsoftdevice_controller_peripheral.a(libsoftdevice_controller_s112_debug_soft__obfuscated.elf)
                0x0000000000004cf4                sym_JANNQMW3JZGYLNSOPAA2HBYBA6JBSX4W7VBR56Q
 .text          0x0000000000004d04       0x20 C:/ncs/v2.6.1/nrfxlib/softdevice_controller/lib/cortex-m4/soft-float/libsoftdevice_controller_peripheral.a(libsoftdevice_controller_s112_debug_soft__obfuscated.elf)
                0x0000000000004d04                sym_MAOKHHVPGVT23KVRN33B7KPEJU6F55EB66KOGDQ
 .text          0x0000000000004d24       0x20 C:/ncs/v2.6.1/nrfxlib/softdevice_controller/lib/cortex-m4/soft-float/libsoftdevice_controller_peripheral.a(libsoftdevice_controller_s112_debug_soft__obfuscated.elf)
                0x0000000000004d24                sym_S635TH4ZNECIWRKFWYBUXBZ3GFP7WORE4PRXDPQ
 .text          0x0000000000004d44       0x28 C:/ncs/v2.6.1/nrfxlib/softdevice_controller/lib/cortex-m4/soft-float/libsoftdevice_controller_peripheral.a(libsoftdevice_controller_s112_debug_soft__obfuscated.elf)
                0x0000000000004d44                sym_TP55RLOURTPNDYOY752QBNWCGKAGCOF4JK2H3IA
 .text          0x0000000000004d6c       0x24 C:/ncs/v2.6.1/nrfxlib/softdevice_controller/lib/cortex-m4/soft-float/libsoftdevice_controller_peripheral.a(libsoftdevice_controller_s112_debug_soft__obfuscated.elf)
                0x0000000000004d6c                sym_3S3ZPZTS3JKT3LR3P6QZ3KOW4P72YQZEIQOYGSA
 .text          0x0000000000004d90       0x28 C:/ncs/v2.6.1/nrfxlib/softdevice_controller/lib/cortex-m4/soft-float/libsoftdevice_controller_peripheral.a(libsoftdevice_controller_s112_debug_soft__obfuscated.elf)
                0x0000000000004d90                sym_U3LPDM4ZN7F4EBRA6GBYBEUAHXDWZU7U4P3OZRQ
 .text          0x0000000000004db8       0xa4 C:/ncs/v2.6.1/nrfxlib/softdevice_controller/lib/cortex-m4/soft-float/libsoftdevice_controller_peripheral.a(libsoftdevice_controller_s112_debug_soft__obfuscated.elf)
 .text          0x0000000000004e5c       0x2c C:/ncs/v2.6.1/nrfxlib/softdevice_controller/lib/cortex-m4/soft-float/libsoftdevice_controller_peripheral.a(libsoftdevice_controller_s112_debug_soft__obfuscated.elf)
 .text          0x0000000000004e88       0xc0 C:/ncs/v2.6.1/nrfxlib/softdevice_controller/lib/cortex-m4/soft-float/libsoftdevice_controller_peripheral.a(libsoftdevice_controller_s112_debug_soft__obfuscated.elf)
 .text          0x0000000000004f48       0x44 C:/ncs/v2.6.1/nrfxlib/softdevice_controller/lib/cortex-m4/soft-float/libsoftdevice_controller_peripheral.a(libsoftdevice_controller_s112_debug_soft__obfuscated.elf)
 .text          0x0000000000004f8c       0x10 C:/ncs/v2.6.1/nrfxlib/softdevice_controller/lib/cortex-m4/soft-float/libsoftdevice_controller_peripheral.a(libsoftdevice_controller_s112_debug_soft__obfuscated.elf)
                0x0000000000004f8c                sym_VKBDHCW5KWYFAEZJJBKQNHH4JDURIHHEJCK4SOA
 .text          0x0000000000004f9c       0x10 C:/ncs/v2.6.1/nrfxlib/softdevice_controller/lib/cortex-m4/soft-float/libsoftdevice_controller_peripheral.a(libsoftdevice_controller_s112_debug_soft__obfuscated.elf)
                0x0000000000004f9c                sym_FHMOSTDS4FAIPN4GDRMMMBPMBOTEQ5DLCM2A23Q
 .text          0x0000000000004fac      0x154 C:/ncs/v2.6.1/nrfxlib/softdevice_controller/lib/cortex-m4/soft-float/libsoftdevice_controller_peripheral.a(libsoftdevice_controller_s112_debug_soft__obfuscated.elf)
                0x0000000000004fac                sym_XOOTGCSEAKA3PUKZW3QYB4DCVC2FKUP2TS5AZ5Q
 .text          0x0000000000005100       0x1c C:/ncs/v2.6.1/nrfxlib/softdevice_controller/lib/cortex-m4/soft-float/libsoftdevice_controller_peripheral.a(libsoftdevice_controller_s112_debug_soft__obfuscated.elf)
                0x0000000000005100                sym_HHT5YV37VWRBGUMO4AOJUKOJARZKAH2OUWPZF7Q
 .text          0x000000000000511c       0x2c C:/ncs/v2.6.1/nrfxlib/softdevice_controller/lib/cortex-m4/soft-float/libsoftdevice_controller_peripheral.a(libsoftdevice_controller_s112_debug_soft__obfuscated.elf)
                0x000000000000511c                sym_43VAZS4NQXUMOPHD7W7SYFZ3WJ6KGQYQH6UOYPQ
 .text          0x0000000000005148       0xbc C:/ncs/v2.6.1/nrfxlib/softdevice_controller/lib/cortex-m4/soft-float/libsoftdevice_controller_peripheral.a(libsoftdevice_controller_s112_debug_soft__obfuscated.elf)
                0x0000000000005148                sym_IPYDOGNKVSD5CNASNRZPFKSG4XKU4ZG4SVERI7Q
 .text          0x0000000000005204       0x30 C:/ncs/v2.6.1/nrfxlib/softdevice_controller/lib/cortex-m4/soft-float/libsoftdevice_controller_peripheral.a(libsoftdevice_controller_s112_debug_soft__obfuscated.elf)
                0x0000000000005204                sym_K5GMJMBHBYPRCUIWKNEXGPSNQEZKEMBAP4JWHBQ
 .text          0x0000000000005234       0x30 C:/ncs/v2.6.1/nrfxlib/softdevice_controller/lib/cortex-m4/soft-float/libsoftdevice_controller_peripheral.a(libsoftdevice_controller_s112_debug_soft__obfuscated.elf)
                0x0000000000005234                sym_7LZ5OF5UTH4WGXV6IKS6GUUHKYRIWQTTIJXNBEY
 .text          0x0000000000005264       0x30 C:/ncs/v2.6.1/nrfxlib/softdevice_controller/lib/cortex-m4/soft-float/libsoftdevice_controller_peripheral.a(libsoftdevice_controller_s112_debug_soft__obfuscated.elf)
                0x0000000000005264                sym_77ICNIHY2R2L3JRP4ZLMOWZSS3UZRKJXJOBWTWI
 .text          0x0000000000005294       0x6c C:/ncs/v2.6.1/nrfxlib/softdevice_controller/lib/cortex-m4/soft-float/libsoftdevice_controller_peripheral.a(libsoftdevice_controller_s112_debug_soft__obfuscated.elf)
                0x0000000000005294                sym_3HFGOGWGYXFHJIBOXGRWIYF7UUUTYOUBOUWNVBQ
 .text          0x0000000000005300       0xb8 C:/ncs/v2.6.1/nrfxlib/softdevice_controller/lib/cortex-m4/soft-float/libsoftdevice_controller_peripheral.a(libsoftdevice_controller_s112_debug_soft__obfuscated.elf)
                0x0000000000005300                sym_R6DW7P5722C5WP5B4RKPYMZATZ5BMBDRUM6NNYQ
 .text          0x00000000000053b8       0x38 C:/ncs/v2.6.1/nrfxlib/softdevice_controller/lib/cortex-m4/soft-float/libsoftdevice_controller_peripheral.a(libsoftdevice_controller_s112_debug_soft__obfuscated.elf)
                0x00000000000053b8                sym_RTPW34URA5OC7HP5UM7G7G6DKV4XBRT7CDOHPRA
 .text          0x00000000000053f0       0x54 C:/ncs/v2.6.1/nrfxlib/softdevice_controller/lib/cortex-m4/soft-float/libsoftdevice_controller_peripheral.a(libsoftdevice_controller_s112_debug_soft__obfuscated.elf)
                0x00000000000053f0                sym_7ABLLIXUF3HMINU3DLWXJDVBNAU7RSUXPXZ3RFQ
 .text          0x0000000000005444       0x88 C:/ncs/v2.6.1/nrfxlib/softdevice_controller/lib/cortex-m4/soft-float/libsoftdevice_controller_peripheral.a(libsoftdevice_controller_s112_debug_soft__obfuscated.elf)
                0x0000000000005444                sym_RHE23VLW3YS5P4HRDMPTVWIHXVLEGJ7BJEAEEUI
 .text          0x00000000000054cc       0x28 C:/ncs/v2.6.1/nrfxlib/softdevice_controller/lib/cortex-m4/soft-float/libsoftdevice_controller_peripheral.a(libsoftdevice_controller_s112_debug_soft__obfuscated.elf)
                0x00000000000054cc                sym_KH2TZBL3IC4Q72SOWRZYKXJYTC66QUG36J2D64Q
 .text          0x00000000000054f4       0x20 C:/ncs/v2.6.1/nrfxlib/softdevice_controller/lib/cortex-m4/soft-float/libsoftdevice_controller_peripheral.a(libsoftdevice_controller_s112_debug_soft__obfuscated.elf)
                0x00000000000054f4                sym_CYYZ5DA5UWAE37FM7XP643I473QUSWWZ2MS7OLY
 .text          0x0000000000005514       0x34 C:/ncs/v2.6.1/nrfxlib/softdevice_controller/lib/cortex-m4/soft-float/libsoftdevice_controller_peripheral.a(libsoftdevice_controller_s112_debug_soft__obfuscated.elf)
                0x0000000000005514                sym_KQ4RAL3HW3LUBE4EKZDESO77BJMQRXFGP63ANLQ
 .text          0x0000000000005548       0xac C:/ncs/v2.6.1/nrfxlib/softdevice_controller/lib/cortex-m4/soft-float/libsoftdevice_controller_peripheral.a(libsoftdevice_controller_s112_debug_soft__obfuscated.elf)
                0x0000000000005548                sym_365Y77DXDRWJHR4QPTXJM46KZ7L557J533F2SNY
 .text          0x00000000000055f4       0x4c C:/ncs/v2.6.1/nrfxlib/softdevice_controller/lib/cortex-m4/soft-float/libsoftdevice_controller_peripheral.a(libsoftdevice_controller_s112_debug_soft__obfuscated.elf)
 .text          0x0000000000005640       0x84 C:/ncs/v2.6.1/nrfxlib/softdevice_controller/lib/cortex-m4/soft-float/libsoftdevice_controller_peripheral.a(libsoftdevice_controller_s112_debug_soft__obfuscated.elf)
 .text          0x00000000000056c4       0x18 C:/ncs/v2.6.1/nrfxlib/softdevice_controller/lib/cortex-m4/soft-float/libsoftdevice_controller_peripheral.a(libsoftdevice_controller_s112_debug_soft__obfuscated.elf)
                0x00000000000056c4                sym_3E5VWVFRMYHMNGUSJEPBKKOP7X6VGWWURR334MQ
 .text          0x00000000000056dc      0x104 C:/ncs/v2.6.1/nrfxlib/softdevice_controller/lib/cortex-m4/soft-float/libsoftdevice_controller_peripheral.a(libsoftdevice_controller_s112_debug_soft__obfuscated.elf)
                0x00000000000056dc                sym_MKU2XEL6QB4MO4JU3HW4P3NALUM7PALQ3OF2VGA
 .text          0x00000000000057e0       0x88 C:/ncs/v2.6.1/nrfxlib/softdevice_controller/lib/cortex-m4/soft-float/libsoftdevice_controller_peripheral.a(libsoftdevice_controller_s112_debug_soft__obfuscated.elf)
 .text          0x0000000000005868       0x24 C:/ncs/v2.6.1/nrfxlib/softdevice_controller/lib/cortex-m4/soft-float/libsoftdevice_controller_peripheral.a(libsoftdevice_controller_s112_debug_soft__obfuscated.elf)
                0x0000000000005868                sym_ECAFXV3NMZ2THIWY27PTYY6WSGFWQJNAJOG5HIY
 .text          0x000000000000588c        0xc C:/ncs/v2.6.1/nrfxlib/softdevice_controller/lib/cortex-m4/soft-float/libsoftdevice_controller_peripheral.a(libsoftdevice_controller_s112_debug_soft__obfuscated.elf)
                0x000000000000588c                sym_FKU5SDIGNJ3CUR3VYEELCK5CK3EK42NLF7KQXSQ
 .text          0x0000000000005898        0xc C:/ncs/v2.6.1/nrfxlib/softdevice_controller/lib/cortex-m4/soft-float/libsoftdevice_controller_peripheral.a(libsoftdevice_controller_s112_debug_soft__obfuscated.elf)
                0x0000000000005898                sym_MD2ACKWOI3UMWSI6IONGH6VN62ROA3VVQP7HYBQ
 .text          0x00000000000058a4       0x60 C:/ncs/v2.6.1/nrfxlib/softdevice_controller/lib/cortex-m4/soft-float/libsoftdevice_controller_peripheral.a(libsoftdevice_controller_s112_debug_soft__obfuscated.elf)
                0x00000000000058a4                sym_VT36OYILRYR2ODZV34U7WHVGGSRS7VN6JG7WPYI
 .text          0x0000000000005904       0x48 C:/ncs/v2.6.1/nrfxlib/softdevice_controller/lib/cortex-m4/soft-float/libsoftdevice_controller_peripheral.a(libsoftdevice_controller_s112_debug_soft__obfuscated.elf)
                0x0000000000005904                sym_3BV6HS2RZST6R6C5ZWOISO6OTZHTSW3BAFXBSVQ
 .text          0x000000000000594c       0x64 C:/ncs/v2.6.1/nrfxlib/softdevice_controller/lib/cortex-m4/soft-float/libsoftdevice_controller_peripheral.a(libsoftdevice_controller_s112_debug_soft__obfuscated.elf)
 .text          0x00000000000059b0       0x90 C:/ncs/v2.6.1/nrfxlib/softdevice_controller/lib/cortex-m4/soft-float/libsoftdevice_controller_peripheral.a(libsoftdevice_controller_s112_debug_soft__obfuscated.elf)
 .text          0x0000000000005a40       0x4c C:/ncs/v2.6.1/nrfxlib/softdevice_controller/lib/cortex-m4/soft-float/libsoftdevice_controller_peripheral.a(libsoftdevice_controller_s112_debug_soft__obfuscated.elf)
 .text          0x0000000000005a8c       0x28 C:/ncs/v2.6.1/nrfxlib/softdevice_controller/lib/cortex-m4/soft-float/libsoftdevice_controller_peripheral.a(libsoftdevice_controller_s112_debug_soft__obfuscated.elf)
 .text          0x0000000000005ab4       0xbc C:/ncs/v2.6.1/nrfxlib/softdevice_controller/lib/cortex-m4/soft-float/libsoftdevice_controller_peripheral.a(libsoftdevice_controller_s112_debug_soft__obfuscated.elf)
 .text          0x0000000000005b70      0x1a0 C:/ncs/v2.6.1/nrfxlib/softdevice_controller/lib/cortex-m4/soft-float/libsoftdevice_controller_peripheral.a(libsoftdevice_controller_s112_debug_soft__obfuscated.elf)
 .text          0x0000000000005d10       0xa8 C:/ncs/v2.6.1/nrfxlib/softdevice_controller/lib/cortex-m4/soft-float/libsoftdevice_controller_peripheral.a(libsoftdevice_controller_s112_debug_soft__obfuscated.elf)
 .text          0x0000000000005db8       0x38 C:/ncs/v2.6.1/nrfxlib/softdevice_controller/lib/cortex-m4/soft-float/libsoftdevice_controller_peripheral.a(libsoftdevice_controller_s112_debug_soft__obfuscated.elf)
 .text          0x0000000000005df0       0x3c C:/ncs/v2.6.1/nrfxlib/softdevice_controller/lib/cortex-m4/soft-float/libsoftdevice_controller_peripheral.a(libsoftdevice_controller_s112_debug_soft__obfuscated.elf)
 .text          0x0000000000005e2c       0x60 C:/ncs/v2.6.1/nrfxlib/softdevice_controller/lib/cortex-m4/soft-float/libsoftdevice_controller_peripheral.a(libsoftdevice_controller_s112_debug_soft__obfuscated.elf)
 .text          0x0000000000005e8c       0x90 C:/ncs/v2.6.1/nrfxlib/softdevice_controller/lib/cortex-m4/soft-float/libsoftdevice_controller_peripheral.a(libsoftdevice_controller_s112_debug_soft__obfuscated.elf)
 .text          0x0000000000005f1c       0xf0 C:/ncs/v2.6.1/nrfxlib/softdevice_controller/lib/cortex-m4/soft-float/libsoftdevice_controller_peripheral.a(libsoftdevice_controller_s112_debug_soft__obfuscated.elf)
                0x0000000000005f1c                sym_FIYSAC63N2FF462LEI76F5US34JKFTAQDSI2LXA
 .text          0x000000000000600c      0x9d0 C:/ncs/v2.6.1/nrfxlib/softdevice_controller/lib/cortex-m4/soft-float/libsoftdevice_controller_peripheral.a(libsoftdevice_controller_s112_debug_soft__obfuscated.elf)
 .text          0x00000000000069dc      0x1e0 C:/ncs/v2.6.1/nrfxlib/softdevice_controller/lib/cortex-m4/soft-float/libsoftdevice_controller_peripheral.a(libsoftdevice_controller_s112_debug_soft__obfuscated.elf)
                0x00000000000069dc                sym_GRKUQI62F6CK2HPCZKZRWSZ3PZVCGXTWPZAIMJA
 .text          0x0000000000006bbc       0x58 C:/ncs/v2.6.1/nrfxlib/softdevice_controller/lib/cortex-m4/soft-float/libsoftdevice_controller_peripheral.a(libsoftdevice_controller_s112_debug_soft__obfuscated.elf)
                0x0000000000006bbc                sym_TLMTJNRYMIPTFJ2BLGCEHSZKVDBLFBSNMQEHHZI
 .text          0x0000000000006c14       0x5c C:/ncs/v2.6.1/nrfxlib/softdevice_controller/lib/cortex-m4/soft-float/libsoftdevice_controller_peripheral.a(libsoftdevice_controller_s112_debug_soft__obfuscated.elf)
                0x0000000000006c14                sym_HT64RIVISXSWFJE3LL26YHKQRTRRXKVEDBUUUOQ
 .text          0x0000000000006c70       0x20 C:/ncs/v2.6.1/nrfxlib/softdevice_controller/lib/cortex-m4/soft-float/libsoftdevice_controller_peripheral.a(libsoftdevice_controller_s112_debug_soft__obfuscated.elf)
 .text          0x0000000000006c90       0x14 C:/ncs/v2.6.1/nrfxlib/softdevice_controller/lib/cortex-m4/soft-float/libsoftdevice_controller_peripheral.a(libsoftdevice_controller_s112_debug_soft__obfuscated.elf)
                0x0000000000006c90                sym_LOTFHGQTFUFWGX7HOTL4Q2XATGIJRVIMCMOYRMA
 .text          0x0000000000006ca4       0x30 C:/ncs/v2.6.1/nrfxlib/softdevice_controller/lib/cortex-m4/soft-float/libsoftdevice_controller_peripheral.a(libsoftdevice_controller_s112_debug_soft__obfuscated.elf)
                0x0000000000006ca4                sym_MDF364N4PQDEA5ZGP5CB3ZDZVZM5Q32KSEZZ5HI
 .text          0x0000000000006cd4       0x34 C:/ncs/v2.6.1/nrfxlib/softdevice_controller/lib/cortex-m4/soft-float/libsoftdevice_controller_peripheral.a(libsoftdevice_controller_s112_debug_soft__obfuscated.elf)
                0x0000000000006cd4                sym_XCEN5K7VEI2CAO42XW7S3FKM3HKMOCDCUFDX25Y
 .text          0x0000000000006d08       0x44 C:/ncs/v2.6.1/nrfxlib/softdevice_controller/lib/cortex-m4/soft-float/libsoftdevice_controller_peripheral.a(libsoftdevice_controller_s112_debug_soft__obfuscated.elf)
                0x0000000000006d08                sym_5DEPI2OGSPXE5OVFBPVFPSPYPRYUQ54QVVXIKNI
 .text          0x0000000000006d4c       0x34 C:/ncs/v2.6.1/nrfxlib/softdevice_controller/lib/cortex-m4/soft-float/libsoftdevice_controller_peripheral.a(libsoftdevice_controller_s112_debug_soft__obfuscated.elf)
                0x0000000000006d4c                sym_KZ5CVONZGMGIGNMI7YD6HLN3FXAAJK6OMEJW6BQ
 .text          0x0000000000006d80       0x28 C:/ncs/v2.6.1/nrfxlib/softdevice_controller/lib/cortex-m4/soft-float/libsoftdevice_controller_peripheral.a(libsoftdevice_controller_s112_debug_soft__obfuscated.elf)
                0x0000000000006d80                sym_ZQHB3ANU2DANFLJZLZL5U4SPQ2ZDVUAHI35744Y
 .text          0x0000000000006da8       0x10 C:/ncs/v2.6.1/nrfxlib/softdevice_controller/lib/cortex-m4/soft-float/libsoftdevice_controller_peripheral.a(libsoftdevice_controller_s112_debug_soft__obfuscated.elf)
                0x0000000000006da8                sym_TRMXENGHOH4VBQQZPIN222FLCEFU3Z3CD5C47DY
 .text          0x0000000000006db8       0x8c C:/ncs/v2.6.1/nrfxlib/softdevice_controller/lib/cortex-m4/soft-float/libsoftdevice_controller_peripheral.a(libsoftdevice_controller_s112_debug_soft__obfuscated.elf)
                0x0000000000006db8                sym_5I5MTMPTF2F4WI7MIXG5OG4TUPLUR53CB2QHVUA
 .text          0x0000000000006e44       0x84 C:/ncs/v2.6.1/nrfxlib/softdevice_controller/lib/cortex-m4/soft-float/libsoftdevice_controller_peripheral.a(libsoftdevice_controller_s112_debug_soft__obfuscated.elf)
                0x0000000000006e44                sym_WLH66EC4H754I3MAYKGHFOCADIOY4E4WNRBI4TA
 .text          0x0000000000006ec8       0x28 C:/ncs/v2.6.1/nrfxlib/softdevice_controller/lib/cortex-m4/soft-float/libsoftdevice_controller_peripheral.a(libsoftdevice_controller_s112_debug_soft__obfuscated.elf)
                0x0000000000006ec8                sym_VIDE7XVSTT4HHX2MQJX6VUVABAKVNGIPRTLRLEQ
 .text          0x0000000000006ef0       0x34 C:/ncs/v2.6.1/nrfxlib/softdevice_controller/lib/cortex-m4/soft-float/libsoftdevice_controller_peripheral.a(libsoftdevice_controller_s112_debug_soft__obfuscated.elf)
                0x0000000000006ef0                sym_3CD5EC6VYR6RXXLO3FXSZQ37BOYSM63APF5D5BA
 .text          0x0000000000006f24       0x6c C:/ncs/v2.6.1/nrfxlib/softdevice_controller/lib/cortex-m4/soft-float/libsoftdevice_controller_peripheral.a(libsoftdevice_controller_s112_debug_soft__obfuscated.elf)
                0x0000000000006f24                sym_FYMYD324TMLKJZE62CZN4WTXFSPL6FPU2SZH6CI
 .text          0x0000000000006f90        0xc C:/ncs/v2.6.1/nrfxlib/softdevice_controller/lib/cortex-m4/soft-float/libsoftdevice_controller_peripheral.a(libsoftdevice_controller_s112_debug_soft__obfuscated.elf)
                0x0000000000006f90                sym_QQVHHHKNBN5TJBK4NCDSUYAMXMOEHFSL7HE7RRA
 .text          0x0000000000006f9c       0x3c C:/ncs/v2.6.1/nrfxlib/softdevice_controller/lib/cortex-m4/soft-float/libsoftdevice_controller_peripheral.a(libsoftdevice_controller_s112_debug_soft__obfuscated.elf)
                0x0000000000006f9c                sym_XPKSFPKFBNSTZZU4FUMGC3XRHAVS24BBL53HRMA
 .text          0x0000000000006fd8       0x60 C:/ncs/v2.6.1/nrfxlib/softdevice_controller/lib/cortex-m4/soft-float/libsoftdevice_controller_peripheral.a(libsoftdevice_controller_s112_debug_soft__obfuscated.elf)
                0x0000000000006fd8                sym_6Q45YYTUN2KDQ5V5UGE3T2LTI5FNGX6WIJYLIDI
 .text          0x0000000000007038       0x28 C:/ncs/v2.6.1/nrfxlib/softdevice_controller/lib/cortex-m4/soft-float/libsoftdevice_controller_peripheral.a(libsoftdevice_controller_s112_debug_soft__obfuscated.elf)
 .text          0x0000000000007060       0x10 C:/ncs/v2.6.1/nrfxlib/softdevice_controller/lib/cortex-m4/soft-float/libsoftdevice_controller_peripheral.a(libsoftdevice_controller_s112_debug_soft__obfuscated.elf)
 .text          0x0000000000007070       0x54 C:/ncs/v2.6.1/nrfxlib/softdevice_controller/lib/cortex-m4/soft-float/libsoftdevice_controller_peripheral.a(libsoftdevice_controller_s112_debug_soft__obfuscated.elf)
 .text          0x00000000000070c4       0x30 C:/ncs/v2.6.1/nrfxlib/softdevice_controller/lib/cortex-m4/soft-float/libsoftdevice_controller_peripheral.a(libsoftdevice_controller_s112_debug_soft__obfuscated.elf)
 .text          0x00000000000070f4       0x34 C:/ncs/v2.6.1/nrfxlib/softdevice_controller/lib/cortex-m4/soft-float/libsoftdevice_controller_peripheral.a(libsoftdevice_controller_s112_debug_soft__obfuscated.elf)
 .text          0x0000000000007128       0x50 C:/ncs/v2.6.1/nrfxlib/softdevice_controller/lib/cortex-m4/soft-float/libsoftdevice_controller_peripheral.a(libsoftdevice_controller_s112_debug_soft__obfuscated.elf)
 .text          0x0000000000007178       0x60 C:/ncs/v2.6.1/nrfxlib/softdevice_controller/lib/cortex-m4/soft-float/libsoftdevice_controller_peripheral.a(libsoftdevice_controller_s112_debug_soft__obfuscated.elf)
 .text          0x00000000000071d8       0x28 C:/ncs/v2.6.1/nrfxlib/softdevice_controller/lib/cortex-m4/soft-float/libsoftdevice_controller_peripheral.a(libsoftdevice_controller_s112_debug_soft__obfuscated.elf)
 .text          0x0000000000007200       0x38 C:/ncs/v2.6.1/nrfxlib/softdevice_controller/lib/cortex-m4/soft-float/libsoftdevice_controller_peripheral.a(libsoftdevice_controller_s112_debug_soft__obfuscated.elf)
 .text          0x0000000000007238       0x20 C:/ncs/v2.6.1/nrfxlib/softdevice_controller/lib/cortex-m4/soft-float/libsoftdevice_controller_peripheral.a(libsoftdevice_controller_s112_debug_soft__obfuscated.elf)
 .text          0x0000000000007258       0x4c C:/ncs/v2.6.1/nrfxlib/softdevice_controller/lib/cortex-m4/soft-float/libsoftdevice_controller_peripheral.a(libsoftdevice_controller_s112_debug_soft__obfuscated.elf)
 .text          0x00000000000072a4       0x50 C:/ncs/v2.6.1/nrfxlib/softdevice_controller/lib/cortex-m4/soft-float/libsoftdevice_controller_peripheral.a(libsoftdevice_controller_s112_debug_soft__obfuscated.elf)
 .text          0x00000000000072f4       0x74 C:/ncs/v2.6.1/nrfxlib/softdevice_controller/lib/cortex-m4/soft-float/libsoftdevice_controller_peripheral.a(libsoftdevice_controller_s112_debug_soft__obfuscated.elf)
                0x00000000000072f4                sym_RUQBFILZ5CHV2AAL6C3D2J5Y33TCCAPZTHBGZ3A
 .text          0x0000000000007368       0x10 C:/ncs/v2.6.1/nrfxlib/softdevice_controller/lib/cortex-m4/soft-float/libsoftdevice_controller_peripheral.a(libsoftdevice_controller_s112_debug_soft__obfuscated.elf)
                0x0000000000007368                sym_DRIMECVE2FH7O6C2LQ25QRVJOICPHLA5GC6TM2I
 .text          0x0000000000007378        0xc C:/ncs/v2.6.1/nrfxlib/softdevice_controller/lib/cortex-m4/soft-float/libsoftdevice_controller_peripheral.a(libsoftdevice_controller_s112_debug_soft__obfuscated.elf)
                0x0000000000007378                sym_ARLNRKQ66P65CL63VENK3NR6NFAZLWPJOOVV7RQ
 .text          0x0000000000007384        0xc C:/ncs/v2.6.1/nrfxlib/softdevice_controller/lib/cortex-m4/soft-float/libsoftdevice_controller_peripheral.a(libsoftdevice_controller_s112_debug_soft__obfuscated.elf)
                0x0000000000007384                sym_YKV5VFBUMD7K2LRWZ6WWYBEL5ESMQ4SDYYBDIPI
 .text          0x0000000000007390        0xc C:/ncs/v2.6.1/nrfxlib/softdevice_controller/lib/cortex-m4/soft-float/libsoftdevice_controller_peripheral.a(libsoftdevice_controller_s112_debug_soft__obfuscated.elf)
                0x0000000000007390                sym_GI7KSEEMTJQ7HR2XTQJ6A3EAB54YYLMWKNL2RBA
 .text          0x000000000000739c       0x58 C:/ncs/v2.6.1/nrfxlib/softdevice_controller/lib/cortex-m4/soft-float/libsoftdevice_controller_peripheral.a(libsoftdevice_controller_s112_debug_soft__obfuscated.elf)
                0x000000000000739c                sym_5CHOZAQ75MOW32NPEGX5AYLDFVQR6HZCDXZY5PQ
 .text          0x00000000000073f4       0x24 C:/ncs/v2.6.1/nrfxlib/softdevice_controller/lib/cortex-m4/soft-float/libsoftdevice_controller_peripheral.a(libsoftdevice_controller_s112_debug_soft__obfuscated.elf)
                0x00000000000073f4                sym_YUNWMAOOL6VPZ57LS54EAM7TJ65IEHYU7XKGKUI
 .text          0x0000000000007418      0x118 C:/ncs/v2.6.1/nrfxlib/softdevice_controller/lib/cortex-m4/soft-float/libsoftdevice_controller_peripheral.a(libsoftdevice_controller_s112_debug_soft__obfuscated.elf)
                0x0000000000007418                sym_JQ5GTNCJKXERB3SSKQRXLQOKWJQVRNEOVZZZVXI
 .text          0x0000000000007530        0xc C:/ncs/v2.6.1/nrfxlib/softdevice_controller/lib/cortex-m4/soft-float/libsoftdevice_controller_peripheral.a(libsoftdevice_controller_s112_debug_soft__obfuscated.elf)
                0x0000000000007530                sym_HE5JGYEZFIITGQL7PMATDHSORSCK7HJIY5UXOZA
 .text          0x000000000000753c       0x14 C:/ncs/v2.6.1/nrfxlib/softdevice_controller/lib/cortex-m4/soft-float/libsoftdevice_controller_peripheral.a(libsoftdevice_controller_s112_debug_soft__obfuscated.elf)
                0x000000000000753c                sym_YLRTPBVG5ROXKOW4KXUYITRUY3FD2MVZW5LF7ZA
 .text          0x0000000000007550       0x38 C:/ncs/v2.6.1/nrfxlib/softdevice_controller/lib/cortex-m4/soft-float/libsoftdevice_controller_peripheral.a(libsoftdevice_controller_s112_debug_soft__obfuscated.elf)
                0x0000000000007550                sym_GVSNNBZMBIJOMUA3FPIAVVC7S5MNBYUF4QELXZA
 .text          0x0000000000007588        0xc C:/ncs/v2.6.1/nrfxlib/softdevice_controller/lib/cortex-m4/soft-float/libsoftdevice_controller_peripheral.a(libsoftdevice_controller_s112_debug_soft__obfuscated.elf)
                0x0000000000007588                sym_ZQE76VUU7S5U7DETTZA65E75LHFWL5PGRN4JPHI
 .text          0x0000000000007594       0x74 C:/ncs/v2.6.1/nrfxlib/softdevice_controller/lib/cortex-m4/soft-float/libsoftdevice_controller_peripheral.a(libsoftdevice_controller_s112_debug_soft__obfuscated.elf)
                0x0000000000007594                sym_6PPYXQQOLTVZ6DHASA45P4Y6MOJ5US37OHECCGI
 .text          0x0000000000007608       0x94 C:/ncs/v2.6.1/nrfxlib/softdevice_controller/lib/cortex-m4/soft-float/libsoftdevice_controller_peripheral.a(libsoftdevice_controller_s112_debug_soft__obfuscated.elf)
                0x0000000000007608                sym_A5S3P57NWYYY5XJWBYERU6H4QSVP5TCTU7HKA5Y
 .text          0x000000000000769c       0x8c C:/ncs/v2.6.1/nrfxlib/softdevice_controller/lib/cortex-m4/soft-float/libsoftdevice_controller_peripheral.a(libsoftdevice_controller_s112_debug_soft__obfuscated.elf)
                0x000000000000769c                sym_2YSDS7VWGMSD5CN64D2VGQIYXBV3A6NJCHWFZEY
 .text          0x0000000000007728       0xd0 C:/ncs/v2.6.1/nrfxlib/softdevice_controller/lib/cortex-m4/soft-float/libsoftdevice_controller_peripheral.a(libsoftdevice_controller_s112_debug_soft__obfuscated.elf)
                0x0000000000007728                sym_WJZCKVDJU3WW5NVNH77DPRGYVZQLD372GLDYO6I
 .text          0x00000000000077f8       0xf8 C:/ncs/v2.6.1/nrfxlib/softdevice_controller/lib/cortex-m4/soft-float/libsoftdevice_controller_peripheral.a(libsoftdevice_controller_s112_debug_soft__obfuscated.elf)
                0x00000000000077f8                sym_E7IS652W2J5N5UTHP752WOA4YNSR7E5S5H4J2AA
 .text          0x00000000000078f0        0xc C:/ncs/v2.6.1/nrfxlib/softdevice_controller/lib/cortex-m4/soft-float/libsoftdevice_controller_peripheral.a(libsoftdevice_controller_s112_debug_soft__obfuscated.elf)
                0x00000000000078f0                sym_XD56LJG2JTRU4Q2V7WCY72EI3VTZICA3O4ERV2A
 .text          0x00000000000078fc       0x10 C:/ncs/v2.6.1/nrfxlib/softdevice_controller/lib/cortex-m4/soft-float/libsoftdevice_controller_peripheral.a(libsoftdevice_controller_s112_debug_soft__obfuscated.elf)
                0x00000000000078fc                sym_YG4UROEKVB7ZBE5TWHLNJHYKSFBTXGBYAX3RXRI
 .text          0x000000000000790c       0x24 C:/ncs/v2.6.1/nrfxlib/softdevice_controller/lib/cortex-m4/soft-float/libsoftdevice_controller_peripheral.a(libsoftdevice_controller_s112_debug_soft__obfuscated.elf)
                0x000000000000790c                sym_LPFN6QJEOHBT4AP2K7MEYWDZW35U5VHIHXOA54I
 .text          0x0000000000007930       0x58 C:/ncs/v2.6.1/nrfxlib/softdevice_controller/lib/cortex-m4/soft-float/libsoftdevice_controller_peripheral.a(libsoftdevice_controller_s112_debug_soft__obfuscated.elf)
                0x0000000000007930                sym_7CIQBS4FNO23MS6BAN7Q3LK45R62DBPT5FNCWOA
 .text          0x0000000000007988       0x48 C:/ncs/v2.6.1/nrfxlib/softdevice_controller/lib/cortex-m4/soft-float/libsoftdevice_controller_peripheral.a(libsoftdevice_controller_s112_debug_soft__obfuscated.elf)
                0x0000000000007988                sym_Y6HXZQJARJ7FDWKGPREPQGRRGDOQMXHDALUK6KY
 .text          0x00000000000079d0       0x18 C:/ncs/v2.6.1/nrfxlib/softdevice_controller/lib/cortex-m4/soft-float/libsoftdevice_controller_peripheral.a(libsoftdevice_controller_s112_debug_soft__obfuscated.elf)
                0x00000000000079d0                sym_RXYEX777ZXB2E2DXJWDBCV7AAHWTCHNTLOSENBY
 .text          0x00000000000079e8       0x1c C:/ncs/v2.6.1/nrfxlib/softdevice_controller/lib/cortex-m4/soft-float/libsoftdevice_controller_peripheral.a(libsoftdevice_controller_s112_debug_soft__obfuscated.elf)
                0x00000000000079e8                sym_PCLF3MATC3G3MYGRPG4ATMGCS6N4B7M5CSF2C2Y
 .text          0x0000000000007a04       0x18 C:/ncs/v2.6.1/nrfxlib/softdevice_controller/lib/cortex-m4/soft-float/libsoftdevice_controller_peripheral.a(libsoftdevice_controller_s112_debug_soft__obfuscated.elf)
                0x0000000000007a04                sym_EZCFQXKGAFHY5HQVJOXWDLO45XWMEJQY5WUGZNI
 .text          0x0000000000007a1c       0x40 C:/ncs/v2.6.1/nrfxlib/softdevice_controller/lib/cortex-m4/soft-float/libsoftdevice_controller_peripheral.a(libsoftdevice_controller_s112_debug_soft__obfuscated.elf)
                0x0000000000007a1c                sym_2GNBSSSS7HPV6RZQ52VFCGRXSPA3KLWISQSF42I
 .text          0x0000000000007a5c       0x10 C:/ncs/v2.6.1/nrfxlib/softdevice_controller/lib/cortex-m4/soft-float/libsoftdevice_controller_peripheral.a(libsoftdevice_controller_s112_debug_soft__obfuscated.elf)
                0x0000000000007a5c                sym_VEC44ISWPJAJ32J57NYIBEMC7Q6QEP7J6SVR4BQ
 .text          0x0000000000007a6c       0x18 C:/ncs/v2.6.1/nrfxlib/softdevice_controller/lib/cortex-m4/soft-float/libsoftdevice_controller_peripheral.a(libsoftdevice_controller_s112_debug_soft__obfuscated.elf)
                0x0000000000007a6c                sym_LSYZDZOMTD6BKKRX25HIBNLFKSFDXBS3PS4UKOY
 .text          0x0000000000007a84      0x230 C:/ncs/v2.6.1/nrfxlib/softdevice_controller/lib/cortex-m4/soft-float/libsoftdevice_controller_peripheral.a(libsoftdevice_controller_s112_debug_soft__obfuscated.elf)
                0x0000000000007a84                sym_EMR2H7KEGRFFKS6A4P3ZPPGOJSTVXLGRI25MEYQ
 .text          0x0000000000007cb4       0x10 C:/ncs/v2.6.1/nrfxlib/softdevice_controller/lib/cortex-m4/soft-float/libsoftdevice_controller_peripheral.a(libsoftdevice_controller_s112_debug_soft__obfuscated.elf)
                0x0000000000007cb4                sym_V67AIMSO57NYVNGXZF2PDQSJQJLITHU4KD4CKAY
 .text          0x0000000000007cc4        0xc C:/ncs/v2.6.1/nrfxlib/softdevice_controller/lib/cortex-m4/soft-float/libsoftdevice_controller_peripheral.a(libsoftdevice_controller_s112_debug_soft__obfuscated.elf)
                0x0000000000007cc4                sym_UX6VBOIQ7ULLMX3I6UDFOFZ6IT2DVZKKVIEVRMY
 .text          0x0000000000007cd0       0x10 C:/ncs/v2.6.1/nrfxlib/softdevice_controller/lib/cortex-m4/soft-float/libsoftdevice_controller_peripheral.a(libsoftdevice_controller_s112_debug_soft__obfuscated.elf)
                0x0000000000007cd0                sym_L4JTLGMK2AWYAAPRB3O77773SG36X2NTZJ3FAHA
 .text          0x0000000000007ce0       0x1c C:/ncs/v2.6.1/nrfxlib/softdevice_controller/lib/cortex-m4/soft-float/libsoftdevice_controller_peripheral.a(libsoftdevice_controller_s112_debug_soft__obfuscated.elf)
                0x0000000000007ce0                sym_WD6EQ3FQVKOAARDWHQJJC5SVKHQS7A2MF5YDCPA
 .text          0x0000000000007cfc       0x1c C:/ncs/v2.6.1/nrfxlib/softdevice_controller/lib/cortex-m4/soft-float/libsoftdevice_controller_peripheral.a(libsoftdevice_controller_s112_debug_soft__obfuscated.elf)
                0x0000000000007cfc                sym_WGW6HZ6PNLYQSUJALICWZO27AY5UJWYCU6B6ACI
 .text          0x0000000000007d18       0x34 C:/ncs/v2.6.1/nrfxlib/softdevice_controller/lib/cortex-m4/soft-float/libsoftdevice_controller_peripheral.a(libsoftdevice_controller_s112_debug_soft__obfuscated.elf)
                0x0000000000007d18                sym_7VLVVPDI26BVJ64XQBSGXOQYGQA4VH5APIPDGYA
 .text          0x0000000000007d4c       0x38 C:/ncs/v2.6.1/nrfxlib/softdevice_controller/lib/cortex-m4/soft-float/libsoftdevice_controller_peripheral.a(libsoftdevice_controller_s112_debug_soft__obfuscated.elf)
                0x0000000000007d4c                sym_55XNA7W2CQFJPCH62ZAKHLPISYHJ7KMNREEN6EA
 .text          0x0000000000007d84       0xc0 C:/ncs/v2.6.1/nrfxlib/softdevice_controller/lib/cortex-m4/soft-float/libsoftdevice_controller_peripheral.a(libsoftdevice_controller_s112_debug_soft__obfuscated.elf)
                0x0000000000007d84                sym_472GCM45ITLH5GOXITRUEUJXOU6SPVHTMEVFHWQ
 .text          0x0000000000007e44        0xc C:/ncs/v2.6.1/nrfxlib/mpsl/fem/common/lib/cortex-m4/soft-float/libmpsl_fem_common.a(libmpsl_fem_common_debug_soft__obfuscated.elf)
                0x0000000000007e44                mpsl_fem_disable
 .text          0x0000000000007e50        0xc C:/ncs/v2.6.1/nrfxlib/mpsl/fem/common/lib/cortex-m4/soft-float/libmpsl_fem_common.a(libmpsl_fem_common_debug_soft__obfuscated.elf)
                0x0000000000007e50                mpsl_fem_pa_configuration_set
 .text          0x0000000000007e5c        0xc C:/ncs/v2.6.1/nrfxlib/mpsl/fem/common/lib/cortex-m4/soft-float/libmpsl_fem_common.a(libmpsl_fem_common_debug_soft__obfuscated.elf)
                0x0000000000007e5c                mpsl_fem_lna_configuration_set
 .text          0x0000000000007e68        0xc C:/ncs/v2.6.1/nrfxlib/mpsl/fem/common/lib/cortex-m4/soft-float/libmpsl_fem_common.a(libmpsl_fem_common_debug_soft__obfuscated.elf)
                0x0000000000007e68                mpsl_fem_pa_configuration_clear
 .text          0x0000000000007e74        0xc C:/ncs/v2.6.1/nrfxlib/mpsl/fem/common/lib/cortex-m4/soft-float/libmpsl_fem_common.a(libmpsl_fem_common_debug_soft__obfuscated.elf)
                0x0000000000007e74                mpsl_fem_lna_configuration_clear
 .text          0x0000000000007e80        0xc C:/ncs/v2.6.1/nrfxlib/mpsl/fem/common/lib/cortex-m4/soft-float/libmpsl_fem_common.a(libmpsl_fem_common_debug_soft__obfuscated.elf)
                0x0000000000007e80                mpsl_fem_pa_gain_set
 .text          0x0000000000007e8c        0xc C:/ncs/v2.6.1/nrfxlib/mpsl/fem/common/lib/cortex-m4/soft-float/libmpsl_fem_common.a(libmpsl_fem_common_debug_soft__obfuscated.elf)
                0x0000000000007e8c                mpsl_fem_pa_is_configured
 .text          0x0000000000007e98        0xc C:/ncs/v2.6.1/nrfxlib/mpsl/fem/common/lib/cortex-m4/soft-float/libmpsl_fem_common.a(libmpsl_fem_common_debug_soft__obfuscated.elf)
                0x0000000000007e98                mpsl_fem_lna_is_configured
 .text          0x0000000000007ea4       0x14 C:/ncs/v2.6.1/nrfxlib/mpsl/fem/common/lib/cortex-m4/soft-float/libmpsl_fem_common.a(libmpsl_fem_common_debug_soft__obfuscated.elf)
                0x0000000000007ea4                mpsl_fem_tx_power_split
 .text          0x0000000000007eb8        0xc C:/ncs/v2.6.1/nrfxlib/mpsl/fem/common/lib/cortex-m4/soft-float/libmpsl_fem_common.a(libmpsl_fem_common_debug_soft__obfuscated.elf)
                0x0000000000007eb8                mpsl_fem_device_config_254_apply_get
 .text          0x0000000000007ec4        0xc C:/ncs/v2.6.1/nrfxlib/mpsl/lib/cortex-m4/soft-float/libmpsl.a(libmpsl_debug_soft__obfuscated.elf)
                0x0000000000007ec4                sym_3NUECOSAIC227DBCPHAP4U7EQ3UBTGANU5ASIOA
 .text          0x0000000000007ed0       0x34 C:/ncs/v2.6.1/nrfxlib/mpsl/lib/cortex-m4/soft-float/libmpsl.a(libmpsl_debug_soft__obfuscated.elf)
                0x0000000000007ed0                sym_QLJBNB55XHXGY3EZ4W3ZZ3U6AVPE2YGDOXRUZSQ
 .text          0x0000000000007f04       0x54 C:/ncs/v2.6.1/nrfxlib/mpsl/lib/cortex-m4/soft-float/libmpsl.a(libmpsl_debug_soft__obfuscated.elf)
                0x0000000000007f04                sym_VWOYI7XCNXBFVPWSS6WFJ2CWKPJYCMRRQTU7QWQ
 .text          0x0000000000007f58       0x20 C:/ncs/v2.6.1/nrfxlib/mpsl/lib/cortex-m4/soft-float/libmpsl.a(libmpsl_debug_soft__obfuscated.elf)
                0x0000000000007f58                mpsl_tx_power_radio_supported_power_adjust
 .text          0x0000000000007f78       0x80 C:/ncs/v2.6.1/nrfxlib/mpsl/lib/cortex-m4/soft-float/libmpsl.a(libmpsl_debug_soft__obfuscated.elf)
                0x0000000000007f78                sym_JBMIQXYLJQQB56KLSIZ2WVKBMEMRZHLRBGLEPTA
 .text          0x0000000000007ff8       0x58 C:/ncs/v2.6.1/nrfxlib/mpsl/lib/cortex-m4/soft-float/libmpsl.a(libmpsl_debug_soft__obfuscated.elf)
 .text          0x0000000000008050       0x1c C:/ncs/v2.6.1/nrfxlib/mpsl/lib/cortex-m4/soft-float/libmpsl.a(libmpsl_debug_soft__obfuscated.elf)
 .text          0x000000000000806c       0x7c C:/ncs/v2.6.1/nrfxlib/mpsl/lib/cortex-m4/soft-float/libmpsl.a(libmpsl_debug_soft__obfuscated.elf)
                0x000000000000806c                mpsl_timeslot_session_open
 .text          0x00000000000080e8        0xc C:/ncs/v2.6.1/nrfxlib/mpsl/lib/cortex-m4/soft-float/libmpsl.a(libmpsl_debug_soft__obfuscated.elf)
                0x00000000000080e8                sym_SKFSQME5SGNPYLL7B75KY7PHXFYWSRI2HSTT45A
 .text          0x00000000000080f4       0x1c C:/ncs/v2.6.1/nrfxlib/mpsl/lib/cortex-m4/soft-float/libmpsl.a(libmpsl_debug_soft__obfuscated.elf)
                0x00000000000080f4                sym_4RNEPYYQOFM4LAOGLN2TB27X7L3XBISTGAWYOHQ
 .text          0x0000000000008110       0x2c C:/ncs/v2.6.1/nrfxlib/mpsl/lib/cortex-m4/soft-float/libmpsl.a(libmpsl_debug_soft__obfuscated.elf)
                0x0000000000008110                sym_WTOZYVN52TSAPXLTHQQLG45KSAFDDSBJMHMFM6Q
 .text          0x000000000000813c       0x1c C:/ncs/v2.6.1/nrfxlib/mpsl/lib/cortex-m4/soft-float/libmpsl.a(libmpsl_debug_soft__obfuscated.elf)
                0x000000000000813c                sym_XYQTP7YX2XFVREW5KFDH2NNPGRIPEHKIO2RURYI
 .text          0x0000000000008158       0x6c C:/ncs/v2.6.1/nrfxlib/mpsl/lib/cortex-m4/soft-float/libmpsl.a(libmpsl_debug_soft__obfuscated.elf)
                0x0000000000008158                sym_V6OT7EKSQC3XEJK5ZWNACQF7LLICCSE7X3C3ECY
 .text          0x00000000000081c4       0x58 C:/ncs/v2.6.1/nrfxlib/mpsl/lib/cortex-m4/soft-float/libmpsl.a(libmpsl_debug_soft__obfuscated.elf)
                0x00000000000081c4                sym_AOU55ZK756JLPLCLZ5TZSSVKOAWWFUNQZATBXUI
 .text          0x000000000000821c       0xb4 C:/ncs/v2.6.1/nrfxlib/mpsl/lib/cortex-m4/soft-float/libmpsl.a(libmpsl_debug_soft__obfuscated.elf)
                0x000000000000821c                sym_OLT7BBJAMRJJV5HK3QZCAOG3B3FGZ46HFC5VINI
 .text          0x00000000000082d0       0x34 C:/ncs/v2.6.1/nrfxlib/mpsl/lib/cortex-m4/soft-float/libmpsl.a(libmpsl_debug_soft__obfuscated.elf)
                0x00000000000082d0                sym_PITJNQC6YSCEFAH23N5QRORZDKCSKOAUGBUS6GA
 .text          0x0000000000008304       0x20 C:/ncs/v2.6.1/nrfxlib/mpsl/lib/cortex-m4/soft-float/libmpsl.a(libmpsl_debug_soft__obfuscated.elf)
                0x0000000000008304                sym_MLZNDMDYRI6WNTNQ4RIQGPD423CK7RT4YVI5CAI
 .text          0x0000000000008324       0x20 C:/ncs/v2.6.1/nrfxlib/mpsl/lib/cortex-m4/soft-float/libmpsl.a(libmpsl_debug_soft__obfuscated.elf)
                0x0000000000008324                sym_RWBLK2534FJMTER76IYUPZQ3YF74JEALZ2OBIDI
 .text          0x0000000000008344       0x20 C:/ncs/v2.6.1/nrfxlib/mpsl/lib/cortex-m4/soft-float/libmpsl.a(libmpsl_debug_soft__obfuscated.elf)
                0x0000000000008344                sym_HVFGTYCGAECGUJHOFSPMGUV2G4PTWWUYTJVAPNA
 .text          0x0000000000008364       0x2c C:/ncs/v2.6.1/nrfxlib/mpsl/lib/cortex-m4/soft-float/libmpsl.a(libmpsl_debug_soft__obfuscated.elf)
                0x0000000000008364                MPSL_IRQ_RADIO_Handler
 .text          0x0000000000008390       0x54 C:/ncs/v2.6.1/nrfxlib/mpsl/lib/cortex-m4/soft-float/libmpsl.a(libmpsl_debug_soft__obfuscated.elf)
                0x0000000000008390                sym_XEJLNUQGS5P4R5IXDJFF6NE6C2FZWRZYDQOGMPI
 .text          0x00000000000083e4        0xc C:/ncs/v2.6.1/nrfxlib/mpsl/lib/cortex-m4/soft-float/libmpsl.a(libmpsl_debug_soft__obfuscated.elf)
                0x00000000000083e4                sym_ETIE3PCEXQYLK2GIVZENQ6V7PLBRV57MB7BDMNY
 .text          0x00000000000083f0        0xc C:/ncs/v2.6.1/nrfxlib/mpsl/lib/cortex-m4/soft-float/libmpsl.a(libmpsl_debug_soft__obfuscated.elf)
                0x00000000000083f0                sym_MGDULS4U2D5VQ5NBLZDC7UTSC6O3GJASJZPQJ2Q
 .text          0x00000000000083fc       0x28 C:/ncs/v2.6.1/nrfxlib/mpsl/lib/cortex-m4/soft-float/libmpsl.a(libmpsl_debug_soft__obfuscated.elf)
                0x00000000000083fc                sym_PEUB6CZG5CWXXD4M2S6OVBXZGDFOG4XII7USUDQ
 .text          0x0000000000008424       0x38 C:/ncs/v2.6.1/nrfxlib/mpsl/lib/cortex-m4/soft-float/libmpsl.a(libmpsl_debug_soft__obfuscated.elf)
                0x0000000000008424                mpsl_clock_hfclk_request
 .text          0x000000000000845c       0x34 C:/ncs/v2.6.1/nrfxlib/mpsl/lib/cortex-m4/soft-float/libmpsl.a(libmpsl_debug_soft__obfuscated.elf)
 .text          0x0000000000008490       0x38 C:/ncs/v2.6.1/nrfxlib/mpsl/lib/cortex-m4/soft-float/libmpsl.a(libmpsl_debug_soft__obfuscated.elf)
                0x0000000000008490                sym_AF5XKA2WT4DMFZTLKHOBWE7E2EZAMLDDFPQGGTQ
 .text          0x00000000000084c8       0x1c C:/ncs/v2.6.1/nrfxlib/mpsl/lib/cortex-m4/soft-float/libmpsl.a(libmpsl_debug_soft__obfuscated.elf)
                0x00000000000084c8                mpsl_clock_hfclk_release